Archive member included to satisfy reference by file (symbol)

d:/gcc-arm-none-eabi-10-2020-q4-major-win32/gcc-arm-none-eabi-10-2020-q4-major/bin/../lib/gcc/arm-none-eabi/10.2.1/thumb/v7-m/nofp\libgcc.a(_arm_muldf3.o)
                              CMakeFiles/holtek.elf.dir/bsp/motor_control.c.obj (__aeabi_dmul)
d:/gcc-arm-none-eabi-10-2020-q4-major-win32/gcc-arm-none-eabi-10-2020-q4-major/bin/../lib/gcc/arm-none-eabi/10.2.1/thumb/v7-m/nofp\libgcc.a(_arm_mulsf3.o)
                              CMakeFiles/holtek.elf.dir/bsp/motor_control.c.obj (__aeabi_fmul)
d:/gcc-arm-none-eabi-10-2020-q4-major-win32/gcc-arm-none-eabi-10-2020-q4-major/bin/../lib/gcc/arm-none-eabi/10.2.1/thumb/v7-m/nofp\libgcc.a(_arm_addsubdf3.o)
                              CMakeFiles/holtek.elf.dir/bsp/motor_control.c.obj (__aeabi_dsub)
d:/gcc-arm-none-eabi-10-2020-q4-major-win32/gcc-arm-none-eabi-10-2020-q4-major/bin/../lib/gcc/arm-none-eabi/10.2.1/thumb/v7-m/nofp\libgcc.a(_arm_truncdfsf2.o)
                              CMakeFiles/holtek.elf.dir/bsp/motor_control.c.obj (__aeabi_d2f)
d:/gcc-arm-none-eabi-10-2020-q4-major-win32/gcc-arm-none-eabi-10-2020-q4-major/bin/../lib/gcc/arm-none-eabi/10.2.1/thumb/v7-m/nofp\libgcc.a(_arm_addsubsf3.o)
                              CMakeFiles/holtek.elf.dir/bsp/pid_.c.obj (__aeabi_fsub)
d:/gcc-arm-none-eabi-10-2020-q4-major-win32/gcc-arm-none-eabi-10-2020-q4-major/bin/../lib/gcc/arm-none-eabi/10.2.1/thumb/v7-m/nofp\libgcc.a(_arm_cmpsf2.o)
                              CMakeFiles/holtek.elf.dir/bsp/pid_.c.obj (__aeabi_fcmplt)
d:/gcc-arm-none-eabi-10-2020-q4-major-win32/gcc-arm-none-eabi-10-2020-q4-major/bin/../lib/gcc/arm-none-eabi/10.2.1/thumb/v7-m/nofp\libgcc.a(_arm_fixsfsi.o)
                              CMakeFiles/holtek.elf.dir/bsp/motor_control.c.obj (__aeabi_f2iz)
d:/gcc-arm-none-eabi-10-2020-q4-major-win32/gcc-arm-none-eabi-10-2020-q4-major/bin/../lib/gcc/arm-none-eabi/10.2.1/thumb/v7-m/nofp\libgcc.a(_arm_fixunssfsi.o)
                              CMakeFiles/holtek.elf.dir/bsp/my_led.c.obj (__aeabi_f2uiz)
d:/gcc-arm-none-eabi-10-2020-q4-major-win32/gcc-arm-none-eabi-10-2020-q4-major/bin/../lib/gcc/arm-none-eabi/10.2.1/../../../../arm-none-eabi/lib/thumb/v7-m/nofp\libg.a(lib_a-errno.o)
                              CMakeFiles/holtek.elf.dir/Src/syscalls.c.obj (__errno)
d:/gcc-arm-none-eabi-10-2020-q4-major-win32/gcc-arm-none-eabi-10-2020-q4-major/bin/../lib/gcc/arm-none-eabi/10.2.1/../../../../arm-none-eabi/lib/thumb/v7-m/nofp\libg.a(lib_a-exit.o)
                              d:/gcc-arm-none-eabi-10-2020-q4-major-win32/gcc-arm-none-eabi-10-2020-q4-major/bin/../lib/gcc/arm-none-eabi/10.2.1/../../../../arm-none-eabi/lib/thumb/v7-m/nofp/crt0.o (exit)
d:/gcc-arm-none-eabi-10-2020-q4-major-win32/gcc-arm-none-eabi-10-2020-q4-major/bin/../lib/gcc/arm-none-eabi/10.2.1/../../../../arm-none-eabi/lib/thumb/v7-m/nofp\libg.a(lib_a-impure.o)
                              d:/gcc-arm-none-eabi-10-2020-q4-major-win32/gcc-arm-none-eabi-10-2020-q4-major/bin/../lib/gcc/arm-none-eabi/10.2.1/../../../../arm-none-eabi/lib/thumb/v7-m/nofp\libg.a(lib_a-exit.o) (_global_impure_ptr)
d:/gcc-arm-none-eabi-10-2020-q4-major-win32/gcc-arm-none-eabi-10-2020-q4-major/bin/../lib/gcc/arm-none-eabi/10.2.1/../../../../arm-none-eabi/lib/thumb/v7-m/nofp\libg.a(lib_a-init.o)
                              d:/gcc-arm-none-eabi-10-2020-q4-major-win32/gcc-arm-none-eabi-10-2020-q4-major/bin/../lib/gcc/arm-none-eabi/10.2.1/../../../../arm-none-eabi/lib/thumb/v7-m/nofp/crt0.o (__libc_init_array)
d:/gcc-arm-none-eabi-10-2020-q4-major-win32/gcc-arm-none-eabi-10-2020-q4-major/bin/../lib/gcc/arm-none-eabi/10.2.1/../../../../arm-none-eabi/lib/thumb/v7-m/nofp\libg.a(lib_a-memset.o)
                              d:/gcc-arm-none-eabi-10-2020-q4-major-win32/gcc-arm-none-eabi-10-2020-q4-major/bin/../lib/gcc/arm-none-eabi/10.2.1/../../../../arm-none-eabi/lib/thumb/v7-m/nofp/crt0.o (memset)
d:/gcc-arm-none-eabi-10-2020-q4-major-win32/gcc-arm-none-eabi-10-2020-q4-major/bin/../lib/gcc/arm-none-eabi/10.2.1/../../../../arm-none-eabi/lib/thumb/v7-m/nofp\libg.a(lib_a-printf.o)
                              CMakeFiles/holtek.elf.dir/bsp/bsp_uart.c.obj (printf)
d:/gcc-arm-none-eabi-10-2020-q4-major-win32/gcc-arm-none-eabi-10-2020-q4-major/bin/../lib/gcc/arm-none-eabi/10.2.1/../../../../arm-none-eabi/lib/thumb/v7-m/nofp\libg.a(lib_a-setvbuf.o)
                              CMakeFiles/holtek.elf.dir/bsp/retarget.c.obj (setvbuf)
d:/gcc-arm-none-eabi-10-2020-q4-major-win32/gcc-arm-none-eabi-10-2020-q4-major/bin/../lib/gcc/arm-none-eabi/10.2.1/../../../../arm-none-eabi/lib/thumb/v7-m/nofp\libg.a(lib_a-vfprintf.o)
                              d:/gcc-arm-none-eabi-10-2020-q4-major-win32/gcc-arm-none-eabi-10-2020-q4-major/bin/../lib/gcc/arm-none-eabi/10.2.1/../../../../arm-none-eabi/lib/thumb/v7-m/nofp\libg.a(lib_a-printf.o) (_vfprintf_r)
[...]
Memory Configuration

Name             Origin             Length             Attributes
RAM              0x20000000         0x0000c000         xrw
FLASH            0x08000000         0x00040000         xr
*default*        0x00000000         0xffffffff

Linker script and memory map

LOAD d:/gcc-arm-none-eabi-10-2020-q4-major-win32/gcc-arm-none-eabi-10-2020-q4-major/bin/../lib/gcc/arm-none-eabi/10.2.1/thumb/v7-m/nofp/crti.o
LOAD d:/gcc-arm-none-eabi-10-2020-q4-major-win32/gcc-arm-none-eabi-10-2020-q4-major/bin/../lib/gcc/arm-none-eabi/10.2.1/thumb/v7-m/nofp/crtbegin.o
LOAD d:/gcc-arm-none-eabi-10-2020-q4-major-win32/gcc-arm-none-eabi-10-2020-q4-major/bin/../lib/gcc/arm-none-eabi/10.2.1/../../../../arm-none-eabi/lib/thumb/v7-m/nofp/crt0.o
LOAD CMakeFiles/holtek.elf.dir/Drivers/STM32F1xx_HAL_Driver/Src/stm32f1xx_hal.c.obj
LOAD CMakeFiles/holtek.elf.dir/Drivers/STM32F1xx_HAL_Driver/Src/stm32f1xx_hal_adc.c.obj
LOAD CMakeFiles/holtek.elf.dir/Drivers/STM32F1xx_HAL_Driver/Src/stm32f1xx_hal_adc_ex.c.obj
LOAD CMakeFiles/holtek.elf.dir/Drivers/STM32F1xx_HAL_Driver/Src/stm32f1xx_hal_cortex.c.obj
LOAD CMakeFiles/holtek.elf.dir/Drivers/STM32F1xx_HAL_Driver/Src/stm32f1xx_hal_dma.c.obj
LOAD CMakeFiles/holtek.elf.dir/Drivers/STM32F1xx_HAL_Driver/Src/stm32f1xx_hal_exti.c.obj
LOAD CMakeFiles/holtek.elf.dir/Drivers/STM32F1xx_HAL_Driver/Src/stm32f1xx_hal_flash.c.obj
LOAD CMakeFiles/holtek.elf.dir/Drivers/STM32F1xx_HAL_Driver/Src/stm32f1xx_hal_flash_ex.c.obj
LOAD CMakeFiles/holtek.elf.dir/Drivers/STM32F1xx_HAL_Driver/Src/stm32f1xx_hal_gpio.c.obj
LOAD CMakeFiles/holtek.elf.dir/Drivers/STM32F1xx_HAL_Driver/Src/stm32f1xx_hal_gpio_ex.c.obj
LOAD CMakeFiles/holtek.elf.dir/Drivers/STM32F1xx_HAL_Driver/Src/stm32f1xx_hal_pwr.c.obj
LOAD CMakeFiles/holtek.elf.dir/Drivers/STM32F1xx_HAL_Driver/Src/stm32f1xx_hal_rcc.c.obj
LOAD CMakeFiles/holtek.elf.dir/Drivers/STM32F1xx_HAL_Driver/Src/stm32f1xx_hal_rcc_ex.c.obj
LOAD CMakeFiles/holtek.elf.dir/Drivers/STM32F1xx_HAL_Driver/Src/stm32f1xx_hal_tim.c.obj
LOAD CMakeFiles/holtek.elf.dir/Drivers/STM32F1xx_HAL_Driver/Src/stm32f1xx_hal_tim_ex.c.obj
LOAD CMakeFiles/holtek.elf.dir/Drivers/STM32F1xx_HAL_Driver/Src/stm32f1xx_hal_uart.c.obj
LOAD CMakeFiles/holtek.elf.dir/Src/adc.c.obj
LOAD CMakeFiles/holtek.elf.dir/Src/gpio.c.obj
LOAD CMakeFiles/holtek.elf.dir/Src/main.c.obj
LOAD CMakeFiles/holtek.elf.dir/Src/stm32f1xx_hal_msp.c.obj
LOAD CMakeFiles/holtek.elf.dir/Src/stm32f1xx_it.c.obj
LOAD CMakeFiles/holtek.elf.dir/Src/syscalls.c.obj
LOAD CMakeFiles/holtek.elf.dir/Src/system_stm32f1xx.c.obj
LOAD CMakeFiles/holtek.elf.dir/Src/tim.c.obj
LOAD CMakeFiles/holtek.elf.dir/Src/usart.c.obj
LOAD CMakeFiles/holtek.elf.dir/bsp/LCD_Driver.c.obj
LOAD CMakeFiles/holtek.elf.dir/bsp/bsp_delay.c.obj
LOAD CMakeFiles/holtek.elf.dir/bsp/bsp_uart.c.obj
LOAD CMakeFiles/holtek.elf.dir/bsp/led.c.obj
LOAD CMakeFiles/holtek.elf.dir/bsp/motor_control.c.obj
LOAD CMakeFiles/holtek.elf.dir/bsp/my_led.c.obj
LOAD CMakeFiles/holtek.elf.dir/bsp/pid_.c.obj
LOAD CMakeFiles/holtek.elf.dir/bsp/retarget.c.obj
LOAD CMakeFiles/holtek.elf.dir/bsp/timer_it.c.obj
LOAD CMakeFiles/holtek.elf.dir/bsp/tracker.c.obj
LOAD CMakeFiles/holtek.elf.dir/startup/startup_stm32f103xe.s.obj
START GROUP
LOAD d:/gcc-arm-none-eabi-10-2020-q4-major-win32/gcc-arm-none-eabi-10-2020-q4-major/bin/../lib/gcc/arm-none-eabi/10.2.1/thumb/v7-m/nofp\libgcc.a
LOAD d:/gcc-arm-none-eabi-10-2020-q4-major-win32/gcc-arm-none-eabi-10-2020-q4-major/bin/../lib/gcc/arm-none-eabi/10.2.1/../../../../arm-none-eabi/lib/thumb/v7-m/nofp\libg.a
LOAD d:/gcc-arm-none-eabi-10-2020-q4-major-win32/gcc-arm-none-eabi-10-2020-q4-major/bin/../lib/gcc/arm-none-eabi/10.2.1/../../../../arm-none-eabi/lib/thumb/v7-m/nofp\libc.a
END GROUP
LOAD d:/gcc-arm-none-eabi-10-2020-q4-major-win32/gcc-arm-none-eabi-10-2020-q4-major/bin/../lib/gcc/arm-none-eabi/10.2.1/thumb/v7-m/nofp/crtend.o
LOAD d:/gcc-arm-none-eabi-10-2020-q4-major-win32/gcc-arm-none-eabi-10-2020-q4-major/bin/../lib/gcc/arm-none-eabi/10.2.1/thumb/v7-m/nofp/crtn.o
                0x2000c000                _estack = 0x2000c000
                0x00000200                _Min_Heap_Size = 0x200
                0x00000400                _Min_Stack_Size = 0x400

.isr_vector     0x08000000      0x1e4
                0x08000000                . = ALIGN (0x4)
 *(.isr_vector)
 .isr_vector    0x08000000      0x1e4 CMakeFiles/holtek.elf.dir/startup/startup_stm32f103xe.s.obj
                0x08000000                g_pfnVectors
                0x080001e4                . = ALIGN (0x4)

.text           0x080001e8     0x5a14
                0x080001e8                . = ALIGN (0x4)
 *(.text)
 .text          0x080001e8       0x40 d:/gcc-arm-none-eabi-10-2020-q4-major-win32/gcc-arm-none-eabi-10-2020-q4-major/bin/../lib/gcc/arm-none-eabi/10.2.1/thumb/v7-m/nofp/crtbegin.o
 .text          0x08000228      0x168 d:/gcc-arm-none-eabi-10-2020-q4-major-win32/gcc-arm-none-eabi-10-2020-q4-major/bin/../lib/gcc/arm-none-eabi/10.2.1/thumb/v7-m/nofp\libgcc.a(_arm_mulsf3.o)
                0x08000228                __aeabi_fmul
                0x08000228                __mulsf3
 .text          0x08000390      0x378 d:/gcc-arm-none-eabi-10-2020-q4-major-win32/gcc-arm-none-eabi-10-2020-q4-major/bin/../lib/gcc/arm-none-eabi/10.2.1/thumb/v7-m/nofp\libgcc.a(_arm_addsubdf3.o)
                0x08000390                __aeabi_drsub
                0x08000398                __aeabi_dsub
                0x08000398                __subdf3
                0x0800039c                __aeabi_dadd
                0x0800039c                __adddf3
                0x08000614                __floatunsidf
                0x08000614                __aeabi_ui2d
                0x08000634                __floatsidf
                0x08000634                __aeabi_i2d
                0x08000658                __aeabi_f2d
                0x08000658                __extendsfdf2
                0x0800069c                __floatundidf
                0x0800069c                __aeabi_ul2d
                0x080006ac                __floatdidf
                0x080006ac                __aeabi_l2d
 .text          0x08000708       0xa0 d:/gcc-arm-none-eabi-10-2020-q4-major-win32/gcc-arm-none-eabi-10-2020-q4-major/bin/../lib/gcc/arm-none-eabi/10.2.1/thumb/v7-m/nofp\libgcc.a(_arm_truncdfsf2.o)
                0x08000708                __truncdfsf2
                0x08000708                __aeabi_d2f
 .text          0x080007a8      0x21c d:/gcc-arm-none-eabi-10-2020-q4-major-win32/gcc-arm-none-eabi-10-2020-q4-major/bin/../lib/gcc/arm-none-eabi/10.2.1/thumb/v7-m/nofp\libgcc.a(_arm_addsubsf3.o)
                0x080007a8                __aeabi_frsub
                0x080007b0                __subsf3
                0x080007b0                __aeabi_fsub
                0x080007b4                __aeabi_fadd
                0x080007b4                __addsf3
                0x08000914                __aeabi_ui2f
                0x08000914                __floatunsisf
                0x0800091c                __aeabi_i2f
                0x0800091c                __floatsisf
                0x08000938                __aeabi_ul2f
                0x08000938                __floatundisf
                0x08000948                __aeabi_l2f
                0x08000948                __floatdisf
 .text          0x080009c4       0xec d:/gcc-arm-none-eabi-10-2020-q4-major-win32/gcc-arm-none-eabi-10-2020-q4-major/bin/../lib/gcc/arm-none-eabi/10.2.1/thumb/v7-m/nofp\libgcc.a(_arm_cmpsf2.o)
                0x080009c4                __gesf2
                0x080009c4                __gtsf2
                0x080009cc                __lesf2
                0x080009cc                __ltsf2
                0x080009d4                __nesf2
                0x080009d4                __eqsf2
                0x080009d4                __cmpsf2
                0x08000a34                __aeabi_cfrcmple
                0x08000a3c                __aeabi_cfcmpeq
                0x08000a3c                __aeabi_cfcmple
                0x08000a4c                __aeabi_fcmpeq
                0x08000a60                __aeabi_fcmplt
                0x08000a74                __aeabi_fcmple
                0x08000a88                __aeabi_fcmpge
                0x08000a9c                __aeabi_fcmpgt
 .text          0x08000ab0       0x4c d:/gcc-arm-none-eabi-10-2020-q4-major-win32/gcc-arm-none-eabi-10-2020-q4-major/bin/../lib/gcc/arm-none-eabi/10.2.1/thumb/v7-m/nofp\libgcc.a(_arm_fixsfsi.o)
                0x08000ab0                __aeabi_f2iz
                0x08000ab0                __fixsfsi
 .text          0x08000afc      0x424 d:/gcc-arm-none-eabi-10-2020-q4-major-win32/gcc-arm-none-eabi-10-2020-q4-major/bin/../lib/gcc/arm-none-eabi/10.2.1/thumb/v7-m/nofp\libgcc.a(_arm_muldivdf3.o)
                0x08000afc                __aeabi_dmul
                0x08000afc                __muldf3
                0x08000d50                __divdf3
                0x08000d50                __aeabi_ddiv
 *(.text*)
 .text.HAL_InitTick
                0x08000f20       0x4c CMakeFiles/holtek.elf.dir/Drivers/STM32F1xx_HAL_Driver/Src/stm32f1xx_hal.c.obj
                0x08000f20                HAL_InitTick
 .text.HAL_Init
                0x08000f6c       0x24 CMakeFiles/holtek.elf.dir/Drivers/STM32F1xx_HAL_Driver/Src/stm32f1xx_hal.c.obj
                0x08000f6c                HAL_Init
 .text.HAL_IncTick
                0x08000f90       0x18 CMakeFiles/holtek.elf.dir/Drivers/STM32F1xx_HAL_Driver/Src/stm32f1xx_hal.c.obj
                0x08000f90                HAL_IncTick
 .text.HAL_GetTick
                0x08000fa8        0xc CMakeFiles/holtek.elf.dir/Drivers/STM32F1xx_HAL_Driver/Src/stm32f1xx_hal.c.obj
                0x08000fa8                HAL_GetTick
 .text.HAL_ADC_ConvCpltCallback
                0x08000fb4        0x2 CMakeFiles/holtek.elf.dir/Drivers/STM32F1xx_HAL_Driver/Src/stm32f1xx_hal_adc.c.obj
                0x08000fb4                HAL_ADC_ConvCpltCallback
 .text.HAL_ADC_LevelOutOfWindowCallback
                0x08000fb6        0x2 CMakeFiles/holtek.elf.dir/Drivers/STM32F1xx_HAL_Driver/Src/stm32f1xx_hal_adc.c.obj
                0x08000fb6                HAL_ADC_LevelOutOfWindowCallback
 .text.HAL_ADC_IRQHandler
                0x08000fb8      0x10c CMakeFiles/holtek.elf.dir/Drivers/STM32F1xx_HAL_Driver/Src/stm32f1xx_hal_adc.c.obj
                0x08000fb8                HAL_ADC_IRQHandler
 .text.HAL_ADC_ConfigChannel
                0x080010c4      0x144 CMakeFiles/holtek.elf.dir/Drivers/STM32F1xx_HAL_Driver/Src/stm32f1xx_hal_adc.c.obj
                0x080010c4                HAL_ADC_ConfigChannel
 .text.ADC_ConversionStop_Disable
                0x08001208       0x4c CMakeFiles/holtek.elf.dir/Drivers/STM32F1xx_HAL_Driver/Src/stm32f1xx_hal_adc.c.obj
                0x08001208                ADC_ConversionStop_Disable
 .text.HAL_ADC_Init
                0x08001254      0x128 CMakeFiles/holtek.elf.dir/Drivers/STM32F1xx_HAL_Driver/Src/stm32f1xx_hal_adc.c.obj
                0x08001254                HAL_ADC_Init
 .text.HAL_ADCEx_InjectedConvCpltCallback
                0x0800137c        0x2 CMakeFiles/holtek.elf.dir/Drivers/STM32F1xx_HAL_Driver/Src/stm32f1xx_hal_adc_ex.c.obj
                0x0800137c                HAL_ADCEx_InjectedConvCpltCallback
 *fill*         0x0800137e        0x2 
 .text.HAL_NVIC_SetPriorityGrouping
                0x08001380       0x24 CMakeFiles/holtek.elf.dir/Drivers/STM32F1xx_HAL_Driver/Src/stm32f1xx_hal_cortex.c.obj
                0x08001380                HAL_NVIC_SetPriorityGrouping
 .text.HAL_NVIC_SetPriority
                0x080013a4       0x70 CMakeFiles/holtek.elf.dir/Drivers/STM32F1xx_HAL_Driver/Src/stm32f1xx_hal_cortex.c.obj
                0x080013a4                HAL_NVIC_SetPriority
 .text.HAL_NVIC_EnableIRQ
                0x08001414       0x1c CMakeFiles/holtek.elf.dir/Drivers/STM32F1xx_HAL_Driver/Src/stm32f1xx_hal_cortex.c.obj
                0x08001414                HAL_NVIC_EnableIRQ
 .text.HAL_SYSTICK_Config
                0x08001430       0x28 CMakeFiles/holtek.elf.dir/Drivers/STM32F1xx_HAL_Driver/Src/stm32f1xx_hal_cortex.c.obj
                0x08001430                HAL_SYSTICK_Config
 .text.HAL_GPIO_Init
                0x08001458      0x240 CMakeFiles/holtek.elf.dir/Drivers/STM32F1xx_HAL_Driver/Src/stm32f1xx_hal_gpio.c.obj
                0x08001458                HAL_GPIO_Init
 .text.HAL_GPIO_ReadPin
                0x08001698        0xe CMakeFiles/holtek.elf.dir/Drivers/STM32F1xx_HAL_Driver/Src/stm32f1xx_hal_gpio.c.obj
                0x08001698                HAL_GPIO_ReadPin
 .text.HAL_GPIO_WritePin
                0x080016a6        0xc CMakeFiles/holtek.elf.dir/Drivers/STM32F1xx_HAL_Driver/Src/stm32f1xx_hal_gpio.c.obj
                0x080016a6                HAL_GPIO_WritePin
 .text.HAL_GPIO_TogglePin
                0x080016b2       0x12 CMakeFiles/holtek.elf.dir/Drivers/STM32F1xx_HAL_Driver/Src/stm32f1xx_hal_gpio.c.obj
                0x080016b2                HAL_GPIO_TogglePin
 .text.RCC_Delay
                0x080016c4       0x2c CMakeFiles/holtek.elf.dir/Drivers/STM32F1xx_HAL_Driver/Src/stm32f1xx_hal_rcc.c.obj
 .text.HAL_RCC_OscConfig
                0x080016f0      0x410 CMakeFiles/holtek.elf.dir/Drivers/STM32F1xx_HAL_Driver/Src/stm32f1xx_hal_rcc.c.obj
                0x080016f0                HAL_RCC_OscConfig
 .text.HAL_RCC_GetSysClockFreq
                0x08001b00       0x6c CMakeFiles/holtek.elf.dir/Drivers/STM32F1xx_HAL_Driver/Src/stm32f1xx_hal_rcc.c.obj
                0x08001b00                HAL_RCC_GetSysClockFreq
 .text.HAL_RCC_ClockConfig
                0x08001b6c      0x16c CMakeFiles/holtek.elf.dir/Drivers/STM32F1xx_HAL_Driver/Src/stm32f1xx_hal_rcc.c.obj
                0x08001b6c                HAL_RCC_ClockConfig
 .text.HAL_RCC_GetHCLKFreq
                0x08001cd8        0xc CMakeFiles/holtek.elf.dir/Drivers/STM32F1xx_HAL_Driver/Src/stm32f1xx_hal_rcc.c.obj
                0x08001cd8                HAL_RCC_GetHCLKFreq
 .text.HAL_RCC_GetPCLK1Freq
                0x08001ce4       0x20 CMakeFiles/holtek.elf.dir/Drivers/STM32F1xx_HAL_Driver/Src/stm32f1xx_hal_rcc.c.obj
                0x08001ce4                HAL_RCC_GetPCLK1Freq
 .text.HAL_RCC_GetPCLK2Freq
                0x08001d04       0x20 CMakeFiles/holtek.elf.dir/Drivers/STM32F1xx_HAL_Driver/Src/stm32f1xx_hal_rcc.c.obj
                0x08001d04                HAL_RCC_GetPCLK2Freq
 .text.HAL_RCCEx_PeriphCLKConfig
                0x08001d24      0x118 CMakeFiles/holtek.elf.dir/Drivers/STM32F1xx_HAL_Driver/Src/stm32f1xx_hal_rcc_ex.c.obj
                0x08001d24                HAL_RCCEx_PeriphCLKConfig
 .text.TIM_OC1_SetConfig
                0x08001e3c       0x68 CMakeFiles/holtek.elf.dir/Drivers/STM32F1xx_HAL_Driver/Src/stm32f1xx_hal_tim.c.obj
 .text.TIM_OC3_SetConfig
                0x08001ea4       0x70 CMakeFiles/holtek.elf.dir/Drivers/STM32F1xx_HAL_Driver/Src/stm32f1xx_hal_tim.c.obj
 .text.TIM_OC4_SetConfig
                0x08001f14       0x50 CMakeFiles/holtek.elf.dir/Drivers/STM32F1xx_HAL_Driver/Src/stm32f1xx_hal_tim.c.obj
 .text.TIM_TI1_ConfigInputStage
                0x08001f64       0x24 CMakeFiles/holtek.elf.dir/Drivers/STM32F1xx_HAL_Driver/Src/stm32f1xx_hal_tim.c.obj
 .text.TIM_TI2_ConfigInputStage
                0x08001f88       0x26 CMakeFiles/holtek.elf.dir/Drivers/STM32F1xx_HAL_Driver/Src/stm32f1xx_hal_tim.c.obj
 .text.TIM_ITRx_SetConfig
                0x08001fae       0x10 CMakeFiles/holtek.elf.dir/Drivers/STM32F1xx_HAL_Driver/Src/stm32f1xx_hal_tim.c.obj
 *fill*         0x08001fbe        0x2 
 .text.HAL_TIM_Base_Start
                0x08001fc0       0x6c CMakeFiles/holtek.elf.dir/Drivers/STM32F1xx_HAL_Driver/Src/stm32f1xx_hal_tim.c.obj
                0x08001fc0                HAL_TIM_Base_Start
 .text.HAL_TIM_Base_Start_IT
                0x0800202c       0x78 CMakeFiles/holtek.elf.dir/Drivers/STM32F1xx_HAL_Driver/Src/stm32f1xx_hal_tim.c.obj
                0x0800202c                HAL_TIM_Base_Start_IT
 .text.HAL_TIM_PWM_MspInit
                0x080020a4        0x2 CMakeFiles/holtek.elf.dir/Drivers/STM32F1xx_HAL_Driver/Src/stm32f1xx_hal_tim.c.obj
                0x080020a4                HAL_TIM_PWM_MspInit
 .text.HAL_TIM_OC_DelayElapsedCallback
                0x080020a6        0x2 CMakeFiles/holtek.elf.dir/Drivers/STM32F1xx_HAL_Driver/Src/stm32f1xx_hal_tim.c.obj
                0x080020a6                HAL_TIM_OC_DelayElapsedCallback
 .text.HAL_TIM_IC_CaptureCallback
                0x080020a8        0x2 CMakeFiles/holtek.elf.dir/Drivers/STM32F1xx_HAL_Driver/Src/stm32f1xx_hal_tim.c.obj
                0x080020a8                HAL_TIM_IC_CaptureCallback
 .text.HAL_TIM_PWM_PulseFinishedCallback
                0x080020aa        0x2 CMakeFiles/holtek.elf.dir/Drivers/STM32F1xx_HAL_Driver/Src/stm32f1xx_hal_tim.c.obj
                0x080020aa                HAL_TIM_PWM_PulseFinishedCallback
 .text.HAL_TIM_TriggerCallback
                0x080020ac        0x2 CMakeFiles/holtek.elf.dir/Drivers/STM32F1xx_HAL_Driver/Src/stm32f1xx_hal_tim.c.obj
                0x080020ac                HAL_TIM_TriggerCallback
 .text.HAL_TIM_IRQHandler
                0x080020ae      0x17a CMakeFiles/holtek.elf.dir/Drivers/STM32F1xx_HAL_Driver/Src/stm32f1xx_hal_tim.c.obj
                0x080020ae                HAL_TIM_IRQHandler
 .text.TIM_Base_SetConfig
                0x08002228       0x98 CMakeFiles/holtek.elf.dir/Drivers/STM32F1xx_HAL_Driver/Src/stm32f1xx_hal_tim.c.obj
                0x08002228                TIM_Base_SetConfig
 .text.HAL_TIM_Base_Init
                0x080022c0       0x58 CMakeFiles/holtek.elf.dir/Drivers/STM32F1xx_HAL_Driver/Src/stm32f1xx_hal_tim.c.obj
                0x080022c0                HAL_TIM_Base_Init
 .text.HAL_TIM_PWM_Init
                0x08002318       0x58 CMakeFiles/holtek.elf.dir/Drivers/STM32F1xx_HAL_Driver/Src/stm32f1xx_hal_tim.c.obj
                0x08002318                HAL_TIM_PWM_Init
 .text.HAL_TIM_Encoder_Init
                0x08002370       0xb8 CMakeFiles/holtek.elf.dir/Drivers/STM32F1xx_HAL_Driver/Src/stm32f1xx_hal_tim.c.obj
                0x08002370                HAL_TIM_Encoder_Init
 .text.TIM_OC2_SetConfig
                0x08002428       0x70 CMakeFiles/holtek.elf.dir/Drivers/STM32F1xx_HAL_Driver/Src/stm32f1xx_hal_tim.c.obj
                0x08002428                TIM_OC2_SetConfig
 .text.HAL_TIM_PWM_ConfigChannel
                0x08002498       0xd0 CMakeFiles/holtek.elf.dir/Drivers/STM32F1xx_HAL_Driver/Src/stm32f1xx_hal_tim.c.obj
                0x08002498                HAL_TIM_PWM_ConfigChannel
 .text.TIM_ETR_SetConfig
                0x08002568       0x18 CMakeFiles/holtek.elf.dir/Drivers/STM32F1xx_HAL_Driver/Src/stm32f1xx_hal_tim.c.obj
                0x08002568                TIM_ETR_SetConfig
 .text.HAL_TIM_ConfigClockSource
                0x08002580       0xda CMakeFiles/holtek.elf.dir/Drivers/STM32F1xx_HAL_Driver/Src/stm32f1xx_hal_tim.c.obj
                0x08002580                HAL_TIM_ConfigClockSource
 .text.TIM_CCxChannelCmd
                0x0800265a       0x1e CMakeFiles/holtek.elf.dir/Drivers/STM32F1xx_HAL_Driver/Src/stm32f1xx_hal_tim.c.obj
                0x0800265a                TIM_CCxChannelCmd
 .text.HAL_TIM_PWM_Start
                0x08002678       0xf4 CMakeFiles/holtek.elf.dir/Drivers/STM32F1xx_HAL_Driver/Src/stm32f1xx_hal_tim.c.obj
                0x08002678                HAL_TIM_PWM_Start
 .text.HAL_TIM_Encoder_Start
                0x0800276c       0xcc CMakeFiles/holtek.elf.dir/Drivers/STM32F1xx_HAL_Driver/Src/stm32f1xx_hal_tim.c.obj
                0x0800276c                HAL_TIM_Encoder_Start
 .text.HAL_TIMEx_MasterConfigSynchronization
                0x08002838       0x7c CMakeFiles/holtek.elf.dir/Drivers/STM32F1xx_HAL_Driver/Src/stm32f1xx_hal_tim_ex.c.obj
                0x08002838                HAL_TIMEx_MasterConfigSynchronization
 .text.HAL_TIMEx_ConfigBreakDeadTime
                0x080028b4       0x52 CMakeFiles/holtek.elf.dir/Drivers/STM32F1xx_HAL_Driver/Src/stm32f1xx_hal_tim_ex.c.obj
                0x080028b4                HAL_TIMEx_ConfigBreakDeadTime
 .text.HAL_TIMEx_CommutCallback
                0x08002906        0x2 CMakeFiles/holtek.elf.dir/Drivers/STM32F1xx_HAL_Driver/Src/stm32f1xx_hal_tim_ex.c.obj
                0x08002906                HAL_TIMEx_CommutCallback
 .text.HAL_TIMEx_BreakCallback
                0x08002908        0x2 CMakeFiles/holtek.elf.dir/Drivers/STM32F1xx_HAL_Driver/Src/stm32f1xx_hal_tim_ex.c.obj
                0x08002908                HAL_TIMEx_BreakCallback
 *fill*         0x0800290a        0x2 
 .text.UART_SetConfig
                0x0800290c       0x94 CMakeFiles/holtek.elf.dir/Drivers/STM32F1xx_HAL_Driver/Src/stm32f1xx_hal_uart.c.obj
 .text.UART_WaitOnFlagUntilTimeout
                0x080029a0       0x6c CMakeFiles/holtek.elf.dir/Drivers/STM32F1xx_HAL_Driver/Src/stm32f1xx_hal_uart.c.obj
 .text.HAL_UART_Init
                0x08002a0c       0x5e CMakeFiles/holtek.elf.dir/Drivers/STM32F1xx_HAL_Driver/Src/stm32f1xx_hal_uart.c.obj
                0x08002a0c                HAL_UART_Init
 .text.HAL_UART_Transmit
                0x08002a6a       0xd8 CMakeFiles/holtek.elf.dir/Drivers/STM32F1xx_HAL_Driver/Src/stm32f1xx_hal_uart.c.obj
                0x08002a6a                HAL_UART_Transmit
 .text.HAL_UART_Receive
                0x08002b42       0xe2 CMakeFiles/holtek.elf.dir/Drivers/STM32F1xx_HAL_Driver/Src/stm32f1xx_hal_uart.c.obj
                0x08002b42                HAL_UART_Receive
 .text.MX_ADC1_Init
                0x08002c24       0x5c CMakeFiles/holtek.elf.dir/Src/adc.c.obj
                0x08002c24                MX_ADC1_Init
 .text.HAL_ADC_MspInit
                0x08002c80       0x70 CMakeFiles/holtek.elf.dir/Src/adc.c.obj
                0x08002c80                HAL_ADC_MspInit
 .text.MX_GPIO_Init
                0x08002cf0       0xf8 CMakeFiles/holtek.elf.dir/Src/gpio.c.obj
                0x08002cf0                MX_GPIO_Init
 .text.SystemClock_Config
                0x08002de8       0x6e CMakeFiles/holtek.elf.dir/Src/main.c.obj
                0x08002de8                SystemClock_Config
 *fill*         0x08002e56        0x2 
 .text.Global_Init
                0x08002e58       0x64 CMakeFiles/holtek.elf.dir/Src/main.c.obj
                0x08002e58                Global_Init
 .text.main     0x08002ebc       0x48 CMakeFiles/holtek.elf.dir/Src/main.c.obj
                0x08002ebc                main
 .text.Error_Handler
                0x08002f04        0x2 CMakeFiles/holtek.elf.dir/Src/main.c.obj
                0x08002f04                Error_Handler
 *fill*         0x08002f06        0x2 
 .text.HAL_MspInit
                0x08002f08       0x44 CMakeFiles/holtek.elf.dir/Src/stm32f1xx_hal_msp.c.obj
                0x08002f08                HAL_MspInit
 .text.NMI_Handler
                0x08002f4c        0x2 CMakeFiles/holtek.elf.dir/Src/stm32f1xx_it.c.obj
                0x08002f4c                NMI_Handler
 .text.HardFault_Handler
                0x08002f4e        0x2 CMakeFiles/holtek.elf.dir/Src/stm32f1xx_it.c.obj
                0x08002f4e                HardFault_Handler
 .text.MemManage_Handler
                0x08002f50        0x2 CMakeFiles/holtek.elf.dir/Src/stm32f1xx_it.c.obj
                0x08002f50                MemManage_Handler
 .text.BusFault_Handler
                0x08002f52        0x2 CMakeFiles/holtek.elf.dir/Src/stm32f1xx_it.c.obj
                0x08002f52                BusFault_Handler
 .text.UsageFault_Handler
                0x08002f54        0x2 CMakeFiles/holtek.elf.dir/Src/stm32f1xx_it.c.obj
                0x08002f54                UsageFault_Handler
 .text.SVC_Handler
                0x08002f56        0x2 CMakeFiles/holtek.elf.dir/Src/stm32f1xx_it.c.obj
                0x08002f56                SVC_Handler
 .text.DebugMon_Handler
                0x08002f58        0x2 CMakeFiles/holtek.elf.dir/Src/stm32f1xx_it.c.obj
                0x08002f58                DebugMon_Handler
 .text.PendSV_Handler
                0x08002f5a        0x2 CMakeFiles/holtek.elf.dir/Src/stm32f1xx_it.c.obj
                0x08002f5a                PendSV_Handler
 .text.SysTick_Handler
                0x08002f5c        0x8 CMakeFiles/holtek.elf.dir/Src/stm32f1xx_it.c.obj
                0x08002f5c                SysTick_Handler
 .text.ADC1_2_IRQHandler
                0x08002f64       0x10 CMakeFiles/holtek.elf.dir/Src/stm32f1xx_it.c.obj
                0x08002f64                ADC1_2_IRQHandler
 .text.TIM1_BRK_IRQHandler
                0x08002f74       0x10 CMakeFiles/holtek.elf.dir/Src/stm32f1xx_it.c.obj
                0x08002f74                TIM1_BRK_IRQHandler
 .text.TIM1_UP_IRQHandler
                0x08002f84       0x10 CMakeFiles/holtek.elf.dir/Src/stm32f1xx_it.c.obj
                0x08002f84                TIM1_UP_IRQHandler
 .text.TIM1_TRG_COM_IRQHandler
                0x08002f94       0x10 CMakeFiles/holtek.elf.dir/Src/stm32f1xx_it.c.obj
                0x08002f94                TIM1_TRG_COM_IRQHandler
 .text.TIM1_CC_IRQHandler
                0x08002fa4       0x10 CMakeFiles/holtek.elf.dir/Src/stm32f1xx_it.c.obj
                0x08002fa4                TIM1_CC_IRQHandler
 .text.TIM2_IRQHandler
                0x08002fb4       0x10 CMakeFiles/holtek.elf.dir/Src/stm32f1xx_it.c.obj
                0x08002fb4                TIM2_IRQHandler
 .text.TIM3_IRQHandler
                0x08002fc4       0x10 CMakeFiles/holtek.elf.dir/Src/stm32f1xx_it.c.obj
                0x08002fc4                TIM3_IRQHandler
 .text.TIM6_IRQHandler
                0x08002fd4       0x10 CMakeFiles/holtek.elf.dir/Src/stm32f1xx_it.c.obj
                0x08002fd4                TIM6_IRQHandler
 .text._sbrk    0x08002fe4       0x3c CMakeFiles/holtek.elf.dir/Src/syscalls.c.obj
                0x08002fe4                _sbrk
 .text.SystemInit
                0x08003020        0x2 CMakeFiles/holtek.elf.dir/Src/system_stm32f1xx.c.obj
                0x08003020                SystemInit
 *fill*         0x08003022        0x2 
 .text.MX_TIM2_Init
                0x08003024       0x64 CMakeFiles/holtek.elf.dir/Src/tim.c.obj
                0x08003024                MX_TIM2_Init
 .text.MX_TIM3_Init
                0x08003088       0x64 CMakeFiles/holtek.elf.dir/Src/tim.c.obj
                0x08003088                MX_TIM3_Init
 .text.MX_TIM6_Init
                0x080030ec       0x50 CMakeFiles/holtek.elf.dir/Src/tim.c.obj
                0x080030ec                MX_TIM6_Init
 .text.HAL_TIM_Base_MspInit
                0x0800313c       0xa0 CMakeFiles/holtek.elf.dir/Src/tim.c.obj
                0x0800313c                HAL_TIM_Base_MspInit
 .text.HAL_TIM_Encoder_MspInit
                0x080031dc       0xb8 CMakeFiles/holtek.elf.dir/Src/tim.c.obj
                0x080031dc                HAL_TIM_Encoder_MspInit
 .text.HAL_TIM_MspPostInit
                0x08003294       0x50 CMakeFiles/holtek.elf.dir/Src/tim.c.obj
                0x08003294                HAL_TIM_MspPostInit
 .text.MX_TIM1_Init
                0x080032e4       0xfc CMakeFiles/holtek.elf.dir/Src/tim.c.obj
                0x080032e4                MX_TIM1_Init
 .text.MX_UART4_Init
                0x080033e0       0x34 CMakeFiles/holtek.elf.dir/Src/usart.c.obj
                0x080033e0                MX_UART4_Init
 .text.MX_USART2_UART_Init
                0x08003414       0x34 CMakeFiles/holtek.elf.dir/Src/usart.c.obj
                0x08003414                MX_USART2_UART_Init
 .text.MX_USART3_UART_Init
                0x08003448       0x34 CMakeFiles/holtek.elf.dir/Src/usart.c.obj
                0x08003448                MX_USART3_UART_Init
 .text.HAL_UART_MspInit
                0x0800347c      0x16c CMakeFiles/holtek.elf.dir/Src/usart.c.obj
                0x0800347c                HAL_UART_MspInit
 .text.delay_init
                0x080035e8       0x34 CMakeFiles/holtek.elf.dir/bsp/bsp_delay.c.obj
                0x080035e8                delay_init
 .text.delay_ms
                0x0800361c       0x3c CMakeFiles/holtek.elf.dir/bsp/bsp_delay.c.obj
                0x0800361c                delay_ms
 .text.Init_UARTS
                0x08003658       0x3c CMakeFiles/holtek.elf.dir/bsp/bsp_uart.c.obj
                0x08003658                Init_UARTS
 .text.USART2_IRQHandler
                0x08003694       0x88 CMakeFiles/holtek.elf.dir/bsp/bsp_uart.c.obj
                0x08003694                USART2_IRQHandler
 .text.USART3_IRQHandler
                0x0800371c       0xcc CMakeFiles/holtek.elf.dir/bsp/bsp_uart.c.obj
                0x0800371c                USART3_IRQHandler
 .text.UART4_IRQHandler
                0x080037e8       0x88 CMakeFiles/holtek.elf.dir/bsp/bsp_uart.c.obj
                0x080037e8                UART4_IRQHandler
 .text.UART5_IRQHandler
                0x08003870       0x88 CMakeFiles/holtek.elf.dir/bsp/bsp_uart.c.obj
                0x08003870                UART5_IRQHandler
 .text.Animal_Recognition
                0x080038f8      0x15c CMakeFiles/holtek.elf.dir/bsp/bsp_uart.c.obj
                0x080038f8                Animal_Recognition
 .text.UART_global_handler
                0x08003a54      0x348 CMakeFiles/holtek.elf.dir/bsp/bsp_uart.c.obj
                0x08003a54                UART_global_handler
 .text.Led_Control
                0x08003d9c       0x60 CMakeFiles/holtek.elf.dir/bsp/led.c.obj
                0x08003d9c                Led_Control
 .text.speed_set
                0x08003dfc        0xc CMakeFiles/holtek.elf.dir/bsp/motor_control.c.obj
                0x08003dfc                speed_set
 .text.set_direct
                0x08003e08       0x80 CMakeFiles/holtek.elf.dir/bsp/motor_control.c.obj
                0x08003e08                set_direct
 .text.motor_set_pwm
                0x08003e88       0x54 CMakeFiles/holtek.elf.dir/bsp/motor_control.c.obj
                0x08003e88                motor_set_pwm
 .text.read_encoder
                0x08003edc       0x2c CMakeFiles/holtek.elf.dir/bsp/motor_control.c.obj
                0x08003edc                read_encoder
 .text.speed_cal
                0x08003f08      0x14c CMakeFiles/holtek.elf.dir/bsp/motor_control.c.obj
                0x08003f08                speed_cal
 .text.motor_stop
                0x08004054       0x10 CMakeFiles/holtek.elf.dir/bsp/motor_control.c.obj
                0x08004054                motor_stop
 .text.set_avd  0x08004064        0xc CMakeFiles/holtek.elf.dir/bsp/motor_control.c.obj
                0x08004064                set_avd
 .text.start_pro
                0x08004070       0x5e CMakeFiles/holtek.elf.dir/bsp/motor_control.c.obj
                0x08004070                start_pro
 *fill*         0x080040ce        0x2 
 .text.LCD_Writ_Bus
                0x080040d0       0xd0 CMakeFiles/holtek.elf.dir/bsp/my_led.c.obj
                0x080040d0                LCD_Writ_Bus
 .text.LCD_WR_DATA8
                0x080041a0       0x34 CMakeFiles/holtek.elf.dir/bsp/my_led.c.obj
                0x080041a0                LCD_WR_DATA8
 .text.LCD_WR_DATA
                0x080041d4       0x44 CMakeFiles/holtek.elf.dir/bsp/my_led.c.obj
                0x080041d4                LCD_WR_DATA
 .text.LCD_WR_REG
                0x08004218       0x34 CMakeFiles/holtek.elf.dir/bsp/my_led.c.obj
                0x08004218                LCD_WR_REG
 .text.LCD_Address_Set
                0x0800424c       0x44 CMakeFiles/holtek.elf.dir/bsp/my_led.c.obj
                0x0800424c                LCD_Address_Set
 .text.Lcd_Init
                0x08004290      0x2d4 CMakeFiles/holtek.elf.dir/bsp/my_led.c.obj
                0x08004290                Lcd_Init
 .text.LCD_Clear
                0x08004564       0x36 CMakeFiles/holtek.elf.dir/bsp/my_led.c.obj
                0x08004564                LCD_Clear
 *fill*         0x0800459a        0x2 
 .text.LCD_ShowMyChinese
                0x0800459c       0x80 CMakeFiles/holtek.elf.dir/bsp/my_led.c.obj
                0x0800459c                LCD_ShowMyChinese
 .text.PID_init
                0x0800461c       0x30 CMakeFiles/holtek.elf.dir/bsp/pid_.c.obj
                0x0800461c                PID_init
 .text.PID_cal  0x0800464c      0x14a CMakeFiles/holtek.elf.dir/bsp/pid_.c.obj
                0x0800464c                PID_cal
 .text.PID_clear
                0x08004796       0x20 CMakeFiles/holtek.elf.dir/bsp/pid_.c.obj
                0x08004796                PID_clear
 *fill*         0x080047b6        0x2 
 .text.Global_Pid_Init
                0x080047b8       0x7c CMakeFiles/holtek.elf.dir/bsp/pid_.c.obj
                0x080047b8                Global_Pid_Init
 .text.RetargetInit
                0x08004834       0x20 CMakeFiles/holtek.elf.dir/bsp/retarget.c.obj
                0x08004834                RetargetInit
 .text._write   0x08004854       0x34 CMakeFiles/holtek.elf.dir/bsp/retarget.c.obj
                0x08004854                _write
 .text._close   0x08004888       0x18 CMakeFiles/holtek.elf.dir/bsp/retarget.c.obj
                0x08004888                _close
 .text._lseek   0x080048a0       0x10 CMakeFiles/holtek.elf.dir/bsp/retarget.c.obj
                0x080048a0                _lseek
 .text._read    0x080048b0       0x30 CMakeFiles/holtek.elf.dir/bsp/retarget.c.obj
                0x080048b0                _read
 .text._fstat   0x080048e0       0x1a CMakeFiles/holtek.elf.dir/bsp/retarget.c.obj
                0x080048e0                _fstat
 *fill*         0x080048fa        0x2 
 .text.HAL_TIM_PeriodElapsedCallback
                0x080048fc       0x50 CMakeFiles/holtek.elf.dir/bsp/timer_it.c.obj
                0x080048fc                HAL_TIM_PeriodElapsedCallback
 .text.Init_TIMS
                0x0800494c       0x54 CMakeFiles/holtek.elf.dir/bsp/timer_it.c.obj
                0x0800494c                Init_TIMS
 .text.get_tracker_num
                0x080049a0       0x98 CMakeFiles/holtek.elf.dir/bsp/tracker.c.obj
                0x080049a0                get_tracker_num
 .text.tracker_set
                0x08004a38        0xc CMakeFiles/holtek.elf.dir/bsp/tracker.c.obj
                0x08004a38                tracker_set
 .text.Reset_Handler
                0x08004a44       0x48 CMakeFiles/holtek.elf.dir/startup/startup_stm32f103xe.s.obj
                0x08004a44                Reset_Handler
 .text.Default_Handler
                0x08004a8c        0x2 CMakeFiles/holtek.elf.dir/startup/startup_stm32f103xe.s.obj
                0x08004a8c                RTC_Alarm_IRQHandler
                0x08004a8c                EXTI2_IRQHandler
                0x08004a8c                TIM8_TRG_COM_IRQHandler
                0x08004a8c                TIM8_CC_IRQHandler
                0x08004a8c                PVD_IRQHandler
                0x08004a8c                SDIO_IRQHandler
                0x08004a8c                EXTI3_IRQHandler
                0x08004a8c                EXTI0_IRQHandler
                0x08004a8c                I2C2_EV_IRQHandler
                0x08004a8c                SPI1_IRQHandler
                0x08004a8c                TAMPER_IRQHandler
                0x08004a8c                TIM8_UP_IRQHandler
                0x08004a8c                DMA2_Channel2_IRQHandler
                0x08004a8c                DMA1_Channel4_IRQHandler
                0x08004a8c                RTC_IRQHandler
                0x08004a8c                DMA1_Channel7_IRQHandler
                0x08004a8c                CAN1_RX1_IRQHandler
                0x08004a8c                ADC3_IRQHandler
                0x08004a8c                TIM4_IRQHandler
                0x08004a8c                DMA2_Channel1_IRQHandler
                0x08004a8c                I2C1_EV_IRQHandler
                0x08004a8c                DMA1_Channel6_IRQHandler
                0x08004a8c                RCC_IRQHandler
                0x08004a8c                DMA1_Channel1_IRQHandler
                0x08004a8c                Default_Handler
                0x08004a8c                EXTI15_10_IRQHandler
                0x08004a8c                TIM7_IRQHandler
                0x08004a8c                TIM5_IRQHandler
                0x08004a8c                EXTI9_5_IRQHandler
                0x08004a8c                SPI2_IRQHandler
                0x08004a8c                DMA1_Channel5_IRQHandler
                0x08004a8c                EXTI4_IRQHandler
                0x08004a8c                USB_LP_CAN1_RX0_IRQHandler
                0x08004a8c                USB_HP_CAN1_TX_IRQHandler
                0x08004a8c                DMA1_Channel3_IRQHandler
                0x08004a8c                FSMC_IRQHandler
                0x08004a8c                WWDG_IRQHandler
                0x08004a8c                EXTI1_IRQHandler
                0x08004a8c                DMA2_Channel4_5_IRQHandler
                0x08004a8c                I2C2_ER_IRQHandler
                0x08004a8c                DMA1_Channel2_IRQHandler
                0x08004a8c                TIM8_BRK_IRQHandler
                0x08004a8c                CAN1_SCE_IRQHandler
                0x08004a8c                FLASH_IRQHandler
                0x08004a8c                USART1_IRQHandler
                0x08004a8c                SPI3_IRQHandler
                0x08004a8c                I2C1_ER_IRQHandler
                0x08004a8c                USBWakeUp_IRQHandler
                0x08004a8c                DMA2_Channel3_IRQHandler
 *fill*         0x08004a8e        0x2 
 .text.__errno  0x08004a90        0xc d:/gcc-arm-none-eabi-10-2020-q4-major-win32/gcc-arm-none-eabi-10-2020-q4-major/bin/../lib/gcc/arm-none-eabi/10.2.1/../../../../arm-none-eabi/lib/thumb/v7-m/nofp\libg.a(lib_a-errno.o)
                0x08004a90                __errno
 .text.__libc_init_array
                0x08004a9c       0x48 d:/gcc-arm-none-eabi-10-2020-q4-major-win32/gcc-arm-none-eabi-10-2020-q4-major/bin/../lib/gcc/arm-none-eabi/10.2.1/../../../../arm-none-eabi/lib/thumb/v7-m/nofp\libg.a(lib_a-init.o)
                0x08004a9c                __libc_init_array
 .text.memset   0x08004ae4       0xa4 d:/gcc-arm-none-eabi-10-2020-q4-major-win32/gcc-arm-none-eabi-10-2020-q4-major/bin/../lib/gcc/arm-none-eabi/10.2.1/../../../../arm-none-eabi/lib/thumb/v7-m/nofp\libg.a(lib_a-memset.o)
                0x08004ae4                memset
 .text.setvbuf  0x08004b88      0x1b0 d:/gcc-arm-none-eabi-10-2020-q4-major-win32/gcc-arm-none-eabi-10-2020-q4-major/bin/../lib/gcc/arm-none-eabi/10.2.1/../../../../arm-none-eabi/lib/thumb/v7-m/nofp\libg.a(lib_a-setvbuf.o)
                0x08004b88                setvbuf
 .text.startup.register_fini
                0x08004d38       0x14 d:/gcc-arm-none-eabi-10-2020-q4-major-win32/gcc-arm-none-eabi-10-2020-q4-major/bin/../lib/gcc/arm-none-eabi/10.2.1/../../../../arm-none-eabi/lib/thumb/v7-m/nofp\libg.a(lib_a-__call_atexit.o)
 .text.atexit   0x08004d4c        0xc d:/gcc-arm-none-eabi-10-2020-q4-major-win32/gcc-arm-none-eabi-10-2020-q4-major/bin/../lib/gcc/arm-none-eabi/10.2.1/../../../../arm-none-eabi/lib/thumb/v7-m/nofp\libg.a(lib_a-atexit.o)
                0x08004d4c                atexit
 .text.__sflush_r
                0x08004d58      0x124 d:/gcc-arm-none-eabi-10-2020-q4-major-win32/gcc-arm-none-eabi-10-2020-q4-major/bin/../lib/gcc/arm-none-eabi/10.2.1/../../../../arm-none-eabi/lib/thumb/v7-m/nofp\libg.a(lib_a-fflush.o)
                0x08004d58                __sflush_r
 .text._fflush_r
                0x08004e7c       0x5c d:/gcc-arm-none-eabi-10-2020-q4-major-win32/gcc-arm-none-eabi-10-2020-q4-major/bin/../lib/gcc/arm-none-eabi/10.2.1/../../../../arm-none-eabi/lib/thumb/v7-m/nofp\libg.a(lib_a-fflush.o)
                0x08004e7c                _fflush_r
 .text._cleanup_r
                0x08004ed8        0xc d:/gcc-arm-none-eabi-10-2020-q4-major-win32/gcc-arm-none-eabi-10-2020-q4-major/bin/../lib/gcc/arm-none-eabi/10.2.1/../../../../arm-none-eabi/lib/thumb/v7-m/nofp\libg.a(lib_a-findfp.o)
                0x08004ed8                _cleanup_r
 .text.__sinit  0x08004ee4      0x10c d:/gcc-arm-none-eabi-10-2020-q4-major-win32/gcc-arm-none-eabi-10-2020-q4-major/bin/../lib/gcc/arm-none-eabi/10.2.1/../../../../arm-none-eabi/lib/thumb/v7-m/nofp\libg.a(lib_a-findfp.o)
                0x08004ee4                __sinit
 .text.__sfp_lock_acquire
                0x08004ff0        0xc d:/gcc-arm-none-eabi-10-2020-q4-major-win32/gcc-arm-none-eabi-10-2020-q4-major/bin/../lib/gcc/arm-none-eabi/10.2.1/../../../../arm-none-eabi/lib/thumb/v7-m/nofp\libg.a(lib_a-findfp.o)
                0x08004ff0                __sfp_lock_acquire
 .text.__sfp_lock_release
                0x08004ffc        0xc d:/gcc-arm-none-eabi-10-2020-q4-major-win32/gcc-arm-none-eabi-10-2020-q4-major/bin/../lib/gcc/arm-none-eabi/10.2.1/../../../../arm-none-eabi/lib/thumb/v7-m/nofp\libg.a(lib_a-findfp.o)
                0x08004ffc                __sfp_lock_release
 .text.__libc_fini_array
                0x08005008       0x2c d:/gcc-arm-none-eabi-10-2020-q4-major-win32/gcc-arm-none-eabi-10-2020-q4-major/bin/../lib/gcc/arm-none-eabi/10.2.1/../../../../arm-none-eabi/lib/thumb/v7-m/nofp\libg.a(lib_a-fini.o)
                0x08005008                __libc_fini_array
 .text._malloc_trim_r
                0x08005034       0xa0 d:/gcc-arm-none-eabi-10-2020-q4-major-win32/gcc-arm-none-eabi-10-2020-q4-major/bin/../lib/gcc/arm-none-eabi/10.2.1/../../../../arm-none-eabi/lib/thumb/v7-m/nofp\libg.a(lib_a-freer.o)
                0x08005034                _malloc_trim_r
 .text._free_r  0x080050d4      0x200 d:/gcc-arm-none-eabi-10-2020-q4-major-win32/gcc-arm-none-eabi-10-2020-q4-major/bin/../lib/gcc/arm-none-eabi/10.2.1/../../../../arm-none-eabi/lib/thumb/v7-m/nofp\libg.a(lib_a-freer.o)
                0x080050d4                _free_r
 .text._fwalk_reent
                0x080052d4       0x48 d:/gcc-arm-none-eabi-10-2020-q4-major-win32/gcc-arm-none-eabi-10-2020-q4-major/bin/../lib/gcc/arm-none-eabi/10.2.1/../../../../arm-none-eabi/lib/thumb/v7-m/nofp\libg.a(lib_a-fwalk.o)
                0x080052d4                _fwalk_reent
 .text.__retarget_lock_init_recursive
                0x0800531c        0x4 d:/gcc-arm-none-eabi-10-2020-q4-major-win32/gcc-arm-none-eabi-10-2020-q4-major/bin/../lib/gcc/arm-none-eabi/10.2.1/../../../../arm-none-eabi/lib/thumb/v7-m/nofp\libg.a(lib_a-lock.o)
                0x0800531c                __retarget_lock_init_recursive
 .text.__retarget_lock_close_recursive
                0x08005320        0x4 d:/gcc-arm-none-eabi-10-2020-q4-major-win32/gcc-arm-none-eabi-10-2020-q4-major/bin/../lib/gcc/arm-none-eabi/10.2.1/../../../../arm-none-eabi/lib/thumb/v7-m/nofp\libg.a(lib_a-lock.o)
                0x08005320                __retarget_lock_close_recursive
 .text.__retarget_lock_acquire_recursive
                0x08005324        0x4 d:/gcc-arm-none-eabi-10-2020-q4-major-win32/gcc-arm-none-eabi-10-2020-q4-major/bin/../lib/gcc/arm-none-eabi/10.2.1/../../../../arm-none-eabi/lib/thumb/v7-m/nofp\libg.a(lib_a-lock.o)
                0x08005324                __retarget_lock_acquire_recursive
 .text.__retarget_lock_release_recursive
                0x08005328        0x4 d:/gcc-arm-none-eabi-10-2020-q4-major-win32/gcc-arm-none-eabi-10-2020-q4-major/bin/../lib/gcc/arm-none-eabi/10.2.1/../../../../arm-none-eabi/lib/thumb/v7-m/nofp\libg.a(lib_a-lock.o)
                0x08005328                __retarget_lock_release_recursive
 .text.__swhatbuf_r
                0x0800532c       0x60 d:/gcc-arm-none-eabi-10-2020-q4-major-win32/gcc-arm-none-eabi-10-2020-q4-major/bin/../lib/gcc/arm-none-eabi/10.2.1/../../../../arm-none-eabi/lib/thumb/v7-m/nofp\libg.a(lib_a-makebuf.o)
                0x0800532c                __swhatbuf_r
 .text.malloc   0x0800538c       0x10 d:/gcc-arm-none-eabi-10-2020-q4-major-win32/gcc-arm-none-eabi-10-2020-q4-major/bin/../lib/gcc/arm-none-eabi/10.2.1/../../../../arm-none-eabi/lib/thumb/v7-m/nofp\libg.a(lib_a-malloc.o)
                0x0800538c                malloc
 .text._malloc_r
                0x0800539c      0x558 d:/gcc-arm-none-eabi-10-2020-q4-major-win32/gcc-arm-none-eabi-10-2020-q4-major/bin/../lib/gcc/arm-none-eabi/10.2.1/../../../../arm-none-eabi/lib/thumb/v7-m/nofp\libg.a(lib_a-mallocr.o)
                0x0800539c                _malloc_r
 .text.__malloc_lock
                0x080058f4        0xc d:/gcc-arm-none-eabi-10-2020-q4-major-win32/gcc-arm-none-eabi-10-2020-q4-major/bin/../lib/gcc/arm-none-eabi/10.2.1/../../../../arm-none-eabi/lib/thumb/v7-m/nofp\libg.a(lib_a-mlock.o)
                0x080058f4                __malloc_lock
 .text.__malloc_unlock
                0x08005900        0xc d:/gcc-arm-none-eabi-10-2020-q4-major-win32/gcc-arm-none-eabi-10-2020-q4-major/bin/../lib/gcc/arm-none-eabi/10.2.1/../../../../arm-none-eabi/lib/thumb/v7-m/nofp\libg.a(lib_a-mlock.o)
                0x08005900                __malloc_unlock
 .text._sbrk_r  0x0800590c       0x24 d:/gcc-arm-none-eabi-10-2020-q4-major-win32/gcc-arm-none-eabi-10-2020-q4-major/bin/../lib/gcc/arm-none-eabi/10.2.1/../../../../arm-none-eabi/lib/thumb/v7-m/nofp\libg.a(lib_a-sbrkr.o)
                0x0800590c                _sbrk_r
 .text.__sread  0x08005930       0x24 d:/gcc-arm-none-eabi-10-2020-q4-major-win32/gcc-arm-none-eabi-10-2020-q4-major/bin/../lib/gcc/arm-none-eabi/10.2.1/../../../../arm-none-eabi/lib/thumb/v7-m/nofp\libg.a(lib_a-stdio.o)
                0x08005930                __sread
 .text.__swrite
                0x08005954       0x40 d:/gcc-arm-none-eabi-10-2020-q4-major-win32/gcc-arm-none-eabi-10-2020-q4-major/bin/../lib/gcc/arm-none-eabi/10.2.1/../../../../arm-none-eabi/lib/thumb/v7-m/nofp\libg.a(lib_a-stdio.o)
                0x08005954                __swrite
 .text.__sseek  0x08005994       0x20 d:/gcc-arm-none-eabi-10-2020-q4-major-win32/gcc-arm-none-eabi-10-2020-q4-major/bin/../lib/gcc/arm-none-eabi/10.2.1/../../../../arm-none-eabi/lib/thumb/v7-m/nofp\libg.a(lib_a-stdio.o)
                0x08005994                __sseek
 .text.__sclose
                0x080059b4        0x8 d:/gcc-arm-none-eabi-10-2020-q4-major-win32/gcc-arm-none-eabi-10-2020-q4-major/bin/../lib/gcc/arm-none-eabi/10.2.1/../../../../arm-none-eabi/lib/thumb/v7-m/nofp\libg.a(lib_a-stdio.o)
                0x080059b4                __sclose
 .text._write_r
                0x080059bc       0x2c d:/gcc-arm-none-eabi-10-2020-q4-major-win32/gcc-arm-none-eabi-10-2020-q4-major/bin/../lib/gcc/arm-none-eabi/10.2.1/../../../../arm-none-eabi/lib/thumb/v7-m/nofp\libg.a(lib_a-writer.o)
                0x080059bc                _write_r
 .text.__register_exitproc
                0x080059e8       0x8c d:/gcc-arm-none-eabi-10-2020-q4-major-win32/gcc-arm-none-eabi-10-2020-q4-major/bin/../lib/gcc/arm-none-eabi/10.2.1/../../../../arm-none-eabi/lib/thumb/v7-m/nofp\libg.a(lib_a-__atexit.o)
                0x080059e8                __register_exitproc
 .text._close_r
                0x08005a74       0x24 d:/gcc-arm-none-eabi-10-2020-q4-major-win32/gcc-arm-none-eabi-10-2020-q4-major/bin/../lib/gcc/arm-none-eabi/10.2.1/../../../../arm-none-eabi/lib/thumb/v7-m/nofp\libg.a(lib_a-closer.o)
                0x08005a74                _close_r
 .text._fclose_r
                0x08005a98       0xcc d:/gcc-arm-none-eabi-10-2020-q4-major-win32/gcc-arm-none-eabi-10-2020-q4-major/bin/../lib/gcc/arm-none-eabi/10.2.1/../../../../arm-none-eabi/lib/thumb/v7-m/nofp\libg.a(lib_a-fclose.o)
                0x08005a98                _fclose_r
 .text._fstat_r
                0x08005b64       0x28 d:/gcc-arm-none-eabi-10-2020-q4-major-win32/gcc-arm-none-eabi-10-2020-q4-major/bin/../lib/gcc/arm-none-eabi/10.2.1/../../../../arm-none-eabi/lib/thumb/v7-m/nofp\libg.a(lib_a-fstatr.o)
                0x08005b64                _fstat_r
 .text._lseek_r
                0x08005b8c       0x2c d:/gcc-arm-none-eabi-10-2020-q4-major-win32/gcc-arm-none-eabi-10-2020-q4-major/bin/../lib/gcc/arm-none-eabi/10.2.1/../../../../arm-none-eabi/lib/thumb/v7-m/nofp\libg.a(lib_a-lseekr.o)
                0x08005b8c                _lseek_r
 .text._read_r  0x08005bb8       0x2c d:/gcc-arm-none-eabi-10-2020-q4-major-win32/gcc-arm-none-eabi-10-2020-q4-major/bin/../lib/gcc/arm-none-eabi/10.2.1/../../../../arm-none-eabi/lib/thumb/v7-m/nofp\libg.a(lib_a-readr.o)
                0x08005bb8                _read_r
 *(.glue_7)
 .glue_7        0x08005be4        0x0 linker stubs
 *(.glue_7t)
 .glue_7t       0x08005be4        0x0 linker stubs
 *(.eh_frame)
 .eh_frame      0x08005be4        0x0 d:/gcc-arm-none-eabi-10-2020-q4-major-win32/gcc-arm-none-eabi-10-2020-q4-major/bin/../lib/gcc/arm-none-eabi/10.2.1/thumb/v7-m/nofp/crtbegin.o
 *(.init)
 .init          0x08005be4        0x4 d:/gcc-arm-none-eabi-10-2020-q4-major-win32/gcc-arm-none-eabi-10-2020-q4-major/bin/../lib/gcc/arm-none-eabi/10.2.1/thumb/v7-m/nofp/crti.o
                0x08005be4                _init
 .init          0x08005be8        0x8 d:/gcc-arm-none-eabi-10-2020-q4-major-win32/gcc-arm-none-eabi-10-2020-q4-major/bin/../lib/gcc/arm-none-eabi/10.2.1/thumb/v7-m/nofp/crtn.o
 *(.fini)
 .fini          0x08005bf0        0x4 d:/gcc-arm-none-eabi-10-2020-q4-major-win32/gcc-arm-none-eabi-10-2020-q4-major/bin/../lib/gcc/arm-none-eabi/10.2.1/thumb/v7-m/nofp/crti.o
                0x08005bf0                _fini
 .fini          0x08005bf4        0x8 d:/gcc-arm-none-eabi-10-2020-q4-major-win32/gcc-arm-none-eabi-10-2020-q4-major/bin/../lib/gcc/arm-none-eabi/10.2.1/thumb/v7-m/nofp/crtn.o
                0x08005bfc                . = ALIGN (0x4)
                0x08005bfc                _etext = .

.vfp11_veneer   0x08005bfc        0x0
 .vfp11_veneer  0x08005bfc        0x0 linker stubs

.v4_bx          0x08005bfc        0x0
 .v4_bx         0x08005bfc        0x0 linker stubs

.iplt           0x08005bfc        0x0
 .iplt          0x08005bfc        0x0 d:/gcc-arm-none-eabi-10-2020-q4-major-win32/gcc-arm-none-eabi-10-2020-q4-major/bin/../lib/gcc/arm-none-eabi/10.2.1/thumb/v7-m/nofp/crtbegin.o

.rodata         0x08005bfc     0x1058
                0x08005bfc                . = ALIGN (0x4)
 *(.rodata)
 *(.rodata*)
 .rodata.HAL_RCC_GetSysClockFreq.str1.4
                0x08005bfc       0x11 CMakeFiles/holtek.elf.dir/Drivers/STM32F1xx_HAL_Driver/Src/stm32f1xx_hal_rcc.c.obj
 *fill*         0x08005c0d        0x3 
 .rodata.AHBPrescTable
                0x08005c10       0x10 CMakeFiles/holtek.elf.dir/Src/system_stm32f1xx.c.obj
                0x08005c10                AHBPrescTable
 .rodata.APBPrescTable
                0x08005c20        0x8 CMakeFiles/holtek.elf.dir/Src/system_stm32f1xx.c.obj
                0x08005c20                APBPrescTable
 .rodata.Animal_Recognition.str1.4
                0x08005c28        0x4 CMakeFiles/holtek.elf.dir/bsp/bsp_uart.c.obj
 .rodata.UART_global_handler.str1.4
                0x08005c2c        0xc CMakeFiles/holtek.elf.dir/bsp/bsp_uart.c.obj
 .rodata.cat    0x08005c38      0x400 CMakeFiles/holtek.elf.dir/bsp/bsp_uart.c.obj
 .rodata.dog    0x08006038      0x400 CMakeFiles/holtek.elf.dir/bsp/bsp_uart.c.obj
 .rodata.hen    0x08006438      0x400 CMakeFiles/holtek.elf.dir/bsp/bsp_uart.c.obj
 .rodata.horse  0x08006838      0x400 CMakeFiles/holtek.elf.dir/bsp/bsp_uart.c.obj
 .rodata.Motor_PID.1
                0x08006c38        0xc CMakeFiles/holtek.elf.dir/bsp/pid_.c.obj
 .rodata.Tracker_PID.0
                0x08006c44        0xc CMakeFiles/holtek.elf.dir/bsp/pid_.c.obj
 .rodata._global_impure_ptr
                0x08006c50        0x4 d:/gcc-arm-none-eabi-10-2020-q4-major-win32/gcc-arm-none-eabi-10-2020-q4-major/bin/../lib/gcc/arm-none-eabi/10.2.1/../../../../arm-none-eabi/lib/thumb/v7-m/nofp\libg.a(lib_a-impure.o)
                0x08006c50                _global_impure_ptr
                0x08006c54                . = ALIGN (0x4)

.rel.dyn        0x08006c54        0x0
 .rel.iplt      0x08006c54        0x0 d:/gcc-arm-none-eabi-10-2020-q4-major-win32/gcc-arm-none-eabi-10-2020-q4-major/bin/../lib/gcc/arm-none-eabi/10.2.1/thumb/v7-m/nofp/crtbegin.o

.ARM.extab
 *(.ARM.extab* .gnu.linkonce.armextab.*)

.ARM            0x08006c54        0x0
                0x08006c54                __exidx_start = .
 *(.ARM.exidx*)
                0x08006c54                __exidx_end = .

.preinit_array  0x08006c54        0x0
                0x08006c54                PROVIDE (__preinit_array_start = .)
 *(.preinit_array*)
                0x08006c54                PROVIDE (__preinit_array_end = .)

.init_array     0x08006c54        0x8
                0x08006c54                PROVIDE (__init_array_start = .)
 *(SORT_BY_NAME(.init_array.*))
 .init_array.00000
                0x08006c54        0x4 d:/gcc-arm-none-eabi-10-2020-q4-major-win32/gcc-arm-none-eabi-10-2020-q4-major/bin/../lib/gcc/arm-none-eabi/10.2.1/../../../../arm-none-eabi/lib/thumb/v7-m/nofp\libg.a(lib_a-__call_atexit.o)
 *(.init_array*)
 .init_array    0x08006c58        0x4 d:/gcc-arm-none-eabi-10-2020-q4-major-win32/gcc-arm-none-eabi-10-2020-q4-major/bin/../lib/gcc/arm-none-eabi/10.2.1/thumb/v7-m/nofp/crtbegin.o
                0x08006c5c                PROVIDE (__init_array_end = .)

.fini_array     0x08006c5c        0x4
                0x08006c5c                PROVIDE (__fini_array_start = .)
 *(SORT_BY_NAME(.fini_array.*))
 *(.fini_array*)
 .fini_array    0x08006c5c        0x4 d:/gcc-arm-none-eabi-10-2020-q4-major-win32/gcc-arm-none-eabi-10-2020-q4-major/bin/../lib/gcc/arm-none-eabi/10.2.1/thumb/v7-m/nofp/crtbegin.o
                0x08006c60                PROVIDE (__fini_array_end = .)
                0x08006c60                _sidata = LOADADDR (.data)

.data           0x20000000      0x864 load address 0x08006c60
                0x20000000                . = ALIGN (0x4)
                0x20000000                _sdata = .
 *(.data)
 *(.data*)
 .data.uwTickFreq
                0x20000000        0x1 CMakeFiles/holtek.elf.dir/Drivers/STM32F1xx_HAL_Driver/Src/stm32f1xx_hal.c.obj
                0x20000000                uwTickFreq
 *fill*         0x20000001        0x3 
 .data.uwTickPrio
                0x20000004        0x4 CMakeFiles/holtek.elf.dir/Drivers/STM32F1xx_HAL_Driver/Src/stm32f1xx_hal.c.obj
                0x20000004                uwTickPrio
 .data.SystemCoreClock
                0x20000008        0x4 CMakeFiles/holtek.elf.dir/Src/system_stm32f1xx.c.obj
                0x20000008                SystemCoreClock
 .data.BACK_COLOR
                0x2000000c        0x4 CMakeFiles/holtek.elf.dir/bsp/my_led.c.obj
                0x2000000c                BACK_COLOR
 .data.weight   0x20000010       0x10 CMakeFiles/holtek.elf.dir/bsp/tracker.c.obj
                0x20000010                weight
 .data._impure_ptr
                0x20000020        0x4 d:/gcc-arm-none-eabi-10-2020-q4-major-win32/gcc-arm-none-eabi-10-2020-q4-major/bin/../lib/gcc/arm-none-eabi/10.2.1/../../../../arm-none-eabi/lib/thumb/v7-m/nofp\libg.a(lib_a-impure.o)
                0x20000020                _impure_ptr
 *fill*         0x20000024        0x4 
 .data.impure_data
                0x20000028      0x428 d:/gcc-arm-none-eabi-10-2020-q4-major-win32/gcc-arm-none-eabi-10-2020-q4-major/bin/../lib/gcc/arm-none-eabi/10.2.1/../../../../arm-none-eabi/lib/thumb/v7-m/nofp\libg.a(lib_a-impure.o)
 .data.__atexit_recursive_mutex
                0x20000450        0x4 d:/gcc-arm-none-eabi-10-2020-q4-major-win32/gcc-arm-none-eabi-10-2020-q4-major/bin/../lib/gcc/arm-none-eabi/10.2.1/../../../../arm-none-eabi/lib/thumb/v7-m/nofp\libg.a(lib_a-__call_atexit.o)
                0x20000450                __atexit_recursive_mutex
 .data.__malloc_av_
                0x20000454      0x408 d:/gcc-arm-none-eabi-10-2020-q4-major-win32/gcc-arm-none-eabi-10-2020-q4-major/bin/../lib/gcc/arm-none-eabi/10.2.1/../../../../arm-none-eabi/lib/thumb/v7-m/nofp\libg.a(lib_a-mallocr.o)
                0x20000454                __malloc_av_
 .data.__malloc_sbrk_base
                0x2000085c        0x4 d:/gcc-arm-none-eabi-10-2020-q4-major-win32/gcc-arm-none-eabi-10-2020-q4-major/bin/../lib/gcc/arm-none-eabi/10.2.1/../../../../arm-none-eabi/lib/thumb/v7-m/nofp\libg.a(lib_a-mallocr.o)
                0x2000085c                __malloc_sbrk_base
 .data.__malloc_trim_threshold
                0x20000860        0x4 d:/gcc-arm-none-eabi-10-2020-q4-major-win32/gcc-arm-none-eabi-10-2020-q4-major/bin/../lib/gcc/arm-none-eabi/10.2.1/../../../../arm-none-eabi/lib/thumb/v7-m/nofp\libg.a(lib_a-mallocr.o)
                0x20000860                __malloc_trim_threshold
                0x20000864                . = ALIGN (0x4)
                0x20000864                _edata = .

.igot.plt       0x20000864        0x0 load address 0x080074c4
 .igot.plt      0x20000864        0x0 d:/gcc-arm-none-eabi-10-2020-q4-major-win32/gcc-arm-none-eabi-10-2020-q4-major/bin/../lib/gcc/arm-none-eabi/10.2.1/thumb/v7-m/nofp/crtbegin.o
                0x20000864                . = ALIGN (0x4)

.bss            0x20000864      0x6ec load address 0x080074c4
                0x20000864                _sbss = .
                0x20000864                __bss_start__ = _sbss
 *(.bss)
 .bss           0x20000864       0x1c d:/gcc-arm-none-eabi-10-2020-q4-major-win32/gcc-arm-none-eabi-10-2020-q4-major/bin/../lib/gcc/arm-none-eabi/10.2.1/thumb/v7-m/nofp/crtbegin.o
 *(.bss*)
 .bss.uwTick    0x20000880        0x4 CMakeFiles/holtek.elf.dir/Drivers/STM32F1xx_HAL_Driver/Src/stm32f1xx_hal.c.obj
                0x20000880                uwTick
 .bss.hadc1     0x20000884       0x30 CMakeFiles/holtek.elf.dir/Src/adc.c.obj
                0x20000884                hadc1
 .bss.heap_end.0
                0x200008b4        0x4 CMakeFiles/holtek.elf.dir/Src/syscalls.c.obj
 .bss.htim1     0x200008b8       0x48 CMakeFiles/holtek.elf.dir/Src/tim.c.obj
                0x200008b8                htim1
 .bss.htim2     0x20000900       0x48 CMakeFiles/holtek.elf.dir/Src/tim.c.obj
                0x20000900                htim2
 .bss.htim3     0x20000948       0x48 CMakeFiles/holtek.elf.dir/Src/tim.c.obj
                0x20000948                htim3
 .bss.htim6     0x20000990       0x48 CMakeFiles/holtek.elf.dir/Src/tim.c.obj
                0x20000990                htim6
 .bss.huart2    0x200009d8       0x40 CMakeFiles/holtek.elf.dir/Src/usart.c.obj
                0x200009d8                huart2
 .bss.huart3    0x20000a18       0x40 CMakeFiles/holtek.elf.dir/Src/usart.c.obj
                0x20000a18                huart3
 .bss.huart4    0x20000a58       0x40 CMakeFiles/holtek.elf.dir/Src/usart.c.obj
                0x20000a58                huart4
 .bss.fac_ms    0x20000a98        0x4 CMakeFiles/holtek.elf.dir/bsp/bsp_delay.c.obj
 .bss.fac_us    0x20000a9c        0x1 CMakeFiles/holtek.elf.dir/bsp/bsp_delay.c.obj
 *fill*         0x20000a9d        0x3 
 .bss.animal_inf
                0x20000aa0        0x4 CMakeFiles/holtek.elf.dir/bsp/bsp_uart.c.obj
                0x20000aa0                animal_inf
 .bss.boot_flag
                0x20000aa4        0x4 CMakeFiles/holtek.elf.dir/bsp/bsp_uart.c.obj
                0x20000aa4                boot_flag
 .bss.mv_pid    0x20000aa8        0x4 CMakeFiles/holtek.elf.dir/bsp/bsp_uart.c.obj
                0x20000aa8                mv_pid
 .bss.temp_flag_2
                0x20000aac        0x4 CMakeFiles/holtek.elf.dir/bsp/bsp_uart.c.obj
 .bss.temp_flag_3
                0x20000ab0        0x4 CMakeFiles/holtek.elf.dir/bsp/bsp_uart.c.obj
 .bss.temp_flag_4
                0x20000ab4        0x4 CMakeFiles/holtek.elf.dir/bsp/bsp_uart.c.obj
 .bss.temp_flag_5
                0x20000ab8        0x4 CMakeFiles/holtek.elf.dir/bsp/bsp_uart.c.obj
 .bss.uart2_    0x20000abc       0xc7 CMakeFiles/holtek.elf.dir/bsp/bsp_uart.c.obj
                0x20000abc                uart2_
 *fill*         0x20000b83        0x1 
 .bss.uart2_index
                0x20000b84        0x4 CMakeFiles/holtek.elf.dir/bsp/bsp_uart.c.obj
                0x20000b84                uart2_index
 .bss.uart2_receive_flag
                0x20000b88        0x4 CMakeFiles/holtek.elf.dir/bsp/bsp_uart.c.obj
                0x20000b88                uart2_receive_flag
 .bss.uart3_    0x20000b8c       0xc7 CMakeFiles/holtek.elf.dir/bsp/bsp_uart.c.obj
                0x20000b8c                uart3_
 *fill*         0x20000c53        0x1 
 .bss.uart3_index
                0x20000c54        0x4 CMakeFiles/holtek.elf.dir/bsp/bsp_uart.c.obj
                0x20000c54                uart3_index
 .bss.uart3_receive_flag
                0x20000c58        0x4 CMakeFiles/holtek.elf.dir/bsp/bsp_uart.c.obj
                0x20000c58                uart3_receive_flag
 .bss.uart4_    0x20000c5c       0xc7 CMakeFiles/holtek.elf.dir/bsp/bsp_uart.c.obj
                0x20000c5c                uart4_
 *fill*         0x20000d23        0x1 
 .bss.uart4_index
                0x20000d24        0x4 CMakeFiles/holtek.elf.dir/bsp/bsp_uart.c.obj
                0x20000d24                uart4_index
 .bss.uart4_receive_flag
                0x20000d28        0x4 CMakeFiles/holtek.elf.dir/bsp/bsp_uart.c.obj
                0x20000d28                uart4_receive_flag
 .bss.uart5_    0x20000d2c       0xc7 CMakeFiles/holtek.elf.dir/bsp/bsp_uart.c.obj
                0x20000d2c                uart5_
 *fill*         0x20000df3        0x1 
 .bss.uart5_index
                0x20000df4        0x4 CMakeFiles/holtek.elf.dir/bsp/bsp_uart.c.obj
                0x20000df4                uart5_index
 .bss.uart5_receive_flag
                0x20000df8        0x4 CMakeFiles/holtek.elf.dir/bsp/bsp_uart.c.obj
                0x20000df8                uart5_receive_flag
 .bss.avd_on    0x20000dfc        0x1 CMakeFiles/holtek.elf.dir/bsp/motor_control.c.obj
                0x20000dfc                avd_on
 *fill*         0x20000dfd        0x3 
 .bss.global_   0x20000e00        0xc CMakeFiles/holtek.elf.dir/bsp/motor_control.c.obj
                0x20000e00                global_
 .bss.motor     0x20000e0c       0x18 CMakeFiles/holtek.elf.dir/bsp/motor_control.c.obj
                0x20000e0c                motor
 .bss.motor_    0x20000e24       0x90 CMakeFiles/holtek.elf.dir/bsp/pid_.c.obj
                0x20000e24                motor_
 .bss.tracker_  0x20000eb4       0x48 CMakeFiles/holtek.elf.dir/bsp/pid_.c.obj
                0x20000eb4                tracker_
 .bss.gHuart    0x20000efc        0x4 CMakeFiles/holtek.elf.dir/bsp/retarget.c.obj
                0x20000efc                gHuart
 .bss.sys_time  0x20000f00        0x4 CMakeFiles/holtek.elf.dir/bsp/timer_it.c.obj
                0x20000f00                sys_time
 .bss.tracker_on
                0x20000f04        0x1 CMakeFiles/holtek.elf.dir/bsp/tracker.c.obj
                0x20000f04                tracker_on
 *fill*         0x20000f05        0x3 
 .bss.__lock___atexit_recursive_mutex
                0x20000f08        0x1 d:/gcc-arm-none-eabi-10-2020-q4-major-win32/gcc-arm-none-eabi-10-2020-q4-major/bin/../lib/gcc/arm-none-eabi/10.2.1/../../../../arm-none-eabi/lib/thumb/v7-m/nofp\libg.a(lib_a-lock.o)
                0x20000f08                __lock___atexit_recursive_mutex
 *fill*         0x20000f09        0x3 
 .bss.__lock___malloc_recursive_mutex
                0x20000f0c        0x1 d:/gcc-arm-none-eabi-10-2020-q4-major-win32/gcc-arm-none-eabi-10-2020-q4-major/bin/../lib/gcc/arm-none-eabi/10.2.1/../../../../arm-none-eabi/lib/thumb/v7-m/nofp\libg.a(lib_a-lock.o)
                0x20000f0c                __lock___malloc_recursive_mutex
 *fill*         0x20000f0d        0x3 
 .bss.__lock___sfp_recursive_mutex
                0x20000f10        0x1 d:/gcc-arm-none-eabi-10-2020-q4-major-win32/gcc-arm-none-eabi-10-2020-q4-major/bin/../lib/gcc/arm-none-eabi/10.2.1/../../../../arm-none-eabi/lib/thumb/v7-m/nofp\libg.a(lib_a-lock.o)
                0x20000f10                __lock___sfp_recursive_mutex
 *fill*         0x20000f11        0x3 
 .bss.__lock___sinit_recursive_mutex
                0x20000f14        0x1 d:/gcc-arm-none-eabi-10-2020-q4-major-win32/gcc-arm-none-eabi-10-2020-q4-major/bin/../lib/gcc/arm-none-eabi/10.2.1/../../../../arm-none-eabi/lib/thumb/v7-m/nofp\libg.a(lib_a-lock.o)
                0x20000f14                __lock___sinit_recursive_mutex
 *fill*         0x20000f15        0x3 
 .bss.__malloc_current_mallinfo
                0x20000f18       0x28 d:/gcc-arm-none-eabi-10-2020-q4-major-win32/gcc-arm-none-eabi-10-2020-q4-major/bin/../lib/gcc/arm-none-eabi/10.2.1/../../../../arm-none-eabi/lib/thumb/v7-m/nofp\libg.a(lib_a-mallocr.o)
                0x20000f18                __malloc_current_mallinfo
 .bss.__malloc_max_sbrked_mem
                0x20000f40        0x4 d:/gcc-arm-none-eabi-10-2020-q4-major-win32/gcc-arm-none-eabi-10-2020-q4-major/bin/../lib/gcc/arm-none-eabi/10.2.1/../../../../arm-none-eabi/lib/thumb/v7-m/nofp\libg.a(lib_a-mallocr.o)
                0x20000f40                __malloc_max_sbrked_mem
 .bss.__malloc_max_total_mem
                0x20000f44        0x4 d:/gcc-arm-none-eabi-10-2020-q4-major-win32/gcc-arm-none-eabi-10-2020-q4-major/bin/../lib/gcc/arm-none-eabi/10.2.1/../../../../arm-none-eabi/lib/thumb/v7-m/nofp\libg.a(lib_a-mallocr.o)
                0x20000f44                __malloc_max_total_mem
 .bss.__malloc_top_pad
                0x20000f48        0x4 d:/gcc-arm-none-eabi-10-2020-q4-major-win32/gcc-arm-none-eabi-10-2020-q4-major/bin/../lib/gcc/arm-none-eabi/10.2.1/../../../../arm-none-eabi/lib/thumb/v7-m/nofp\libg.a(lib_a-mallocr.o)
                0x20000f48                __malloc_top_pad
 .bss.errno     0x20000f4c        0x4 d:/gcc-arm-none-eabi-10-2020-q4-major-win32/gcc-arm-none-eabi-10-2020-q4-major/bin/../lib/gcc/arm-none-eabi/10.2.1/../../../../arm-none-eabi/lib/thumb/v7-m/nofp\libg.a(lib_a-reent.o)
                0x20000f4c                errno
 *(COMMON)
                0x20000f50                . = ALIGN (0x4)
                0x20000f50                _ebss = .
                0x20000f50                __bss_end__ = _ebss

._user_heap_stack
                0x20000f50      0x600 load address 0x080074c4
                0x20000f50                . = ALIGN (0x8)
                0x20000f50                PROVIDE (end = .)
                [!provide]                PROVIDE (_end = .)
                0x20001150                . = (. + _Min_Heap_Size)
 *fill*         0x20000f50      0x200 
                0x20001550                . = (. + _Min_Stack_Size)
 *fill*         0x20001150      0x400 
                0x20001550                . = ALIGN (0x8)

/DISCARD/
 libc.a(*)
 libm.a(*)
 libgcc.a(*)

.ARM.attributes
                0x00000000       0x29
 *(.ARM.attributes)
 .ARM.attributes
                0x00000000       0x1d d:/gcc-arm-none-eabi-10-2020-q4-major-win32/gcc-arm-none-eabi-10-2020-q4-major/bin/../lib/gcc/arm-none-eabi/10.2.1/thumb/v7-m/nofp/crti.o
 .ARM.attributes
                0x0000001d       0x2d d:/gcc-arm-none-eabi-10-2020-q4-major-win32/gcc-arm-none-eabi-10-2020-q4-major/bin/../lib/gcc/arm-none-eabi/10.2.1/thumb/v7-m/nofp/crtbegin.o
 .ARM.attributes
                0x0000004a       0x2d CMakeFiles/holtek.elf.dir/Drivers/STM32F1xx_HAL_Driver/Src/stm32f1xx_hal.c.obj
 .ARM.attributes
                0x00000077       0x2d CMakeFiles/holtek.elf.dir/Drivers/STM32F1xx_HAL_Driver/Src/stm32f1xx_hal_adc.c.obj
 .ARM.attributes
                0x000000a4       0x2d CMakeFiles/holtek.elf.dir/Drivers/STM32F1xx_HAL_Driver/Src/stm32f1xx_hal_adc_ex.c.obj
 .ARM.attributes
                0x000000d1       0x2d CMakeFiles/holtek.elf.dir/Drivers/STM32F1xx_HAL_Driver/Src/stm32f1xx_hal_cortex.c.obj
 .ARM.attributes
                0x000000fe       0x2d CMakeFiles/holtek.elf.dir/Drivers/STM32F1xx_HAL_Driver/Src/stm32f1xx_hal_gpio.c.obj
 .ARM.attributes
                0x0000012b       0x2d CMakeFiles/holtek.elf.dir/Drivers/STM32F1xx_HAL_Driver/Src/stm32f1xx_hal_rcc.c.obj
 .ARM.attributes
                0x00000158       0x2d CMakeFiles/holtek.elf.dir/Drivers/STM32F1xx_HAL_Driver/Src/stm32f1xx_hal_rcc_ex.c.obj
 .ARM.attributes
                0x00000185       0x2d CMakeFiles/holtek.elf.dir/Drivers/STM32F1xx_HAL_Driver/Src/stm32f1xx_hal_tim.c.obj
 .ARM.attributes
                0x000001b2       0x2d CMakeFiles/holtek.elf.dir/Drivers/STM32F1xx_HAL_Driver/Src/stm32f1xx_hal_tim_ex.c.obj
 .ARM.attributes
                0x000001df       0x2d CMakeFiles/holtek.elf.dir/Drivers/STM32F1xx_HAL_Driver/Src/stm32f1xx_hal_uart.c.obj
 .ARM.attributes
                0x0000020c       0x2d CMakeFiles/holtek.elf.dir/Src/adc.c.obj
 .ARM.attributes
                0x00000239       0x2d CMakeFiles/holtek.elf.dir/Src/gpio.c.obj
 .ARM.attributes
                0x00000266       0x2d CMakeFiles/holtek.elf.dir/Src/main.c.obj
 .ARM.attributes
                0x00000293       0x2d CMakeFiles/holtek.elf.dir/Src/stm32f1xx_hal_msp.c.obj
 .ARM.attributes
                0x000002c0       0x2d CMakeFiles/holtek.elf.dir/Src/stm32f1xx_it.c.obj
 .ARM.attributes
                0x000002ed       0x2d CMakeFiles/holtek.elf.dir/Src/syscalls.c.obj
 .ARM.attributes
                0x0000031a       0x2d CMakeFiles/holtek.elf.dir/Src/system_stm32f1xx.c.obj
 .ARM.attributes
                0x00000347       0x2d CMakeFiles/holtek.elf.dir/Src/tim.c.obj
 .ARM.attributes
                0x00000374       0x2d CMakeFiles/holtek.elf.dir/Src/usart.c.obj
 .ARM.attributes
                0x000003a1       0x2d CMakeFiles/holtek.elf.dir/bsp/bsp_delay.c.obj
 .ARM.attributes
                0x000003ce       0x2d CMakeFiles/holtek.elf.dir/bsp/bsp_uart.c.obj
 .ARM.attributes
                0x000003fb       0x2d CMakeFiles/holtek.elf.dir/bsp/led.c.obj
 .ARM.attributes
                0x00000428       0x2d CMakeFiles/holtek.elf.dir/bsp/motor_control.c.obj
 .ARM.attributes
                0x00000455       0x2d CMakeFiles/holtek.elf.dir/bsp/my_led.c.obj
 .ARM.attributes
                0x00000482       0x2d CMakeFiles/holtek.elf.dir/bsp/pid_.c.obj
 .ARM.attributes
                0x000004af       0x2d CMakeFiles/holtek.elf.dir/bsp/retarget.c.obj
 .ARM.attributes
                0x000004dc       0x2d CMakeFiles/holtek.elf.dir/bsp/timer_it.c.obj
 .ARM.attributes
                0x00000509       0x2d CMakeFiles/holtek.elf.dir/bsp/tracker.c.obj
 .ARM.attributes
                0x00000536       0x21 CMakeFiles/holtek.elf.dir/startup/startup_stm32f103xe.s.obj
 .ARM.attributes
                0x00000557       0x1d d:/gcc-arm-none-eabi-10-2020-q4-major-win32/gcc-arm-none-eabi-10-2020-q4-major/bin/../lib/gcc/arm-none-eabi/10.2.1/thumb/v7-m/nofp\libgcc.a(_arm_mulsf3.o)
 .ARM.attributes
                0x00000574       0x1d d:/gcc-arm-none-eabi-10-2020-q4-major-win32/gcc-arm-none-eabi-10-2020-q4-major/bin/../lib/gcc/arm-none-eabi/10.2.1/thumb/v7-m/nofp\libgcc.a(_arm_addsubdf3.o)
 .ARM.attributes
                0x00000591       0x1d d:/gcc-arm-none-eabi-10-2020-q4-major-win32/gcc-arm-none-eabi-10-2020-q4-major/bin/../lib/gcc/arm-none-eabi/10.2.1/thumb/v7-m/nofp\libgcc.a(_arm_truncdfsf2.o)
 .ARM.attributes
                0x000005ae       0x1d d:/gcc-arm-none-eabi-10-2020-q4-major-win32/gcc-arm-none-eabi-10-2020-q4-major/bin/../lib/gcc/arm-none-eabi/10.2.1/thumb/v7-m/nofp\libgcc.a(_arm_addsubsf3.o)
 .ARM.attributes
                0x000005cb       0x1d d:/gcc-arm-none-eabi-10-2020-q4-major-win32/gcc-arm-none-eabi-10-2020-q4-major/bin/../lib/gcc/arm-none-eabi/10.2.1/thumb/v7-m/nofp\libgcc.a(_arm_cmpsf2.o)
 .ARM.attributes
                0x000005e8       0x1d d:/gcc-arm-none-eabi-10-2020-q4-major-win32/gcc-arm-none-eabi-10-2020-q4-major/bin/../lib/gcc/arm-none-eabi/10.2.1/thumb/v7-m/nofp\libgcc.a(_arm_fixsfsi.o)
 .ARM.attributes
                0x00000605       0x2d d:/gcc-arm-none-eabi-10-2020-q4-major-win32/gcc-arm-none-eabi-10-2020-q4-major/bin/../lib/gcc/arm-none-eabi/10.2.1/../../../../arm-none-eabi/lib/thumb/v7-m/nofp\libg.a(lib_a-errno.o)
 .ARM.attributes
                0x00000632       0x2d d:/gcc-arm-none-eabi-10-2020-q4-major-win32/gcc-arm-none-eabi-10-2020-q4-major/bin/../lib/gcc/arm-none-eabi/10.2.1/../../../../arm-none-eabi/lib/thumb/v7-m/nofp\libg.a(lib_a-impure.o)
 .ARM.attributes
                0x0000065f       0x2d d:/gcc-arm-none-eabi-10-2020-q4-major-win32/gcc-arm-none-eabi-10-2020-q4-major/bin/../lib/gcc/arm-none-eabi/10.2.1/../../../../arm-none-eabi/lib/thumb/v7-m/nofp\libg.a(lib_a-init.o)
 .ARM.attributes
                0x0000068c       0x2d d:/gcc-arm-none-eabi-10-2020-q4-major-win32/gcc-arm-none-eabi-10-2020-q4-major/bin/../lib/gcc/arm-none-eabi/10.2.1/../../../../arm-none-eabi/lib/thumb/v7-m/nofp\libg.a(lib_a-memset.o)
 .ARM.attributes
                0x000006b9       0x2d d:/gcc-arm-none-eabi-10-2020-q4-major-win32/gcc-arm-none-eabi-10-2020-q4-major/bin/../lib/gcc/arm-none-eabi/10.2.1/../../../../arm-none-eabi/lib/thumb/v7-m/nofp\libg.a(lib_a-setvbuf.o)
 .ARM.attributes
                0x000006e6       0x2d d:/gcc-arm-none-eabi-10-2020-q4-major-win32/gcc-arm-none-eabi-10-2020-q4-major/bin/../lib/gcc/arm-none-eabi/10.2.1/../../../../arm-none-eabi/lib/thumb/v7-m/nofp\libg.a(lib_a-__call_atexit.o)
 .ARM.attributes
                0x00000713       0x2d d:/gcc-arm-none-eabi-10-2020-q4-major-win32/gcc-arm-none-eabi-10-2020-q4-major/bin/../lib/gcc/arm-none-eabi/10.2.1/../../../../arm-none-eabi/lib/thumb/v7-m/nofp\libg.a(lib_a-atexit.o)
 .ARM.attributes
                0x00000740       0x2d d:/gcc-arm-none-eabi-10-2020-q4-major-win32/gcc-arm-none-eabi-10-2020-q4-major/bin/../lib/gcc/arm-none-eabi/10.2.1/../../../../arm-none-eabi/lib/thumb/v7-m/nofp\libg.a(lib_a-fflush.o)
 .ARM.attributes
                0x0000076d       0x2d d:/gcc-arm-none-eabi-10-2020-q4-major-win32/gcc-arm-none-eabi-10-2020-q4-major/bin/../lib/gcc/arm-none-eabi/10.2.1/../../../../arm-none-eabi/lib/thumb/v7-m/nofp\libg.a(lib_a-findfp.o)
 .ARM.attributes
                0x0000079a       0x2d d:/gcc-arm-none-eabi-10-2020-q4-major-win32/gcc-arm-none-eabi-10-2020-q4-major/bin/../lib/gcc/arm-none-eabi/10.2.1/../../../../arm-none-eabi/lib/thumb/v7-m/nofp\libg.a(lib_a-fini.o)
 .ARM.attributes
                0x000007c7       0x2d d:/gcc-arm-none-eabi-10-2020-q4-major-win32/gcc-arm-none-eabi-10-2020-q4-major/bin/../lib/gcc/arm-none-eabi/10.2.1/../../../../arm-none-eabi/lib/thumb/v7-m/nofp\libg.a(lib_a-freer.o)
 .ARM.attributes
                0x000007f4       0x2d d:/gcc-arm-none-eabi-10-2020-q4-major-win32/gcc-arm-none-eabi-10-2020-q4-major/bin/../lib/gcc/arm-none-eabi/10.2.1/../../../../arm-none-eabi/lib/thumb/v7-m/nofp\libg.a(lib_a-fwalk.o)
 .ARM.attributes
                0x00000821       0x2d d:/gcc-arm-none-eabi-10-2020-q4-major-win32/gcc-arm-none-eabi-10-2020-q4-major/bin/../lib/gcc/arm-none-eabi/10.2.1/../../../../arm-none-eabi/lib/thumb/v7-m/nofp\libg.a(lib_a-lock.o)
 .ARM.attributes
                0x0000084e       0x2d d:/gcc-arm-none-eabi-10-2020-q4-major-win32/gcc-arm-none-eabi-10-2020-q4-major/bin/../lib/gcc/arm-none-eabi/10.2.1/../../../../arm-none-eabi/lib/thumb/v7-m/nofp\libg.a(lib_a-makebuf.o)
 .ARM.attributes
                0x0000087b       0x2d d:/gcc-arm-none-eabi-10-2020-q4-major-win32/gcc-arm-none-eabi-10-2020-q4-major/bin/../lib/gcc/arm-none-eabi/10.2.1/../../../../arm-none-eabi/lib/thumb/v7-m/nofp\libg.a(lib_a-malloc.o)
 .ARM.attributes
                0x000008a8       0x2d d:/gcc-arm-none-eabi-10-2020-q4-major-win32/gcc-arm-none-eabi-10-2020-q4-major/bin/../lib/gcc/arm-none-eabi/10.2.1/../../../../arm-none-eabi/lib/thumb/v7-m/nofp\libg.a(lib_a-mallocr.o)
 .ARM.attributes
                0x000008d5       0x2d d:/gcc-arm-none-eabi-10-2020-q4-major-win32/gcc-arm-none-eabi-10-2020-q4-major/bin/../lib/gcc/arm-none-eabi/10.2.1/../../../../arm-none-eabi/lib/thumb/v7-m/nofp\libg.a(lib_a-mlock.o)
 .ARM.attributes
                0x00000902       0x2d d:/gcc-arm-none-eabi-10-2020-q4-major-win32/gcc-arm-none-eabi-10-2020-q4-major/bin/../lib/gcc/arm-none-eabi/10.2.1/../../../../arm-none-eabi/lib/thumb/v7-m/nofp\libg.a(lib_a-sbrkr.o)
 .ARM.attributes
                0x0000092f       0x2d d:/gcc-arm-none-eabi-10-2020-q4-major-win32/gcc-arm-none-eabi-10-2020-q4-major/bin/../lib/gcc/arm-none-eabi/10.2.1/../../../../arm-none-eabi/lib/thumb/v7-m/nofp\libg.a(lib_a-stdio.o)
 .ARM.attributes
                0x0000095c       0x2d d:/gcc-arm-none-eabi-10-2020-q4-major-win32/gcc-arm-none-eabi-10-2020-q4-major/bin/../lib/gcc/arm-none-eabi/10.2.1/../../../../arm-none-eabi/lib/thumb/v7-m/nofp\libg.a(lib_a-writer.o)
 .ARM.attributes
                0x00000989       0x2d d:/gcc-arm-none-eabi-10-2020-q4-major-win32/gcc-arm-none-eabi-10-2020-q4-major/bin/../lib/gcc/arm-none-eabi/10.2.1/../../../../arm-none-eabi/lib/thumb/v7-m/nofp\libg.a(lib_a-__atexit.o)
 .ARM.attributes
                0x000009b6       0x2d d:/gcc-arm-none-eabi-10-2020-q4-major-win32/gcc-arm-none-eabi-10-2020-q4-major/bin/../lib/gcc/arm-none-eabi/10.2.1/../../../../arm-none-eabi/lib/thumb/v7-m/nofp\libg.a(lib_a-closer.o)
 .ARM.attributes
                0x000009e3       0x2d d:/gcc-arm-none-eabi-10-2020-q4-major-win32/gcc-arm-none-eabi-10-2020-q4-major/bin/../lib/gcc/arm-none-eabi/10.2.1/../../../../arm-none-eabi/lib/thumb/v7-m/nofp\libg.a(lib_a-fclose.o)
 .ARM.attributes
                0x00000a10       0x2d d:/gcc-arm-none-eabi-10-2020-q4-major-win32/gcc-arm-none-eabi-10-2020-q4-major/bin/../lib/gcc/arm-none-eabi/10.2.1/../../../../arm-none-eabi/lib/thumb/v7-m/nofp\libg.a(lib_a-fstatr.o)
 .ARM.attributes
                0x00000a3d       0x2d d:/gcc-arm-none-eabi-10-2020-q4-major-win32/gcc-arm-none-eabi-10-2020-q4-major/bin/../lib/gcc/arm-none-eabi/10.2.1/../../../../arm-none-eabi/lib/thumb/v7-m/nofp\libg.a(lib_a-lseekr.o)
 .ARM.attributes
                0x00000a6a       0x2d d:/gcc-arm-none-eabi-10-2020-q4-major-win32/gcc-arm-none-eabi-10-2020-q4-major/bin/../lib/gcc/arm-none-eabi/10.2.1/../../../../arm-none-eabi/lib/thumb/v7-m/nofp\libg.a(lib_a-readr.o)
 .ARM.attributes
                0x00000a97       0x2d d:/gcc-arm-none-eabi-10-2020-q4-major-win32/gcc-arm-none-eabi-10-2020-q4-major/bin/../lib/gcc/arm-none-eabi/10.2.1/../../../../arm-none-eabi/lib/thumb/v7-m/nofp\libg.a(lib_a-reent.o)
 .ARM.attributes
                0x00000ac4       0x1d d:/gcc-arm-none-eabi-10-2020-q4-major-win32/gcc-arm-none-eabi-10-2020-q4-major/bin/../lib/gcc/arm-none-eabi/10.2.1/thumb/v7-m/nofp\libgcc.a(_arm_muldivdf3.o)
 .ARM.attributes
                0x00000ae1       0x1d d:/gcc-arm-none-eabi-10-2020-q4-major-win32/gcc-arm-none-eabi-10-2020-q4-major/bin/../lib/gcc/arm-none-eabi/10.2.1/thumb/v7-m/nofp/crtn.o
OUTPUT(holtek.elf elf32-littlearm)
LOAD linker stubs
LOAD d:/gcc-arm-none-eabi-10-2020-q4-major-win32/gcc-arm-none-eabi-10-2020-q4-major/bin/../lib/gcc/arm-none-eabi/10.2.1/../../../../arm-none-eabi/lib/thumb/v7-m/nofp\libc.a
LOAD d:/gcc-arm-none-eabi-10-2020-q4-major-win32/gcc-arm-none-eabi-10-2020-q4-major/bin/../lib/gcc/arm-none-eabi/10.2.1/../../../../arm-none-eabi/lib/thumb/v7-m/nofp\libm.a
LOAD d:/gcc-arm-none-eabi-10-2020-q4-major-win32/gcc-arm-none-eabi-10-2020-q4-major/bin/../lib/gcc/arm-none-eabi/10.2.1/thumb/v7-m/nofp\libgcc.a

.debug_info     0x00000000    0x25632
 .debug_info    0x00000000      0x80e CMakeFiles/holtek.elf.dir/Drivers/STM32F1xx_HAL_Driver/Src/stm32f1xx_hal.c.obj
 .debug_info    0x0000080e      0xf10 CMakeFiles/holtek.elf.dir/Drivers/STM32F1xx_HAL_Driver/Src/stm32f1xx_hal_adc.c.obj
 .debug_info    0x0000171e      0xbd7 CMakeFiles/holtek.elf.dir/Drivers/STM32F1xx_HAL_Driver/Src/stm32f1xx_hal_adc_ex.c.obj
 .debug_info    0x000022f5      0xdf0 CMakeFiles/holtek.elf.dir/Drivers/STM32F1xx_HAL_Driver/Src/stm32f1xx_hal_cortex.c.obj
 .debug_info    0x000030e5      0x66f CMakeFiles/holtek.elf.dir/Drivers/STM32F1xx_HAL_Driver/Src/stm32f1xx_hal_gpio.c.obj
 .debug_info    0x00003754      0xa36 CMakeFiles/holtek.elf.dir/Drivers/STM32F1xx_HAL_Driver/Src/stm32f1xx_hal_rcc.c.obj
 .debug_info    0x0000418a      0x47e CMakeFiles/holtek.elf.dir/Drivers/STM32F1xx_HAL_Driver/Src/stm32f1xx_hal_rcc_ex.c.obj
 .debug_info    0x00004608     0x3abe CMakeFiles/holtek.elf.dir/Drivers/STM32F1xx_HAL_Driver/Src/stm32f1xx_hal_tim.c.obj
 .debug_info    0x000080c6     0x19a1 CMakeFiles/holtek.elf.dir/Drivers/STM32F1xx_HAL_Driver/Src/stm32f1xx_hal_tim_ex.c.obj
 .debug_info    0x00009a67     0x1845 CMakeFiles/holtek.elf.dir/Drivers/STM32F1xx_HAL_Driver/Src/stm32f1xx_hal_uart.c.obj
 .debug_info    0x0000b2ac      0xa72 CMakeFiles/holtek.elf.dir/Src/adc.c.obj
 .debug_info    0x0000bd1e      0x3c2 CMakeFiles/holtek.elf.dir/Src/gpio.c.obj
 .debug_info    0x0000c0e0     0x4d33 CMakeFiles/holtek.elf.dir/Src/main.c.obj
 .debug_info    0x00010e13      0x211 CMakeFiles/holtek.elf.dir/Src/stm32f1xx_hal_msp.c.obj
 .debug_info    0x00011024      0xa39 CMakeFiles/holtek.elf.dir/Src/stm32f1xx_it.c.obj
 .debug_info    0x00011a5d      0x750 CMakeFiles/holtek.elf.dir/Src/syscalls.c.obj
 .debug_info    0x000121ad      0x248 CMakeFiles/holtek.elf.dir/Src/system_stm32f1xx.c.obj
 .debug_info    0x000123f5     0x13d2 CMakeFiles/holtek.elf.dir/Src/tim.c.obj
 .debug_info    0x000137c7      0xc6d CMakeFiles/holtek.elf.dir/Src/usart.c.obj
 .debug_info    0x00014434      0x275 CMakeFiles/holtek.elf.dir/bsp/bsp_delay.c.obj
 .debug_info    0x000146a9     0x1f04 CMakeFiles/holtek.elf.dir/bsp/bsp_uart.c.obj
 .debug_info    0x000165ad     0x1f61 CMakeFiles/holtek.elf.dir/bsp/led.c.obj
 .debug_info    0x0001850e     0x2813 CMakeFiles/holtek.elf.dir/bsp/motor_control.c.obj
 .debug_info    0x0001ad21     0x867f CMakeFiles/holtek.elf.dir/bsp/my_led.c.obj
 .debug_info    0x000233a0      0x4d1 CMakeFiles/holtek.elf.dir/bsp/pid_.c.obj
 .debug_info    0x00023871     0x1289 CMakeFiles/holtek.elf.dir/bsp/retarget.c.obj
 .debug_info    0x00024afa      0x872 CMakeFiles/holtek.elf.dir/bsp/timer_it.c.obj
 .debug_info    0x0002536c      0x2a4 CMakeFiles/holtek.elf.dir/bsp/tracker.c.obj
 .debug_info    0x00025610       0x22 CMakeFiles/holtek.elf.dir/startup/startup_stm32f103xe.s.obj

.debug_abbrev   0x00000000     0x375c
 .debug_abbrev  0x00000000      0x1f4 CMakeFiles/holtek.elf.dir/Drivers/STM32F1xx_HAL_Driver/Src/stm32f1xx_hal.c.obj
 .debug_abbrev  0x000001f4      0x1fc CMakeFiles/holtek.elf.dir/Drivers/STM32F1xx_HAL_Driver/Src/stm32f1xx_hal_adc.c.obj
 .debug_abbrev  0x000003f0      0x237 CMakeFiles/holtek.elf.dir/Drivers/STM32F1xx_HAL_Driver/Src/stm32f1xx_hal_adc_ex.c.obj
 .debug_abbrev  0x00000627      0x341 CMakeFiles/holtek.elf.dir/Drivers/STM32F1xx_HAL_Driver/Src/stm32f1xx_hal_cortex.c.obj
 .debug_abbrev  0x00000968      0x1e6 CMakeFiles/holtek.elf.dir/Drivers/STM32F1xx_HAL_Driver/Src/stm32f1xx_hal_gpio.c.obj
 .debug_abbrev  0x00000b4e      0x27a CMakeFiles/holtek.elf.dir/Drivers/STM32F1xx_HAL_Driver/Src/stm32f1xx_hal_rcc.c.obj
 .debug_abbrev  0x00000dc8      0x1d2 CMakeFiles/holtek.elf.dir/Drivers/STM32F1xx_HAL_Driver/Src/stm32f1xx_hal_rcc_ex.c.obj
 .debug_abbrev  0x00000f9a      0x23e CMakeFiles/holtek.elf.dir/Drivers/STM32F1xx_HAL_Driver/Src/stm32f1xx_hal_tim.c.obj
 .debug_abbrev  0x000011d8      0x241 CMakeFiles/holtek.elf.dir/Drivers/STM32F1xx_HAL_Driver/Src/stm32f1xx_hal_tim_ex.c.obj
 .debug_abbrev  0x00001419      0x254 CMakeFiles/holtek.elf.dir/Drivers/STM32F1xx_HAL_Driver/Src/stm32f1xx_hal_uart.c.obj
 .debug_abbrev  0x0000166d      0x1ca CMakeFiles/holtek.elf.dir/Src/adc.c.obj
 .debug_abbrev  0x00001837      0x13c CMakeFiles/holtek.elf.dir/Src/gpio.c.obj
 .debug_abbrev  0x00001973      0x253 CMakeFiles/holtek.elf.dir/Src/main.c.obj
 .debug_abbrev  0x00001bc6       0xe5 CMakeFiles/holtek.elf.dir/Src/stm32f1xx_hal_msp.c.obj
 .debug_abbrev  0x00001cab      0x1a6 CMakeFiles/holtek.elf.dir/Src/stm32f1xx_it.c.obj
 .debug_abbrev  0x00001e51      0x1da CMakeFiles/holtek.elf.dir/Src/syscalls.c.obj
 .debug_abbrev  0x0000202b      0x13e CMakeFiles/holtek.elf.dir/Src/system_stm32f1xx.c.obj
 .debug_abbrev  0x00002169      0x241 CMakeFiles/holtek.elf.dir/Src/tim.c.obj
 .debug_abbrev  0x000023aa      0x1ca CMakeFiles/holtek.elf.dir/Src/usart.c.obj
 .debug_abbrev  0x00002574      0x109 CMakeFiles/holtek.elf.dir/bsp/bsp_delay.c.obj
 .debug_abbrev  0x0000267d      0x296 CMakeFiles/holtek.elf.dir/bsp/bsp_uart.c.obj
 .debug_abbrev  0x00002913      0x13e CMakeFiles/holtek.elf.dir/bsp/led.c.obj
 .debug_abbrev  0x00002a51      0x246 CMakeFiles/holtek.elf.dir/bsp/motor_control.c.obj
 .debug_abbrev  0x00002c97      0x2e4 CMakeFiles/holtek.elf.dir/bsp/my_led.c.obj
 .debug_abbrev  0x00002f7b      0x1b5 CMakeFiles/holtek.elf.dir/bsp/pid_.c.obj
 .debug_abbrev  0x00003130      0x2b4 CMakeFiles/holtek.elf.dir/bsp/retarget.c.obj
 .debug_abbrev  0x000033e4      0x1d9 CMakeFiles/holtek.elf.dir/bsp/timer_it.c.obj
 .debug_abbrev  0x000035bd      0x18d CMakeFiles/holtek.elf.dir/bsp/tracker.c.obj
 .debug_abbrev  0x0000374a       0x12 CMakeFiles/holtek.elf.dir/startup/startup_stm32f103xe.s.obj

.debug_loc      0x00000000     0xd958
 .debug_loc     0x00000000      0x141 CMakeFiles/holtek.elf.dir/Drivers/STM32F1xx_HAL_Driver/Src/stm32f1xx_hal.c.obj
 .debug_loc     0x00000141      0xad9 CMakeFiles/holtek.elf.dir/Drivers/STM32F1xx_HAL_Driver/Src/stm32f1xx_hal_adc.c.obj
 .debug_loc     0x00000c1a      0x8bc CMakeFiles/holtek.elf.dir/Drivers/STM32F1xx_HAL_Driver/Src/stm32f1xx_hal_adc_ex.c.obj
 .debug_loc     0x000014d6      0x71f CMakeFiles/holtek.elf.dir/Drivers/STM32F1xx_HAL_Driver/Src/stm32f1xx_hal_cortex.c.obj
 .debug_loc     0x00001bf5      0x47d CMakeFiles/holtek.elf.dir/Drivers/STM32F1xx_HAL_Driver/Src/stm32f1xx_hal_gpio.c.obj
 .debug_loc     0x00002072      0x63e CMakeFiles/holtek.elf.dir/Drivers/STM32F1xx_HAL_Driver/Src/stm32f1xx_hal_rcc.c.obj
 .debug_loc     0x000026b0      0x42a CMakeFiles/holtek.elf.dir/Drivers/STM32F1xx_HAL_Driver/Src/stm32f1xx_hal_rcc_ex.c.obj
 .debug_loc     0x00002ada     0x47fa CMakeFiles/holtek.elf.dir/Drivers/STM32F1xx_HAL_Driver/Src/stm32f1xx_hal_tim.c.obj
 .debug_loc     0x000072d4     0x1aa2 CMakeFiles/holtek.elf.dir/Drivers/STM32F1xx_HAL_Driver/Src/stm32f1xx_hal_tim_ex.c.obj
 .debug_loc     0x00008d76     0x1951 CMakeFiles/holtek.elf.dir/Drivers/STM32F1xx_HAL_Driver/Src/stm32f1xx_hal_uart.c.obj
 .debug_loc     0x0000a6c7       0x84 CMakeFiles/holtek.elf.dir/Src/adc.c.obj
 .debug_loc     0x0000a74b       0x15 CMakeFiles/holtek.elf.dir/Src/stm32f1xx_hal_msp.c.obj
 .debug_loc     0x0000a760      0x3a2 CMakeFiles/holtek.elf.dir/Src/syscalls.c.obj
 .debug_loc     0x0000ab02       0xff CMakeFiles/holtek.elf.dir/Src/system_stm32f1xx.c.obj
 .debug_loc     0x0000ac01      0x1be CMakeFiles/holtek.elf.dir/Src/tim.c.obj
 .debug_loc     0x0000adbf       0xf8 CMakeFiles/holtek.elf.dir/Src/usart.c.obj
 .debug_loc     0x0000aeb7      0x244 CMakeFiles/holtek.elf.dir/bsp/bsp_delay.c.obj
 .debug_loc     0x0000b0fb      0x2c9 CMakeFiles/holtek.elf.dir/bsp/bsp_uart.c.obj
 .debug_loc     0x0000b3c4       0xba CMakeFiles/holtek.elf.dir/bsp/led.c.obj
 .debug_loc     0x0000b47e      0x387 CMakeFiles/holtek.elf.dir/bsp/motor_control.c.obj
 .debug_loc     0x0000b805     0x1ba3 CMakeFiles/holtek.elf.dir/bsp/my_led.c.obj
 .debug_loc     0x0000d3a8      0x134 CMakeFiles/holtek.elf.dir/bsp/pid_.c.obj
 .debug_loc     0x0000d4dc      0x389 CMakeFiles/holtek.elf.dir/bsp/retarget.c.obj
 .debug_loc     0x0000d865       0x5f CMakeFiles/holtek.elf.dir/bsp/timer_it.c.obj
 .debug_loc     0x0000d8c4       0x94 CMakeFiles/holtek.elf.dir/bsp/tracker.c.obj

.debug_aranges  0x00000000     0x10a0
 .debug_aranges
                0x00000000       0xe0 CMakeFiles/holtek.elf.dir/Drivers/STM32F1xx_HAL_Driver/Src/stm32f1xx_hal.c.obj
 .debug_aranges
                0x000000e0       0xf0 CMakeFiles/holtek.elf.dir/Drivers/STM32F1xx_HAL_Driver/Src/stm32f1xx_hal_adc.c.obj
 .debug_aranges
                0x000001d0       0x80 CMakeFiles/holtek.elf.dir/Drivers/STM32F1xx_HAL_Driver/Src/stm32f1xx_hal_adc_ex.c.obj
 .debug_aranges
                0x00000250       0x90 CMakeFiles/holtek.elf.dir/Drivers/STM32F1xx_HAL_Driver/Src/stm32f1xx_hal_cortex.c.obj
 .debug_aranges
                0x000002e0       0x58 CMakeFiles/holtek.elf.dir/Drivers/STM32F1xx_HAL_Driver/Src/stm32f1xx_hal_gpio.c.obj
 .debug_aranges
                0x00000338       0x90 CMakeFiles/holtek.elf.dir/Drivers/STM32F1xx_HAL_Driver/Src/stm32f1xx_hal_rcc.c.obj
 .debug_aranges
                0x000003c8       0x30 CMakeFiles/holtek.elf.dir/Drivers/STM32F1xx_HAL_Driver/Src/stm32f1xx_hal_rcc_ex.c.obj
 .debug_aranges
                0x000003f8      0x3d0 CMakeFiles/holtek.elf.dir/Drivers/STM32F1xx_HAL_Driver/Src/stm32f1xx_hal_tim.c.obj
 .debug_aranges
                0x000007c8      0x168 CMakeFiles/holtek.elf.dir/Drivers/STM32F1xx_HAL_Driver/Src/stm32f1xx_hal_tim_ex.c.obj
 .debug_aranges
                0x00000930      0x1d0 CMakeFiles/holtek.elf.dir/Drivers/STM32F1xx_HAL_Driver/Src/stm32f1xx_hal_uart.c.obj
 .debug_aranges
                0x00000b00       0x30 CMakeFiles/holtek.elf.dir/Src/adc.c.obj
 .debug_aranges
                0x00000b30       0x20 CMakeFiles/holtek.elf.dir/Src/gpio.c.obj
 .debug_aranges
                0x00000b50       0x40 CMakeFiles/holtek.elf.dir/Src/main.c.obj
 .debug_aranges
                0x00000b90       0x20 CMakeFiles/holtek.elf.dir/Src/stm32f1xx_hal_msp.c.obj
 .debug_aranges
                0x00000bb0       0xa0 CMakeFiles/holtek.elf.dir/Src/stm32f1xx_it.c.obj
 .debug_aranges
                0x00000c50       0x90 CMakeFiles/holtek.elf.dir/Src/syscalls.c.obj
 .debug_aranges
                0x00000ce0       0x28 CMakeFiles/holtek.elf.dir/Src/system_stm32f1xx.c.obj
 .debug_aranges
                0x00000d08       0x60 CMakeFiles/holtek.elf.dir/Src/tim.c.obj
 .debug_aranges
                0x00000d68       0x40 CMakeFiles/holtek.elf.dir/Src/usart.c.obj
 .debug_aranges
                0x00000da8       0x30 CMakeFiles/holtek.elf.dir/bsp/bsp_delay.c.obj
 .debug_aranges
                0x00000dd8       0x58 CMakeFiles/holtek.elf.dir/bsp/bsp_uart.c.obj
 .debug_aranges
                0x00000e30       0x20 CMakeFiles/holtek.elf.dir/bsp/led.c.obj
 .debug_aranges
                0x00000e50       0x70 CMakeFiles/holtek.elf.dir/bsp/motor_control.c.obj
 .debug_aranges
                0x00000ec0       0xd8 CMakeFiles/holtek.elf.dir/bsp/my_led.c.obj
 .debug_aranges
                0x00000f98       0x38 CMakeFiles/holtek.elf.dir/bsp/pid_.c.obj
 .debug_aranges
                0x00000fd0       0x50 CMakeFiles/holtek.elf.dir/bsp/retarget.c.obj
 .debug_aranges
                0x00001020       0x30 CMakeFiles/holtek.elf.dir/bsp/timer_it.c.obj
 .debug_aranges
                0x00001050       0x28 CMakeFiles/holtek.elf.dir/bsp/tracker.c.obj
 .debug_aranges
                0x00001078       0x28 CMakeFiles/holtek.elf.dir/startup/startup_stm32f103xe.s.obj

.debug_ranges   0x00000000      0xfb8
 .debug_ranges  0x00000000       0xd0 CMakeFiles/holtek.elf.dir/Drivers/STM32F1xx_HAL_Driver/Src/stm32f1xx_hal.c.obj
 .debug_ranges  0x000000d0       0xe0 CMakeFiles/holtek.elf.dir/Drivers/STM32F1xx_HAL_Driver/Src/stm32f1xx_hal_adc.c.obj
 .debug_ranges  0x000001b0       0x70 CMakeFiles/holtek.elf.dir/Drivers/STM32F1xx_HAL_Driver/Src/stm32f1xx_hal_adc_ex.c.obj
 .debug_ranges  0x00000220       0xe0 CMakeFiles/holtek.elf.dir/Drivers/STM32F1xx_HAL_Driver/Src/stm32f1xx_hal_cortex.c.obj
 .debug_ranges  0x00000300       0x48 CMakeFiles/holtek.elf.dir/Drivers/STM32F1xx_HAL_Driver/Src/stm32f1xx_hal_gpio.c.obj
 .debug_ranges  0x00000348       0xa0 CMakeFiles/holtek.elf.dir/Drivers/STM32F1xx_HAL_Driver/Src/stm32f1xx_hal_rcc.c.obj
 .debug_ranges  0x000003e8       0x38 CMakeFiles/holtek.elf.dir/Drivers/STM32F1xx_HAL_Driver/Src/stm32f1xx_hal_rcc_ex.c.obj
 .debug_ranges  0x00000420      0x3c0 CMakeFiles/holtek.elf.dir/Drivers/STM32F1xx_HAL_Driver/Src/stm32f1xx_hal_tim.c.obj
 .debug_ranges  0x000007e0      0x158 CMakeFiles/holtek.elf.dir/Drivers/STM32F1xx_HAL_Driver/Src/stm32f1xx_hal_tim_ex.c.obj
 .debug_ranges  0x00000938      0x1c0 CMakeFiles/holtek.elf.dir/Drivers/STM32F1xx_HAL_Driver/Src/stm32f1xx_hal_uart.c.obj
 .debug_ranges  0x00000af8       0x20 CMakeFiles/holtek.elf.dir/Src/adc.c.obj
 .debug_ranges  0x00000b18       0x10 CMakeFiles/holtek.elf.dir/Src/gpio.c.obj
 .debug_ranges  0x00000b28       0x30 CMakeFiles/holtek.elf.dir/Src/main.c.obj
 .debug_ranges  0x00000b58       0x10 CMakeFiles/holtek.elf.dir/Src/stm32f1xx_hal_msp.c.obj
 .debug_ranges  0x00000b68       0x90 CMakeFiles/holtek.elf.dir/Src/stm32f1xx_it.c.obj
 .debug_ranges  0x00000bf8       0x80 CMakeFiles/holtek.elf.dir/Src/syscalls.c.obj
 .debug_ranges  0x00000c78       0x18 CMakeFiles/holtek.elf.dir/Src/system_stm32f1xx.c.obj
 .debug_ranges  0x00000c90       0x50 CMakeFiles/holtek.elf.dir/Src/tim.c.obj
 .debug_ranges  0x00000ce0       0x30 CMakeFiles/holtek.elf.dir/Src/usart.c.obj
 .debug_ranges  0x00000d10       0x20 CMakeFiles/holtek.elf.dir/bsp/bsp_delay.c.obj
 .debug_ranges  0x00000d30       0x78 CMakeFiles/holtek.elf.dir/bsp/bsp_uart.c.obj
 .debug_ranges  0x00000da8       0x10 CMakeFiles/holtek.elf.dir/bsp/led.c.obj
 .debug_ranges  0x00000db8       0x60 CMakeFiles/holtek.elf.dir/bsp/motor_control.c.obj
 .debug_ranges  0x00000e18       0xc8 CMakeFiles/holtek.elf.dir/bsp/my_led.c.obj
 .debug_ranges  0x00000ee0       0x28 CMakeFiles/holtek.elf.dir/bsp/pid_.c.obj
 .debug_ranges  0x00000f08       0x40 CMakeFiles/holtek.elf.dir/bsp/retarget.c.obj
 .debug_ranges  0x00000f48       0x20 CMakeFiles/holtek.elf.dir/bsp/timer_it.c.obj
 .debug_ranges  0x00000f68       0x30 CMakeFiles/holtek.elf.dir/bsp/tracker.c.obj
 .debug_ranges  0x00000f98       0x20 CMakeFiles/holtek.elf.dir/startup/startup_stm32f103xe.s.obj

.debug_line     0x00000000    0x1127e
 .debug_line    0x00000000      0x5a2 CMakeFiles/holtek.elf.dir/Drivers/STM32F1xx_HAL_Driver/Src/stm32f1xx_hal.c.obj
 .debug_line    0x000005a2      0xf1c CMakeFiles/holtek.elf.dir/Drivers/STM32F1xx_HAL_Driver/Src/stm32f1xx_hal_adc.c.obj
 .debug_line    0x000014be      0xc0e CMakeFiles/holtek.elf.dir/Drivers/STM32F1xx_HAL_Driver/Src/stm32f1xx_hal_adc_ex.c.obj
 .debug_line    0x000020cc      0x697 CMakeFiles/holtek.elf.dir/Drivers/STM32F1xx_HAL_Driver/Src/stm32f1xx_hal_cortex.c.obj
 .debug_line    0x00002763      0x655 CMakeFiles/holtek.elf.dir/Drivers/STM32F1xx_HAL_Driver/Src/stm32f1xx_hal_gpio.c.obj
 .debug_line    0x00002db8      0xc8a CMakeFiles/holtek.elf.dir/Drivers/STM32F1xx_HAL_Driver/Src/stm32f1xx_hal_rcc.c.obj
 .debug_line    0x00003a42      0x532 CMakeFiles/holtek.elf.dir/Drivers/STM32F1xx_HAL_Driver/Src/stm32f1xx_hal_rcc_ex.c.obj
 .debug_line    0x00003f74     0x47a5 CMakeFiles/holtek.elf.dir/Drivers/STM32F1xx_HAL_Driver/Src/stm32f1xx_hal_tim.c.obj
 .debug_line    0x00008719     0x1d20 CMakeFiles/holtek.elf.dir/Drivers/STM32F1xx_HAL_Driver/Src/stm32f1xx_hal_tim_ex.c.obj
 .debug_line    0x0000a439     0x1c16 CMakeFiles/holtek.elf.dir/Drivers/STM32F1xx_HAL_Driver/Src/stm32f1xx_hal_uart.c.obj
 .debug_line    0x0000c04f      0x389 CMakeFiles/holtek.elf.dir/Src/adc.c.obj
 .debug_line    0x0000c3d8      0x28f CMakeFiles/holtek.elf.dir/Src/gpio.c.obj
 .debug_line    0x0000c667      0x485 CMakeFiles/holtek.elf.dir/Src/main.c.obj
 .debug_line    0x0000caec      0x1c0 CMakeFiles/holtek.elf.dir/Src/stm32f1xx_hal_msp.c.obj