Archive member included to satisfy reference by file (symbol)

d:/gcc-arm-none-eabi-10-2020-q4-major-win32/gcc-arm-none-eabi-10-2020-q4-major/bin/../lib/gcc/arm-none-eabi/10.2.1/thumb/v7-m/nofp\libgcc.a(_arm_muldf3.o)
                              CMakeFiles/holtek.elf.dir/bsp/motor_control.c.obj (__aeabi_dmul)
d:/gcc-arm-none-eabi-10-2020-q4-major-win32/gcc-arm-none-eabi-10-2020-q4-major/bin/../lib/gcc/arm-none-eabi/10.2.1/thumb/v7-m/nofp\libgcc.a(_arm_mulsf3.o)
                              CMakeFiles/holtek.elf.dir/bsp/my_led.c.obj (__aeabi_fmul)
d:/gcc-arm-none-eabi-10-2020-q4-major-win32/gcc-arm-none-eabi-10-2020-q4-major/bin/../lib/gcc/arm-none-eabi/10.2.1/thumb/v7-m/nofp\libgcc.a(_arm_addsubdf3.o)
                              CMakeFiles/holtek.elf.dir/bsp/motor_control.c.obj (__aeabi_dsub)
d:/gcc-arm-none-eabi-10-2020-q4-major-win32/gcc-arm-none-eabi-10-2020-q4-major/bin/../lib/gcc/arm-none-eabi/10.2.1/thumb/v7-m/nofp\libgcc.a(_arm_truncdfsf2.o)
                              CMakeFiles/holtek.elf.dir/bsp/motor_control.c.obj (__aeabi_d2f)
d:/gcc-arm-none-eabi-10-2020-q4-major-win32/gcc-arm-none-eabi-10-2020-q4-major/bin/../lib/gcc/arm-none-eabi/10.2.1/thumb/v7-m/nofp\libgcc.a(_arm_addsubsf3.o)
                              CMakeFiles/holtek.elf.dir/bsp/pid_.c.obj (__aeabi_fsub)
d:/gcc-arm-none-eabi-10-2020-q4-major-win32/gcc-arm-none-eabi-10-2020-q4-major/bin/../lib/gcc/arm-none-eabi/10.2.1/thumb/v7-m/nofp\libgcc.a(_arm_cmpsf2.o)
                              CMakeFiles/holtek.elf.dir/bsp/pid_.c.obj (__aeabi_fcmplt)
d:/gcc-arm-none-eabi-10-2020-q4-major-win32/gcc-arm-none-eabi-10-2020-q4-major/bin/../lib/gcc/arm-none-eabi/10.2.1/thumb/v7-m/nofp\libgcc.a(_arm_fixsfsi.o)
                              CMakeFiles/holtek.elf.dir/bsp/motor_control.c.obj (__aeabi_f2iz)
d:/gcc-arm-none-eabi-10-2020-q4-major-win32/gcc-arm-none-eabi-10-2020-q4-major/bin/../lib/gcc/arm-none-eabi/10.2.1/thumb/v7-m/nofp\libgcc.a(_arm_fixunssfsi.o)
                              CMakeFiles/holtek.elf.dir/bsp/my_led.c.obj (__aeabi_f2uiz)
d:/gcc-arm-none-eabi-10-2020-q4-major-win32/gcc-arm-none-eabi-10-2020-q4-major/bin/../lib/gcc/arm-none-eabi/10.2.1/../../../../arm-none-eabi/lib/thumb/v7-m/nofp\libg.a(lib_a-errno.o)
                              CMakeFiles/holtek.elf.dir/Src/syscalls.c.obj (__errno)
d:/gcc-arm-none-eabi-10-2020-q4-major-win32/gcc-arm-none-eabi-10-2020-q4-major/bin/../lib/gcc/arm-none-eabi/10.2.1/../../../../arm-none-eabi/lib/thumb/v7-m/nofp\libg.a(lib_a-exit.o)
                              d:/gcc-arm-none-eabi-10-2020-q4-major-win32/gcc-arm-none-eabi-10-2020-q4-major/bin/../lib/gcc/arm-none-eabi/10.2.1/../../../../arm-none-eabi/lib/thumb/v7-m/nofp/crt0.o (exit)
d:/gcc-arm-none-eabi-10-2020-q4-major-win32/gcc-arm-none-eabi-10-2020-q4-major/bin/../lib/gcc/arm-none-eabi/10.2.1/../../../../arm-none-eabi/lib/thumb/v7-m/nofp\libg.a(lib_a-impure.o)
                              d:/gcc-arm-none-eabi-10-2020-q4-major-win32/gcc-arm-none-eabi-10-2020-q4-major/bin/../lib/gcc/arm-none-eabi/10.2.1/../../../../arm-none-eabi/lib/thumb/v7-m/nofp\libg.a(lib_a-exit.o) (_global_impure_ptr)
d:/gcc-arm-none-eabi-10-2020-q4-major-win32/gcc-arm-none-eabi-10-2020-q4-major/bin/../lib/gcc/arm-none-eabi/10.2.1/../../../../arm-none-eabi/lib/thumb/v7-m/nofp\libg.a(lib_a-init.o)
                              d:/gcc-arm-none-eabi-10-2020-q4-major-win32/gcc-arm-none-eabi-10-2020-q4-major/bin/../lib/gcc/arm-none-eabi/10.2.1/../../../../arm-none-eabi/lib/thumb/v7-m/nofp/crt0.o (__libc_init_array)
d:/gcc-arm-none-eabi-10-2020-q4-major-win32/gcc-arm-none-eabi-10-2020-q4-major/bin/../lib/gcc/arm-none-eabi/10.2.1/../../../../arm-none-eabi/lib/thumb/v7-m/nofp\libg.a(lib_a-memset.o)
                              d:/gcc-arm-none-eabi-10-2020-q4-major-win32/gcc-arm-none-eabi-10-2020-q4-major/bin/../lib/gcc/arm-none-eabi/10.2.1/../../../../arm-none-eabi/lib/thumb/v7-m/nofp/crt0.o (memset)
d:/gcc-arm-none-eabi-10-2020-q4-major-win32/gcc-arm-none-eabi-10-2020-q4-major/bin/../lib/gcc/arm-none-eabi/10.2.1/../../../../arm-none-eabi/lib/thumb/v7-m/nofp\libg.a(lib_a-printf.o)
                              CMakeFiles/holtek.elf.dir/bsp/bsp_uart.c.obj (printf)
d:/gcc-arm-none-eabi-10-2020-q4-major-win32/gcc-arm-none-eabi-10-2020-q4-major/bin/../lib/gcc/arm-none-eabi/10.2.1/../../../../arm-none-eabi/lib/thumb/v7-m/nofp\libg.a(lib_a-setvbuf.o)
                              CMakeFiles/holtek.elf.dir/bsp/retarget.c.obj (setvbuf)
d:/gcc-arm-none-eabi-10-2020-q4-major-win32/gcc-arm-none-eabi-10-2020-q4-major/bin/../lib/gcc/arm-none-eabi/10.2.1/../../../../arm-none-eabi/lib/thumb/v7-m/nofp\libg.a(lib_a-vfprintf.o)
                              d:/gcc-arm-none-eabi-10-2020-q4-major-win32/gcc-arm-none-eabi-10-2020-q4-major/bin/../lib/gcc/arm-none-eabi/10.2.1/../../../../arm-none-eabi/lib/thumb/v7-m/nofp\libg.a(lib_a-printf.o) (_vfprintf_r)
[...]
Memory Configuration

Name             Origin             Length             Attributes
RAM              0x20000000         0x0000c000         xrw
FLASH            0x08000000         0x00040000         xr
*default*        0x00000000         0xffffffff

Linker script and memory map

LOAD d:/gcc-arm-none-eabi-10-2020-q4-major-win32/gcc-arm-none-eabi-10-2020-q4-major/bin/../lib/gcc/arm-none-eabi/10.2.1/thumb/v7-m/nofp/crti.o
LOAD d:/gcc-arm-none-eabi-10-2020-q4-major-win32/gcc-arm-none-eabi-10-2020-q4-major/bin/../lib/gcc/arm-none-eabi/10.2.1/thumb/v7-m/nofp/crtbegin.o
LOAD d:/gcc-arm-none-eabi-10-2020-q4-major-win32/gcc-arm-none-eabi-10-2020-q4-major/bin/../lib/gcc/arm-none-eabi/10.2.1/../../../../arm-none-eabi/lib/thumb/v7-m/nofp/crt0.o
LOAD CMakeFiles/holtek.elf.dir/Drivers/STM32F1xx_HAL_Driver/Src/stm32f1xx_hal.c.obj
LOAD CMakeFiles/holtek.elf.dir/Drivers/STM32F1xx_HAL_Driver/Src/stm32f1xx_hal_adc.c.obj
LOAD CMakeFiles/holtek.elf.dir/Drivers/STM32F1xx_HAL_Driver/Src/stm32f1xx_hal_adc_ex.c.obj
LOAD CMakeFiles/holtek.elf.dir/Drivers/STM32F1xx_HAL_Driver/Src/stm32f1xx_hal_cortex.c.obj
LOAD CMakeFiles/holtek.elf.dir/Drivers/STM32F1xx_HAL_Driver/Src/stm32f1xx_hal_dma.c.obj
LOAD CMakeFiles/holtek.elf.dir/Drivers/STM32F1xx_HAL_Driver/Src/stm32f1xx_hal_exti.c.obj
LOAD CMakeFiles/holtek.elf.dir/Drivers/STM32F1xx_HAL_Driver/Src/stm32f1xx_hal_flash.c.obj
LOAD CMakeFiles/holtek.elf.dir/Drivers/STM32F1xx_HAL_Driver/Src/stm32f1xx_hal_flash_ex.c.obj
LOAD CMakeFiles/holtek.elf.dir/Drivers/STM32F1xx_HAL_Driver/Src/stm32f1xx_hal_gpio.c.obj
LOAD CMakeFiles/holtek.elf.dir/Drivers/STM32F1xx_HAL_Driver/Src/stm32f1xx_hal_gpio_ex.c.obj
LOAD CMakeFiles/holtek.elf.dir/Drivers/STM32F1xx_HAL_Driver/Src/stm32f1xx_hal_pwr.c.obj
LOAD CMakeFiles/holtek.elf.dir/Drivers/STM32F1xx_HAL_Driver/Src/stm32f1xx_hal_rcc.c.obj
LOAD CMakeFiles/holtek.elf.dir/Drivers/STM32F1xx_HAL_Driver/Src/stm32f1xx_hal_rcc_ex.c.obj
LOAD CMakeFiles/holtek.elf.dir/Drivers/STM32F1xx_HAL_Driver/Src/stm32f1xx_hal_tim.c.obj
LOAD CMakeFiles/holtek.elf.dir/Drivers/STM32F1xx_HAL_Driver/Src/stm32f1xx_hal_tim_ex.c.obj
LOAD CMakeFiles/holtek.elf.dir/Drivers/STM32F1xx_HAL_Driver/Src/stm32f1xx_hal_uart.c.obj
LOAD CMakeFiles/holtek.elf.dir/Src/adc.c.obj
LOAD CMakeFiles/holtek.elf.dir/Src/gpio.c.obj
LOAD CMakeFiles/holtek.elf.dir/Src/main.c.obj
LOAD CMakeFiles/holtek.elf.dir/Src/stm32f1xx_hal_msp.c.obj
LOAD CMakeFiles/holtek.elf.dir/Src/stm32f1xx_it.c.obj
LOAD CMakeFiles/holtek.elf.dir/Src/syscalls.c.obj
LOAD CMakeFiles/holtek.elf.dir/Src/system_stm32f1xx.c.obj
LOAD CMakeFiles/holtek.elf.dir/Src/tim.c.obj
LOAD CMakeFiles/holtek.elf.dir/Src/usart.c.obj
LOAD CMakeFiles/holtek.elf.dir/bsp/LCD_Driver.c.obj
LOAD CMakeFiles/holtek.elf.dir/bsp/bsp_delay.c.obj
LOAD CMakeFiles/holtek.elf.dir/bsp/bsp_uart.c.obj
LOAD CMakeFiles/holtek.elf.dir/bsp/led.c.obj
LOAD CMakeFiles/holtek.elf.dir/bsp/motor_control.c.obj
LOAD CMakeFiles/holtek.elf.dir/bsp/my_led.c.obj
LOAD CMakeFiles/holtek.elf.dir/bsp/pid_.c.obj
LOAD CMakeFiles/holtek.elf.dir/bsp/retarget.c.obj
LOAD CMakeFiles/holtek.elf.dir/bsp/timer_it.c.obj
LOAD CMakeFiles/holtek.elf.dir/bsp/tracker.c.obj
LOAD CMakeFiles/holtek.elf.dir/startup/startup_stm32f103xe.s.obj
START GROUP
LOAD d:/gcc-arm-none-eabi-10-2020-q4-major-win32/gcc-arm-none-eabi-10-2020-q4-major/bin/../lib/gcc/arm-none-eabi/10.2.1/thumb/v7-m/nofp\libgcc.a
LOAD d:/gcc-arm-none-eabi-10-2020-q4-major-win32/gcc-arm-none-eabi-10-2020-q4-major/bin/../lib/gcc/arm-none-eabi/10.2.1/../../../../arm-none-eabi/lib/thumb/v7-m/nofp\libg.a
LOAD d:/gcc-arm-none-eabi-10-2020-q4-major-win32/gcc-arm-none-eabi-10-2020-q4-major/bin/../lib/gcc/arm-none-eabi/10.2.1/../../../../arm-none-eabi/lib/thumb/v7-m/nofp\libc.a
END GROUP
LOAD d:/gcc-arm-none-eabi-10-2020-q4-major-win32/gcc-arm-none-eabi-10-2020-q4-major/bin/../lib/gcc/arm-none-eabi/10.2.1/thumb/v7-m/nofp/crtend.o
LOAD d:/gcc-arm-none-eabi-10-2020-q4-major-win32/gcc-arm-none-eabi-10-2020-q4-major/bin/../lib/gcc/arm-none-eabi/10.2.1/thumb/v7-m/nofp/crtn.o
                0x2000c000                _estack = 0x2000c000
                0x00000200                _Min_Heap_Size = 0x200
                0x00000400                _Min_Stack_Size = 0x400

.isr_vector     0x08000000      0x1e4
                0x08000000                . = ALIGN (0x4)
 *(.isr_vector)
 .isr_vector    0x08000000      0x1e4 CMakeFiles/holtek.elf.dir/startup/startup_stm32f103xe.s.obj
                0x08000000                g_pfnVectors
                0x080001e4                . = ALIGN (0x4)

.text           0x080001e8     0xa9d0
                0x080001e8                . = ALIGN (0x4)
 *(.text)
 .text          0x080001e8       0x40 d:/gcc-arm-none-eabi-10-2020-q4-major-win32/gcc-arm-none-eabi-10-2020-q4-major/bin/../lib/gcc/arm-none-eabi/10.2.1/thumb/v7-m/nofp/crtbegin.o
 .text          0x08000228      0x168 d:/gcc-arm-none-eabi-10-2020-q4-major-win32/gcc-arm-none-eabi-10-2020-q4-major/bin/../lib/gcc/arm-none-eabi/10.2.1/thumb/v7-m/nofp\libgcc.a(_arm_mulsf3.o)
                0x08000228                __aeabi_fmul
                0x08000228                __mulsf3
 .text          0x08000390      0x378 d:/gcc-arm-none-eabi-10-2020-q4-major-win32/gcc-arm-none-eabi-10-2020-q4-major/bin/../lib/gcc/arm-none-eabi/10.2.1/thumb/v7-m/nofp\libgcc.a(_arm_addsubdf3.o)
                0x08000390                __aeabi_drsub
                0x08000398                __aeabi_dsub
                0x08000398                __subdf3
                0x0800039c                __aeabi_dadd
                0x0800039c                __adddf3
                0x08000614                __floatunsidf
                0x08000614                __aeabi_ui2d
                0x08000634                __floatsidf
                0x08000634                __aeabi_i2d
                0x08000658                __aeabi_f2d
                0x08000658                __extendsfdf2
                0x0800069c                __floatundidf
                0x0800069c                __aeabi_ul2d
                0x080006ac                __floatdidf
                0x080006ac                __aeabi_l2d
 .text          0x08000708      0x21c d:/gcc-arm-none-eabi-10-2020-q4-major-win32/gcc-arm-none-eabi-10-2020-q4-major/bin/../lib/gcc/arm-none-eabi/10.2.1/thumb/v7-m/nofp\libgcc.a(_arm_addsubsf3.o)
                0x08000708                __aeabi_frsub
                0x08000710                __subsf3
                0x08000710                __aeabi_fsub
                0x08000714                __aeabi_fadd
                0x08000714                __addsf3
                0x08000874                __aeabi_ui2f
                0x08000874                __floatunsisf
                0x0800087c                __aeabi_i2f
                0x0800087c                __floatsisf
                0x08000898                __aeabi_ul2f
                0x08000898                __floatundisf
                0x080008a8                __aeabi_l2f
                0x080008a8                __floatdisf
 .text          0x08000924       0xec d:/gcc-arm-none-eabi-10-2020-q4-major-win32/gcc-arm-none-eabi-10-2020-q4-major/bin/../lib/gcc/arm-none-eabi/10.2.1/thumb/v7-m/nofp\libgcc.a(_arm_cmpsf2.o)
                0x08000924                __gesf2
                0x08000924                __gtsf2
                0x0800092c                __lesf2
                0x0800092c                __ltsf2
                0x08000934                __nesf2
                0x08000934                __eqsf2
                0x08000934                __cmpsf2
                0x08000994                __aeabi_cfrcmple
                0x0800099c                __aeabi_cfcmpeq
                0x0800099c                __aeabi_cfcmple
                0x080009ac                __aeabi_fcmpeq
                0x080009c0                __aeabi_fcmplt
                0x080009d4                __aeabi_fcmple
                0x080009e8                __aeabi_fcmpge
                0x080009fc                __aeabi_fcmpgt
 .text          0x08000a10       0x4c d:/gcc-arm-none-eabi-10-2020-q4-major-win32/gcc-arm-none-eabi-10-2020-q4-major/bin/../lib/gcc/arm-none-eabi/10.2.1/thumb/v7-m/nofp\libgcc.a(_arm_fixsfsi.o)
                0x08000a10                __aeabi_f2iz
                0x08000a10                __fixsfsi
 .text          0x08000a5c       0xec d:/gcc-arm-none-eabi-10-2020-q4-major-win32/gcc-arm-none-eabi-10-2020-q4-major/bin/../lib/gcc/arm-none-eabi/10.2.1/../../../../arm-none-eabi/lib/thumb/v7-m/nofp\libg.a(lib_a-memcpy.o)
                0x08000a5c                memcpy
 .text          0x08000b48      0x424 d:/gcc-arm-none-eabi-10-2020-q4-major-win32/gcc-arm-none-eabi-10-2020-q4-major/bin/../lib/gcc/arm-none-eabi/10.2.1/thumb/v7-m/nofp\libgcc.a(_arm_muldivdf3.o)
                0x08000b48                __aeabi_dmul
                0x08000b48                __muldf3
                0x08000d9c                __divdf3
                0x08000d9c                __aeabi_ddiv
 .text          0x08000f6c      0x110 d:/gcc-arm-none-eabi-10-2020-q4-major-win32/gcc-arm-none-eabi-10-2020-q4-major/bin/../lib/gcc/arm-none-eabi/10.2.1/thumb/v7-m/nofp\libgcc.a(_arm_cmpdf2.o)
                0x08000f6c                __gtdf2
                0x08000f6c                __gedf2
                0x08000f74                __ltdf2
                0x08000f74                __ledf2
                0x08000f7c                __nedf2
                0x08000f7c                __eqdf2
                0x08000f7c                __cmpdf2
                0x08000ff8                __aeabi_cdrcmple
                0x08001008                __aeabi_cdcmpeq
                0x08001008                __aeabi_cdcmple
                0x08001018                __aeabi_dcmpeq
                0x0800102c                __aeabi_dcmplt
                0x08001040                __aeabi_dcmple
                0x08001054                __aeabi_dcmpge
                0x08001068                __aeabi_dcmpgt
 .text          0x0800107c       0x2c d:/gcc-arm-none-eabi-10-2020-q4-major-win32/gcc-arm-none-eabi-10-2020-q4-major/bin/../lib/gcc/arm-none-eabi/10.2.1/thumb/v7-m/nofp\libgcc.a(_arm_unorddf2.o)
                0x0800107c                __unorddf2
                0x0800107c                __aeabi_dcmpun
 .text          0x080010a8       0x50 d:/gcc-arm-none-eabi-10-2020-q4-major-win32/gcc-arm-none-eabi-10-2020-q4-major/bin/../lib/gcc/arm-none-eabi/10.2.1/thumb/v7-m/nofp\libgcc.a(_arm_fixdfsi.o)
                0x080010a8                __aeabi_d2iz
                0x080010a8                __fixdfsi
 .text          0x080010f8       0x30 d:/gcc-arm-none-eabi-10-2020-q4-major-win32/gcc-arm-none-eabi-10-2020-q4-major/bin/../lib/gcc/arm-none-eabi/10.2.1/thumb/v7-m/nofp\libgcc.a(_aeabi_uldivmod.o)
                0x080010f8                __aeabi_uldivmod
 .text          0x08001128      0x2d4 d:/gcc-arm-none-eabi-10-2020-q4-major-win32/gcc-arm-none-eabi-10-2020-q4-major/bin/../lib/gcc/arm-none-eabi/10.2.1/thumb/v7-m/nofp\libgcc.a(_udivmoddi4.o)
                0x08001128                __udivmoddi4
 .text          0x080013fc        0x4 d:/gcc-arm-none-eabi-10-2020-q4-major-win32/gcc-arm-none-eabi-10-2020-q4-major/bin/../lib/gcc/arm-none-eabi/10.2.1/thumb/v7-m/nofp\libgcc.a(_dvmd_tls.o)
                0x080013fc                __aeabi_idiv0
                0x080013fc                __aeabi_ldiv0
 *(.text*)
 .text.HAL_InitTick
                0x08001400       0x4c CMakeFiles/holtek.elf.dir/Drivers/STM32F1xx_HAL_Driver/Src/stm32f1xx_hal.c.obj
                0x08001400                HAL_InitTick
 .text.HAL_Init
                0x0800144c       0x24 CMakeFiles/holtek.elf.dir/Drivers/STM32F1xx_HAL_Driver/Src/stm32f1xx_hal.c.obj
                0x0800144c                HAL_Init
 .text.HAL_IncTick
                0x08001470       0x18 CMakeFiles/holtek.elf.dir/Drivers/STM32F1xx_HAL_Driver/Src/stm32f1xx_hal.c.obj
                0x08001470                HAL_IncTick
 .text.HAL_GetTick
                0x08001488        0xc CMakeFiles/holtek.elf.dir/Drivers/STM32F1xx_HAL_Driver/Src/stm32f1xx_hal.c.obj
                0x08001488                HAL_GetTick
 .text.HAL_ADC_ConvCpltCallback
                0x08001494        0x2 CMakeFiles/holtek.elf.dir/Drivers/STM32F1xx_HAL_Driver/Src/stm32f1xx_hal_adc.c.obj
                0x08001494                HAL_ADC_ConvCpltCallback
 .text.HAL_ADC_LevelOutOfWindowCallback
                0x08001496        0x2 CMakeFiles/holtek.elf.dir/Drivers/STM32F1xx_HAL_Driver/Src/stm32f1xx_hal_adc.c.obj
                0x08001496                HAL_ADC_LevelOutOfWindowCallback
 .text.HAL_ADC_IRQHandler
                0x08001498      0x10c CMakeFiles/holtek.elf.dir/Drivers/STM32F1xx_HAL_Driver/Src/stm32f1xx_hal_adc.c.obj
                0x08001498                HAL_ADC_IRQHandler
 .text.HAL_ADC_ConfigChannel
                0x080015a4      0x144 CMakeFiles/holtek.elf.dir/Drivers/STM32F1xx_HAL_Driver/Src/stm32f1xx_hal_adc.c.obj
                0x080015a4                HAL_ADC_ConfigChannel
 .text.ADC_ConversionStop_Disable
                0x080016e8       0x4c CMakeFiles/holtek.elf.dir/Drivers/STM32F1xx_HAL_Driver/Src/stm32f1xx_hal_adc.c.obj
                0x080016e8                ADC_ConversionStop_Disable
 .text.HAL_ADC_Init
                0x08001734      0x128 CMakeFiles/holtek.elf.dir/Drivers/STM32F1xx_HAL_Driver/Src/stm32f1xx_hal_adc.c.obj
                0x08001734                HAL_ADC_Init
 .text.HAL_ADCEx_InjectedConvCpltCallback
                0x0800185c        0x2 CMakeFiles/holtek.elf.dir/Drivers/STM32F1xx_HAL_Driver/Src/stm32f1xx_hal_adc_ex.c.obj
                0x0800185c                HAL_ADCEx_InjectedConvCpltCallback
 *fill*         0x0800185e        0x2 
 .text.HAL_NVIC_SetPriorityGrouping
                0x08001860       0x24 CMakeFiles/holtek.elf.dir/Drivers/STM32F1xx_HAL_Driver/Src/stm32f1xx_hal_cortex.c.obj
                0x08001860                HAL_NVIC_SetPriorityGrouping
 .text.HAL_NVIC_SetPriority
                0x08001884       0x70 CMakeFiles/holtek.elf.dir/Drivers/STM32F1xx_HAL_Driver/Src/stm32f1xx_hal_cortex.c.obj
                0x08001884                HAL_NVIC_SetPriority
 .text.HAL_NVIC_EnableIRQ
                0x080018f4       0x1c CMakeFiles/holtek.elf.dir/Drivers/STM32F1xx_HAL_Driver/Src/stm32f1xx_hal_cortex.c.obj
                0x080018f4                HAL_NVIC_EnableIRQ
 .text.HAL_SYSTICK_Config
                0x08001910       0x28 CMakeFiles/holtek.elf.dir/Drivers/STM32F1xx_HAL_Driver/Src/stm32f1xx_hal_cortex.c.obj
                0x08001910                HAL_SYSTICK_Config
 .text.HAL_GPIO_Init
                0x08001938      0x240 CMakeFiles/holtek.elf.dir/Drivers/STM32F1xx_HAL_Driver/Src/stm32f1xx_hal_gpio.c.obj
                0x08001938                HAL_GPIO_Init
 .text.HAL_GPIO_WritePin
                0x08001b78        0xc CMakeFiles/holtek.elf.dir/Drivers/STM32F1xx_HAL_Driver/Src/stm32f1xx_hal_gpio.c.obj
                0x08001b78                HAL_GPIO_WritePin
 .text.HAL_GPIO_TogglePin
                0x08001b84       0x12 CMakeFiles/holtek.elf.dir/Drivers/STM32F1xx_HAL_Driver/Src/stm32f1xx_hal_gpio.c.obj
                0x08001b84                HAL_GPIO_TogglePin
 *fill*         0x08001b96        0x2 
 .text.RCC_Delay
                0x08001b98       0x2c CMakeFiles/holtek.elf.dir/Drivers/STM32F1xx_HAL_Driver/Src/stm32f1xx_hal_rcc.c.obj
 .text.HAL_RCC_OscConfig
                0x08001bc4      0x410 CMakeFiles/holtek.elf.dir/Drivers/STM32F1xx_HAL_Driver/Src/stm32f1xx_hal_rcc.c.obj
                0x08001bc4                HAL_RCC_OscConfig
 .text.HAL_RCC_GetSysClockFreq
                0x08001fd4       0x6c CMakeFiles/holtek.elf.dir/Drivers/STM32F1xx_HAL_Driver/Src/stm32f1xx_hal_rcc.c.obj
                0x08001fd4                HAL_RCC_GetSysClockFreq
 .text.HAL_RCC_ClockConfig
                0x08002040      0x16c CMakeFiles/holtek.elf.dir/Drivers/STM32F1xx_HAL_Driver/Src/stm32f1xx_hal_rcc.c.obj
                0x08002040                HAL_RCC_ClockConfig
 .text.HAL_RCC_GetHCLKFreq
                0x080021ac        0xc CMakeFiles/holtek.elf.dir/Drivers/STM32F1xx_HAL_Driver/Src/stm32f1xx_hal_rcc.c.obj
                0x080021ac                HAL_RCC_GetHCLKFreq
 .text.HAL_RCC_GetPCLK1Freq
                0x080021b8       0x20 CMakeFiles/holtek.elf.dir/Drivers/STM32F1xx_HAL_Driver/Src/stm32f1xx_hal_rcc.c.obj
                0x080021b8                HAL_RCC_GetPCLK1Freq
 .text.HAL_RCC_GetPCLK2Freq
                0x080021d8       0x20 CMakeFiles/holtek.elf.dir/Drivers/STM32F1xx_HAL_Driver/Src/stm32f1xx_hal_rcc.c.obj
                0x080021d8                HAL_RCC_GetPCLK2Freq
 .text.HAL_RCCEx_PeriphCLKConfig
                0x080021f8      0x118 CMakeFiles/holtek.elf.dir/Drivers/STM32F1xx_HAL_Driver/Src/stm32f1xx_hal_rcc_ex.c.obj
                0x080021f8                HAL_RCCEx_PeriphCLKConfig
 .text.TIM_OC1_SetConfig
                0x08002310       0x68 CMakeFiles/holtek.elf.dir/Drivers/STM32F1xx_HAL_Driver/Src/stm32f1xx_hal_tim.c.obj
 .text.TIM_OC3_SetConfig
                0x08002378       0x70 CMakeFiles/holtek.elf.dir/Drivers/STM32F1xx_HAL_Driver/Src/stm32f1xx_hal_tim.c.obj
 .text.TIM_OC4_SetConfig
                0x080023e8       0x50 CMakeFiles/holtek.elf.dir/Drivers/STM32F1xx_HAL_Driver/Src/stm32f1xx_hal_tim.c.obj
 .text.TIM_TI1_ConfigInputStage
                0x08002438       0x24 CMakeFiles/holtek.elf.dir/Drivers/STM32F1xx_HAL_Driver/Src/stm32f1xx_hal_tim.c.obj
 .text.TIM_TI2_ConfigInputStage
                0x0800245c       0x26 CMakeFiles/holtek.elf.dir/Drivers/STM32F1xx_HAL_Driver/Src/stm32f1xx_hal_tim.c.obj
 .text.TIM_ITRx_SetConfig
                0x08002482       0x10 CMakeFiles/holtek.elf.dir/Drivers/STM32F1xx_HAL_Driver/Src/stm32f1xx_hal_tim.c.obj
 *fill*         0x08002492        0x2 
 .text.HAL_TIM_Base_Start
                0x08002494       0x6c CMakeFiles/holtek.elf.dir/Drivers/STM32F1xx_HAL_Driver/Src/stm32f1xx_hal_tim.c.obj
                0x08002494                HAL_TIM_Base_Start
 .text.HAL_TIM_Base_Start_IT
                0x08002500       0x78 CMakeFiles/holtek.elf.dir/Drivers/STM32F1xx_HAL_Driver/Src/stm32f1xx_hal_tim.c.obj
                0x08002500                HAL_TIM_Base_Start_IT
 .text.HAL_TIM_PWM_MspInit
                0x08002578        0x2 CMakeFiles/holtek.elf.dir/Drivers/STM32F1xx_HAL_Driver/Src/stm32f1xx_hal_tim.c.obj
                0x08002578                HAL_TIM_PWM_MspInit
 .text.HAL_TIM_OC_DelayElapsedCallback
                0x0800257a        0x2 CMakeFiles/holtek.elf.dir/Drivers/STM32F1xx_HAL_Driver/Src/stm32f1xx_hal_tim.c.obj
                0x0800257a                HAL_TIM_OC_DelayElapsedCallback
 .text.HAL_TIM_IC_CaptureCallback
                0x0800257c        0x2 CMakeFiles/holtek.elf.dir/Drivers/STM32F1xx_HAL_Driver/Src/stm32f1xx_hal_tim.c.obj
                0x0800257c                HAL_TIM_IC_CaptureCallback
 .text.HAL_TIM_PWM_PulseFinishedCallback
                0x0800257e        0x2 CMakeFiles/holtek.elf.dir/Drivers/STM32F1xx_HAL_Driver/Src/stm32f1xx_hal_tim.c.obj
                0x0800257e                HAL_TIM_PWM_PulseFinishedCallback
 .text.HAL_TIM_TriggerCallback
                0x08002580        0x2 CMakeFiles/holtek.elf.dir/Drivers/STM32F1xx_HAL_Driver/Src/stm32f1xx_hal_tim.c.obj
                0x08002580                HAL_TIM_TriggerCallback
 .text.HAL_TIM_IRQHandler
                0x08002582      0x17a CMakeFiles/holtek.elf.dir/Drivers/STM32F1xx_HAL_Driver/Src/stm32f1xx_hal_tim.c.obj
                0x08002582                HAL_TIM_IRQHandler
 .text.TIM_Base_SetConfig
                0x080026fc       0x98 CMakeFiles/holtek.elf.dir/Drivers/STM32F1xx_HAL_Driver/Src/stm32f1xx_hal_tim.c.obj
                0x080026fc                TIM_Base_SetConfig
 .text.HAL_TIM_Base_Init
                0x08002794       0x58 CMakeFiles/holtek.elf.dir/Drivers/STM32F1xx_HAL_Driver/Src/stm32f1xx_hal_tim.c.obj
                0x08002794                HAL_TIM_Base_Init
 .text.HAL_TIM_PWM_Init
                0x080027ec       0x58 CMakeFiles/holtek.elf.dir/Drivers/STM32F1xx_HAL_Driver/Src/stm32f1xx_hal_tim.c.obj
                0x080027ec                HAL_TIM_PWM_Init
 .text.HAL_TIM_Encoder_Init
                0x08002844       0xb8 CMakeFiles/holtek.elf.dir/Drivers/STM32F1xx_HAL_Driver/Src/stm32f1xx_hal_tim.c.obj
                0x08002844                HAL_TIM_Encoder_Init
 .text.TIM_OC2_SetConfig
                0x080028fc       0x70 CMakeFiles/holtek.elf.dir/Drivers/STM32F1xx_HAL_Driver/Src/stm32f1xx_hal_tim.c.obj
                0x080028fc                TIM_OC2_SetConfig
 .text.HAL_TIM_PWM_ConfigChannel
                0x0800296c       0xd0 CMakeFiles/holtek.elf.dir/Drivers/STM32F1xx_HAL_Driver/Src/stm32f1xx_hal_tim.c.obj
                0x0800296c                HAL_TIM_PWM_ConfigChannel
 .text.TIM_ETR_SetConfig
                0x08002a3c       0x18 CMakeFiles/holtek.elf.dir/Drivers/STM32F1xx_HAL_Driver/Src/stm32f1xx_hal_tim.c.obj
                0x08002a3c                TIM_ETR_SetConfig
 .text.HAL_TIM_ConfigClockSource
                0x08002a54       0xda CMakeFiles/holtek.elf.dir/Drivers/STM32F1xx_HAL_Driver/Src/stm32f1xx_hal_tim.c.obj
                0x08002a54                HAL_TIM_ConfigClockSource
 .text.TIM_CCxChannelCmd
                0x08002b2e       0x1e CMakeFiles/holtek.elf.dir/Drivers/STM32F1xx_HAL_Driver/Src/stm32f1xx_hal_tim.c.obj
                0x08002b2e                TIM_CCxChannelCmd
 .text.HAL_TIM_PWM_Start
                0x08002b4c       0xf4 CMakeFiles/holtek.elf.dir/Drivers/STM32F1xx_HAL_Driver/Src/stm32f1xx_hal_tim.c.obj
                0x08002b4c                HAL_TIM_PWM_Start
 .text.HAL_TIM_Encoder_Start
                0x08002c40       0xcc CMakeFiles/holtek.elf.dir/Drivers/STM32F1xx_HAL_Driver/Src/stm32f1xx_hal_tim.c.obj
                0x08002c40                HAL_TIM_Encoder_Start
 .text.HAL_TIMEx_MasterConfigSynchronization
                0x08002d0c       0x7c CMakeFiles/holtek.elf.dir/Drivers/STM32F1xx_HAL_Driver/Src/stm32f1xx_hal_tim_ex.c.obj
                0x08002d0c                HAL_TIMEx_MasterConfigSynchronization
 .text.HAL_TIMEx_ConfigBreakDeadTime
                0x08002d88       0x52 CMakeFiles/holtek.elf.dir/Drivers/STM32F1xx_HAL_Driver/Src/stm32f1xx_hal_tim_ex.c.obj
                0x08002d88                HAL_TIMEx_ConfigBreakDeadTime
 .text.HAL_TIMEx_CommutCallback
                0x08002dda        0x2 CMakeFiles/holtek.elf.dir/Drivers/STM32F1xx_HAL_Driver/Src/stm32f1xx_hal_tim_ex.c.obj
                0x08002dda                HAL_TIMEx_CommutCallback
 .text.HAL_TIMEx_BreakCallback
                0x08002ddc        0x2 CMakeFiles/holtek.elf.dir/Drivers/STM32F1xx_HAL_Driver/Src/stm32f1xx_hal_tim_ex.c.obj
                0x08002ddc                HAL_TIMEx_BreakCallback
 *fill*         0x08002dde        0x2 
 .text.UART_SetConfig
                0x08002de0       0x94 CMakeFiles/holtek.elf.dir/Drivers/STM32F1xx_HAL_Driver/Src/stm32f1xx_hal_uart.c.obj
 .text.UART_WaitOnFlagUntilTimeout
                0x08002e74       0x6c CMakeFiles/holtek.elf.dir/Drivers/STM32F1xx_HAL_Driver/Src/stm32f1xx_hal_uart.c.obj
 .text.HAL_UART_Init
                0x08002ee0       0x5e CMakeFiles/holtek.elf.dir/Drivers/STM32F1xx_HAL_Driver/Src/stm32f1xx_hal_uart.c.obj
                0x08002ee0                HAL_UART_Init
 .text.HAL_UART_Transmit
                0x08002f3e       0xd8 CMakeFiles/holtek.elf.dir/Drivers/STM32F1xx_HAL_Driver/Src/stm32f1xx_hal_uart.c.obj
                0x08002f3e                HAL_UART_Transmit
 .text.HAL_UART_Receive
                0x08003016       0xe2 CMakeFiles/holtek.elf.dir/Drivers/STM32F1xx_HAL_Driver/Src/stm32f1xx_hal_uart.c.obj
                0x08003016                HAL_UART_Receive
 .text.MX_ADC1_Init
                0x080030f8       0x5c CMakeFiles/holtek.elf.dir/Src/adc.c.obj
                0x080030f8                MX_ADC1_Init
 .text.HAL_ADC_MspInit
                0x08003154       0x70 CMakeFiles/holtek.elf.dir/Src/adc.c.obj
                0x08003154                HAL_ADC_MspInit
 .text.MX_GPIO_Init
                0x080031c4       0xf8 CMakeFiles/holtek.elf.dir/Src/gpio.c.obj
                0x080031c4                MX_GPIO_Init
 .text.SystemClock_Config
                0x080032bc       0x6e CMakeFiles/holtek.elf.dir/Src/main.c.obj
                0x080032bc                SystemClock_Config
 *fill*         0x0800332a        0x2 
 .text.Global_Init
                0x0800332c       0x50 CMakeFiles/holtek.elf.dir/Src/main.c.obj
                0x0800332c                Global_Init
 .text.main     0x0800337c       0x4c CMakeFiles/holtek.elf.dir/Src/main.c.obj
                0x0800337c                main
 .text.Error_Handler
                0x080033c8        0x2 CMakeFiles/holtek.elf.dir/Src/main.c.obj
                0x080033c8                Error_Handler
 *fill*         0x080033ca        0x2 
 .text.HAL_MspInit
                0x080033cc       0x44 CMakeFiles/holtek.elf.dir/Src/stm32f1xx_hal_msp.c.obj
                0x080033cc                HAL_MspInit
 .text.NMI_Handler
                0x08003410        0x2 CMakeFiles/holtek.elf.dir/Src/stm32f1xx_it.c.obj
                0x08003410                NMI_Handler
 .text.HardFault_Handler
                0x08003412        0x2 CMakeFiles/holtek.elf.dir/Src/stm32f1xx_it.c.obj
                0x08003412                HardFault_Handler
 .text.MemManage_Handler
                0x08003414        0x2 CMakeFiles/holtek.elf.dir/Src/stm32f1xx_it.c.obj
                0x08003414                MemManage_Handler
 .text.BusFault_Handler
                0x08003416        0x2 CMakeFiles/holtek.elf.dir/Src/stm32f1xx_it.c.obj
                0x08003416                BusFault_Handler
 .text.UsageFault_Handler
                0x08003418        0x2 CMakeFiles/holtek.elf.dir/Src/stm32f1xx_it.c.obj
                0x08003418                UsageFault_Handler
 .text.SVC_Handler
                0x0800341a        0x2 CMakeFiles/holtek.elf.dir/Src/stm32f1xx_it.c.obj
                0x0800341a                SVC_Handler
 .text.DebugMon_Handler
                0x0800341c        0x2 CMakeFiles/holtek.elf.dir/Src/stm32f1xx_it.c.obj
                0x0800341c                DebugMon_Handler
 .text.PendSV_Handler
                0x0800341e        0x2 CMakeFiles/holtek.elf.dir/Src/stm32f1xx_it.c.obj
                0x0800341e                PendSV_Handler
 .text.SysTick_Handler
                0x08003420        0x8 CMakeFiles/holtek.elf.dir/Src/stm32f1xx_it.c.obj
                0x08003420                SysTick_Handler
 .text.ADC1_2_IRQHandler
                0x08003428       0x10 CMakeFiles/holtek.elf.dir/Src/stm32f1xx_it.c.obj
                0x08003428                ADC1_2_IRQHandler
 .text.TIM1_BRK_IRQHandler
                0x08003438       0x10 CMakeFiles/holtek.elf.dir/Src/stm32f1xx_it.c.obj
                0x08003438                TIM1_BRK_IRQHandler
 .text.TIM1_UP_IRQHandler
                0x08003448       0x10 CMakeFiles/holtek.elf.dir/Src/stm32f1xx_it.c.obj
                0x08003448                TIM1_UP_IRQHandler
 .text.TIM1_TRG_COM_IRQHandler
                0x08003458       0x10 CMakeFiles/holtek.elf.dir/Src/stm32f1xx_it.c.obj
                0x08003458                TIM1_TRG_COM_IRQHandler
 .text.TIM1_CC_IRQHandler
                0x08003468       0x10 CMakeFiles/holtek.elf.dir/Src/stm32f1xx_it.c.obj
                0x08003468                TIM1_CC_IRQHandler
 .text.TIM2_IRQHandler
                0x08003478       0x10 CMakeFiles/holtek.elf.dir/Src/stm32f1xx_it.c.obj
                0x08003478                TIM2_IRQHandler
 .text.TIM3_IRQHandler
                0x08003488       0x10 CMakeFiles/holtek.elf.dir/Src/stm32f1xx_it.c.obj
                0x08003488                TIM3_IRQHandler
 .text.TIM6_IRQHandler
                0x08003498       0x10 CMakeFiles/holtek.elf.dir/Src/stm32f1xx_it.c.obj
                0x08003498                TIM6_IRQHandler
 .text._getpid  0x080034a8        0x4 CMakeFiles/holtek.elf.dir/Src/syscalls.c.obj
                0x080034a8                _getpid
 .text._kill    0x080034ac       0x10 CMakeFiles/holtek.elf.dir/Src/syscalls.c.obj
                0x080034ac                _kill
 .text._exit    0x080034bc        0xc CMakeFiles/holtek.elf.dir/Src/syscalls.c.obj
                0x080034bc                _exit
 .text._sbrk    0x080034c8       0x3c CMakeFiles/holtek.elf.dir/Src/syscalls.c.obj
                0x080034c8                _sbrk
 .text.SystemInit
                0x08003504        0x2 CMakeFiles/holtek.elf.dir/Src/system_stm32f1xx.c.obj
                0x08003504                SystemInit
 *fill*         0x08003506        0x2 
 .text.MX_TIM2_Init
                0x08003508       0x64 CMakeFiles/holtek.elf.dir/Src/tim.c.obj
                0x08003508                MX_TIM2_Init
 .text.MX_TIM3_Init
                0x0800356c       0x64 CMakeFiles/holtek.elf.dir/Src/tim.c.obj
                0x0800356c                MX_TIM3_Init
 .text.MX_TIM6_Init
                0x080035d0       0x50 CMakeFiles/holtek.elf.dir/Src/tim.c.obj
                0x080035d0                MX_TIM6_Init
 .text.HAL_TIM_Base_MspInit
                0x08003620       0xa0 CMakeFiles/holtek.elf.dir/Src/tim.c.obj
                0x08003620                HAL_TIM_Base_MspInit
 .text.HAL_TIM_Encoder_MspInit
                0x080036c0       0xb8 CMakeFiles/holtek.elf.dir/Src/tim.c.obj
                0x080036c0                HAL_TIM_Encoder_MspInit
 .text.HAL_TIM_MspPostInit
                0x08003778       0x50 CMakeFiles/holtek.elf.dir/Src/tim.c.obj
                0x08003778                HAL_TIM_MspPostInit
 .text.MX_TIM1_Init
                0x080037c8       0xfc CMakeFiles/holtek.elf.dir/Src/tim.c.obj
                0x080037c8                MX_TIM1_Init
 .text.MX_UART4_Init
                0x080038c4       0x34 CMakeFiles/holtek.elf.dir/Src/usart.c.obj
                0x080038c4                MX_UART4_Init
 .text.MX_USART2_UART_Init
                0x080038f8       0x34 CMakeFiles/holtek.elf.dir/Src/usart.c.obj
                0x080038f8                MX_USART2_UART_Init
 .text.MX_USART3_UART_Init
                0x0800392c       0x34 CMakeFiles/holtek.elf.dir/Src/usart.c.obj
                0x0800392c                MX_USART3_UART_Init
 .text.HAL_UART_MspInit
                0x08003960      0x15c CMakeFiles/holtek.elf.dir/Src/usart.c.obj
                0x08003960                HAL_UART_MspInit
 .text.delay_init
                0x08003abc       0x34 CMakeFiles/holtek.elf.dir/bsp/bsp_delay.c.obj
                0x08003abc                delay_init
 .text.delay_ms
                0x08003af0       0x3c CMakeFiles/holtek.elf.dir/bsp/bsp_delay.c.obj
                0x08003af0                delay_ms
 .text.Init_UARTS
                0x08003b2c       0x34 CMakeFiles/holtek.elf.dir/bsp/bsp_uart.c.obj
                0x08003b2c                Init_UARTS
 .text.UART_transmit
                0x08003b60       0x18 CMakeFiles/holtek.elf.dir/bsp/bsp_uart.c.obj
                0x08003b60                UART_transmit
 .text.USART2_IRQHandler
                0x08003b78       0x88 CMakeFiles/holtek.elf.dir/bsp/bsp_uart.c.obj
                0x08003b78                USART2_IRQHandler
 .text.USART3_IRQHandler
                0x08003c00       0x88 CMakeFiles/holtek.elf.dir/bsp/bsp_uart.c.obj
                0x08003c00                USART3_IRQHandler
 .text.UART4_IRQHandler
                0x08003c88       0x88 CMakeFiles/holtek.elf.dir/bsp/bsp_uart.c.obj
                0x08003c88                UART4_IRQHandler
 .text.UART5_IRQHandler
                0x08003d10       0x88 CMakeFiles/holtek.elf.dir/bsp/bsp_uart.c.obj
                0x08003d10                UART5_IRQHandler
 .text.UART_global_handler
                0x08003d98      0x170 CMakeFiles/holtek.elf.dir/bsp/bsp_uart.c.obj
                0x08003d98                UART_global_handler
 .text.Led_Control
                0x08003f08       0x60 CMakeFiles/holtek.elf.dir/bsp/led.c.obj
                0x08003f08                Led_Control
 .text.set_direct
                0x08003f68       0x80 CMakeFiles/holtek.elf.dir/bsp/motor_control.c.obj
                0x08003f68                set_direct
 .text.motor_set_pwm
                0x08003fe8       0x54 CMakeFiles/holtek.elf.dir/bsp/motor_control.c.obj
                0x08003fe8                motor_set_pwm
 .text.read_encoder
                0x0800403c       0x2c CMakeFiles/holtek.elf.dir/bsp/motor_control.c.obj
                0x0800403c                read_encoder
 .text.LCD_Writ_Bus
                0x08004068       0xd0 CMakeFiles/holtek.elf.dir/bsp/my_led.c.obj
                0x08004068                LCD_Writ_Bus
 .text.LCD_WR_DATA8
                0x08004138       0x34 CMakeFiles/holtek.elf.dir/bsp/my_led.c.obj
                0x08004138                LCD_WR_DATA8
 .text.LCD_WR_DATA
                0x0800416c       0x44 CMakeFiles/holtek.elf.dir/bsp/my_led.c.obj
                0x0800416c                LCD_WR_DATA
 .text.LCD_WR_REG
                0x080041b0       0x34 CMakeFiles/holtek.elf.dir/bsp/my_led.c.obj
                0x080041b0                LCD_WR_REG
 .text.LCD_Address_Set
                0x080041e4       0x44 CMakeFiles/holtek.elf.dir/bsp/my_led.c.obj
                0x080041e4                LCD_Address_Set
 .text.Lcd_Init
                0x08004228      0x2d4 CMakeFiles/holtek.elf.dir/bsp/my_led.c.obj
                0x08004228                Lcd_Init
 .text.LCD_Clear
                0x080044fc       0x36 CMakeFiles/holtek.elf.dir/bsp/my_led.c.obj
                0x080044fc                LCD_Clear
 .text.PID_init
                0x08004532       0x30 CMakeFiles/holtek.elf.dir/bsp/pid_.c.obj
                0x08004532                PID_init
 .text.PID_cal  0x08004562      0x14a CMakeFiles/holtek.elf.dir/bsp/pid_.c.obj
                0x08004562                PID_cal
 .text.PID_clear
                0x080046ac       0x20 CMakeFiles/holtek.elf.dir/bsp/pid_.c.obj
                0x080046ac                PID_clear
 .text.Global_Pid_Init
                0x080046cc       0x7c CMakeFiles/holtek.elf.dir/bsp/pid_.c.obj
                0x080046cc                Global_Pid_Init
 .text.RetargetInit
                0x08004748       0x20 CMakeFiles/holtek.elf.dir/bsp/retarget.c.obj
                0x08004748                RetargetInit
 .text._isatty  0x08004768       0x16 CMakeFiles/holtek.elf.dir/bsp/retarget.c.obj
                0x08004768                _isatty
 *fill*         0x0800477e        0x2 
 .text._write   0x08004780       0x34 CMakeFiles/holtek.elf.dir/bsp/retarget.c.obj
                0x08004780                _write
 .text._close   0x080047b4       0x18 CMakeFiles/holtek.elf.dir/bsp/retarget.c.obj
                0x080047b4                _close
 .text._lseek   0x080047cc       0x10 CMakeFiles/holtek.elf.dir/bsp/retarget.c.obj
                0x080047cc                _lseek
 .text._read    0x080047dc       0x30 CMakeFiles/holtek.elf.dir/bsp/retarget.c.obj
                0x080047dc                _read
 .text._fstat   0x0800480c       0x1a CMakeFiles/holtek.elf.dir/bsp/retarget.c.obj
                0x0800480c                _fstat
 *fill*         0x08004826        0x2 
 .text.HAL_TIM_PeriodElapsedCallback
                0x08004828       0x88 CMakeFiles/holtek.elf.dir/bsp/timer_it.c.obj
                0x08004828                HAL_TIM_PeriodElapsedCallback
 .text.Init_TIMS
                0x080048b0       0x54 CMakeFiles/holtek.elf.dir/bsp/timer_it.c.obj
                0x080048b0                Init_TIMS
 .text.Reset_Handler
                0x08004904       0x48 CMakeFiles/holtek.elf.dir/startup/startup_stm32f103xe.s.obj
                0x08004904                Reset_Handler
 .text.Default_Handler
                0x0800494c        0x2 CMakeFiles/holtek.elf.dir/startup/startup_stm32f103xe.s.obj
                0x0800494c                RTC_Alarm_IRQHandler
                0x0800494c                EXTI2_IRQHandler
                0x0800494c                TIM8_TRG_COM_IRQHandler
                0x0800494c                TIM8_CC_IRQHandler
                0x0800494c                PVD_IRQHandler
                0x0800494c                SDIO_IRQHandler
                0x0800494c                EXTI3_IRQHandler
                0x0800494c                EXTI0_IRQHandler
                0x0800494c                I2C2_EV_IRQHandler
                0x0800494c                SPI1_IRQHandler
                0x0800494c                TAMPER_IRQHandler
                0x0800494c                TIM8_UP_IRQHandler
                0x0800494c                DMA2_Channel2_IRQHandler
                0x0800494c                DMA1_Channel4_IRQHandler
                0x0800494c                RTC_IRQHandler
                0x0800494c                DMA1_Channel7_IRQHandler
                0x0800494c                CAN1_RX1_IRQHandler
                0x0800494c                ADC3_IRQHandler
                0x0800494c                TIM4_IRQHandler
                0x0800494c                DMA2_Channel1_IRQHandler
                0x0800494c                I2C1_EV_IRQHandler
                0x0800494c                DMA1_Channel6_IRQHandler
                0x0800494c                RCC_IRQHandler
                0x0800494c                DMA1_Channel1_IRQHandler
                0x0800494c                Default_Handler
                0x0800494c                EXTI15_10_IRQHandler
                0x0800494c                TIM7_IRQHandler
                0x0800494c                TIM5_IRQHandler
                0x0800494c                EXTI9_5_IRQHandler
                0x0800494c                SPI2_IRQHandler
                0x0800494c                DMA1_Channel5_IRQHandler
                0x0800494c                EXTI4_IRQHandler
                0x0800494c                USB_LP_CAN1_RX0_IRQHandler
                0x0800494c                USB_HP_CAN1_TX_IRQHandler
                0x0800494c                DMA1_Channel3_IRQHandler
                0x0800494c                FSMC_IRQHandler
                0x0800494c                WWDG_IRQHandler
                0x0800494c                EXTI1_IRQHandler
                0x0800494c                DMA2_Channel4_5_IRQHandler
                0x0800494c                I2C2_ER_IRQHandler
                0x0800494c                DMA1_Channel2_IRQHandler
                0x0800494c                TIM8_BRK_IRQHandler
                0x0800494c                CAN1_SCE_IRQHandler
                0x0800494c                FLASH_IRQHandler
                0x0800494c                USART1_IRQHandler
                0x0800494c                SPI3_IRQHandler
                0x0800494c                I2C1_ER_IRQHandler
                0x0800494c                USBWakeUp_IRQHandler
                0x0800494c                DMA2_Channel3_IRQHandler
 *fill*         0x0800494e        0x2 
 .text.__errno  0x08004950        0xc d:/gcc-arm-none-eabi-10-2020-q4-major-win32/gcc-arm-none-eabi-10-2020-q4-major/bin/../lib/gcc/arm-none-eabi/10.2.1/../../../../arm-none-eabi/lib/thumb/v7-m/nofp\libg.a(lib_a-errno.o)
                0x08004950                __errno
 .text.__libc_init_array
                0x0800495c       0x48 d:/gcc-arm-none-eabi-10-2020-q4-major-win32/gcc-arm-none-eabi-10-2020-q4-major/bin/../lib/gcc/arm-none-eabi/10.2.1/../../../../arm-none-eabi/lib/thumb/v7-m/nofp\libg.a(lib_a-init.o)
                0x0800495c                __libc_init_array
 .text.memset   0x080049a4       0xa4 d:/gcc-arm-none-eabi-10-2020-q4-major-win32/gcc-arm-none-eabi-10-2020-q4-major/bin/../lib/gcc/arm-none-eabi/10.2.1/../../../../arm-none-eabi/lib/thumb/v7-m/nofp\libg.a(lib_a-memset.o)
                0x080049a4                memset
 .text.printf   0x08004a48       0x28 d:/gcc-arm-none-eabi-10-2020-q4-major-win32/gcc-arm-none-eabi-10-2020-q4-major/bin/../lib/gcc/arm-none-eabi/10.2.1/../../../../arm-none-eabi/lib/thumb/v7-m/nofp\libg.a(lib_a-printf.o)
                0x08004a48                printf
 .text.setvbuf  0x08004a70      0x1b0 d:/gcc-arm-none-eabi-10-2020-q4-major-win32/gcc-arm-none-eabi-10-2020-q4-major/bin/../lib/gcc/arm-none-eabi/10.2.1/../../../../arm-none-eabi/lib/thumb/v7-m/nofp\libg.a(lib_a-setvbuf.o)
                0x08004a70                setvbuf
 .text._vfprintf_r
                0x08004c20     0x1b58 d:/gcc-arm-none-eabi-10-2020-q4-major-win32/gcc-arm-none-eabi-10-2020-q4-major/bin/../lib/gcc/arm-none-eabi/10.2.1/../../../../arm-none-eabi/lib/thumb/v7-m/nofp\libg.a(lib_a-vfprintf.o)
                0x08004c20                _vfprintf_r
 .text.__sbprintf
                0x08006778       0x84 d:/gcc-arm-none-eabi-10-2020-q4-major-win32/gcc-arm-none-eabi-10-2020-q4-major/bin/../lib/gcc/arm-none-eabi/10.2.1/../../../../arm-none-eabi/lib/thumb/v7-m/nofp\libg.a(lib_a-vfprintf.o)
 .text.__swsetup_r
                0x080067fc       0xd4 d:/gcc-arm-none-eabi-10-2020-q4-major-win32/gcc-arm-none-eabi-10-2020-q4-major/bin/../lib/gcc/arm-none-eabi/10.2.1/../../../../arm-none-eabi/lib/thumb/v7-m/nofp\libg.a(lib_a-wsetup.o)
                0x080067fc                __swsetup_r
 .text.startup.register_fini
                0x080068d0       0x14 d:/gcc-arm-none-eabi-10-2020-q4-major-win32/gcc-arm-none-eabi-10-2020-q4-major/bin/../lib/gcc/arm-none-eabi/10.2.1/../../../../arm-none-eabi/lib/thumb/v7-m/nofp\libg.a(lib_a-__call_atexit.o)
 .text.atexit   0x080068e4        0xc d:/gcc-arm-none-eabi-10-2020-q4-major-win32/gcc-arm-none-eabi-10-2020-q4-major/bin/../lib/gcc/arm-none-eabi/10.2.1/../../../../arm-none-eabi/lib/thumb/v7-m/nofp\libg.a(lib_a-atexit.o)
                0x080068e4                atexit
 .text.quorem   0x080068f0      0x12c d:/gcc-arm-none-eabi-10-2020-q4-major-win32/gcc-arm-none-eabi-10-2020-q4-major/bin/../lib/gcc/arm-none-eabi/10.2.1/../../../../arm-none-eabi/lib/thumb/v7-m/nofp\libg.a(lib_a-dtoa.o)
 *fill*         0x08006a1c        0x4 
 .text._dtoa_r  0x08006a20      0xecc d:/gcc-arm-none-eabi-10-2020-q4-major-win32/gcc-arm-none-eabi-10-2020-q4-major/bin/../lib/gcc/arm-none-eabi/10.2.1/../../../../arm-none-eabi/lib/thumb/v7-m/nofp\libg.a(lib_a-dtoa.o)
                0x08006a20                _dtoa_r
 .text.__sflush_r
                0x080078ec      0x124 d:/gcc-arm-none-eabi-10-2020-q4-major-win32/gcc-arm-none-eabi-10-2020-q4-major/bin/../lib/gcc/arm-none-eabi/10.2.1/../../../../arm-none-eabi/lib/thumb/v7-m/nofp\libg.a(lib_a-fflush.o)
                0x080078ec                __sflush_r
 .text._fflush_r
                0x08007a10       0x5c d:/gcc-arm-none-eabi-10-2020-q4-major-win32/gcc-arm-none-eabi-10-2020-q4-major/bin/../lib/gcc/arm-none-eabi/10.2.1/../../../../arm-none-eabi/lib/thumb/v7-m/nofp\libg.a(lib_a-fflush.o)
                0x08007a10                _fflush_r
 .text._cleanup_r
                0x08007a6c        0xc d:/gcc-arm-none-eabi-10-2020-q4-major-win32/gcc-arm-none-eabi-10-2020-q4-major/bin/../lib/gcc/arm-none-eabi/10.2.1/../../../../arm-none-eabi/lib/thumb/v7-m/nofp\libg.a(lib_a-findfp.o)
                0x08007a6c                _cleanup_r
 .text.__sinit  0x08007a78      0x10c d:/gcc-arm-none-eabi-10-2020-q4-major-win32/gcc-arm-none-eabi-10-2020-q4-major/bin/../lib/gcc/arm-none-eabi/10.2.1/../../../../arm-none-eabi/lib/thumb/v7-m/nofp\libg.a(lib_a-findfp.o)
                0x08007a78                __sinit
 .text.__sfp_lock_acquire
                0x08007b84        0xc d:/gcc-arm-none-eabi-10-2020-q4-major-win32/gcc-arm-none-eabi-10-2020-q4-major/bin/../lib/gcc/arm-none-eabi/10.2.1/../../../../arm-none-eabi/lib/thumb/v7-m/nofp\libg.a(lib_a-findfp.o)
                0x08007b84                __sfp_lock_acquire
 .text.__sfp_lock_release
                0x08007b90        0xc d:/gcc-arm-none-eabi-10-2020-q4-major-win32/gcc-arm-none-eabi-10-2020-q4-major/bin/../lib/gcc/arm-none-eabi/10.2.1/../../../../arm-none-eabi/lib/thumb/v7-m/nofp\libg.a(lib_a-findfp.o)
                0x08007b90                __sfp_lock_release
 .text.__libc_fini_array
                0x08007b9c       0x2c d:/gcc-arm-none-eabi-10-2020-q4-major-win32/gcc-arm-none-eabi-10-2020-q4-major/bin/../lib/gcc/arm-none-eabi/10.2.1/../../../../arm-none-eabi/lib/thumb/v7-m/nofp\libg.a(lib_a-fini.o)
                0x08007b9c                __libc_fini_array
 .text._malloc_trim_r
                0x08007bc8       0xa0 d:/gcc-arm-none-eabi-10-2020-q4-major-win32/gcc-arm-none-eabi-10-2020-q4-major/bin/../lib/gcc/arm-none-eabi/10.2.1/../../../../arm-none-eabi/lib/thumb/v7-m/nofp\libg.a(lib_a-freer.o)
                0x08007bc8                _malloc_trim_r
 .text._free_r  0x08007c68      0x200 d:/gcc-arm-none-eabi-10-2020-q4-major-win32/gcc-arm-none-eabi-10-2020-q4-major/bin/../lib/gcc/arm-none-eabi/10.2.1/../../../../arm-none-eabi/lib/thumb/v7-m/nofp\libg.a(lib_a-freer.o)
                0x08007c68                _free_r
 .text._fwalk_reent
                0x08007e68       0x48 d:/gcc-arm-none-eabi-10-2020-q4-major-win32/gcc-arm-none-eabi-10-2020-q4-major/bin/../lib/gcc/arm-none-eabi/10.2.1/../../../../arm-none-eabi/lib/thumb/v7-m/nofp\libg.a(lib_a-fwalk.o)
                0x08007e68                _fwalk_reent
 .text._localeconv_r
                0x08007eb0        0x8 d:/gcc-arm-none-eabi-10-2020-q4-major-win32/gcc-arm-none-eabi-10-2020-q4-major/bin/../lib/gcc/arm-none-eabi/10.2.1/../../../../arm-none-eabi/lib/thumb/v7-m/nofp\libg.a(lib_a-localeconv.o)
                0x08007eb0                _localeconv_r
 .text.__retarget_lock_init_recursive
                0x08007eb8        0x4 d:/gcc-arm-none-eabi-10-2020-q4-major-win32/gcc-arm-none-eabi-10-2020-q4-major/bin/../lib/gcc/arm-none-eabi/10.2.1/../../../../arm-none-eabi/lib/thumb/v7-m/nofp\libg.a(lib_a-lock.o)
                0x08007eb8                __retarget_lock_init_recursive
 .text.__retarget_lock_close_recursive
                0x08007ebc        0x4 d:/gcc-arm-none-eabi-10-2020-q4-major-win32/gcc-arm-none-eabi-10-2020-q4-major/bin/../lib/gcc/arm-none-eabi/10.2.1/../../../../arm-none-eabi/lib/thumb/v7-m/nofp\libg.a(lib_a-lock.o)
                0x08007ebc                __retarget_lock_close_recursive
 .text.__retarget_lock_acquire_recursive
                0x08007ec0        0x4 d:/gcc-arm-none-eabi-10-2020-q4-major-win32/gcc-arm-none-eabi-10-2020-q4-major/bin/../lib/gcc/arm-none-eabi/10.2.1/../../../../arm-none-eabi/lib/thumb/v7-m/nofp\libg.a(lib_a-lock.o)
                0x08007ec0                __retarget_lock_acquire_recursive
 .text.__retarget_lock_release_recursive
                0x08007ec4        0x4 d:/gcc-arm-none-eabi-10-2020-q4-major-win32/gcc-arm-none-eabi-10-2020-q4-major/bin/../lib/gcc/arm-none-eabi/10.2.1/../../../../arm-none-eabi/lib/thumb/v7-m/nofp\libg.a(lib_a-lock.o)
                0x08007ec4                __retarget_lock_release_recursive
 .text.__smakebuf_r
                0x08007ec8       0xe0 d:/gcc-arm-none-eabi-10-2020-q4-major-win32/gcc-arm-none-eabi-10-2020-q4-major/bin/../lib/gcc/arm-none-eabi/10.2.1/../../../../arm-none-eabi/lib/thumb/v7-m/nofp\libg.a(lib_a-makebuf.o)
                0x08007ec8                __smakebuf_r
 .text.__swhatbuf_r
                0x08007fa8       0x60 d:/gcc-arm-none-eabi-10-2020-q4-major-win32/gcc-arm-none-eabi-10-2020-q4-major/bin/../lib/gcc/arm-none-eabi/10.2.1/../../../../arm-none-eabi/lib/thumb/v7-m/nofp\libg.a(lib_a-makebuf.o)
                0x08007fa8                __swhatbuf_r
 .text.malloc   0x08008008       0x10 d:/gcc-arm-none-eabi-10-2020-q4-major-win32/gcc-arm-none-eabi-10-2020-q4-major/bin/../lib/gcc/arm-none-eabi/10.2.1/../../../../arm-none-eabi/lib/thumb/v7-m/nofp\libg.a(lib_a-malloc.o)
                0x08008008                malloc
 .text._malloc_r
                0x08008018      0x558 d:/gcc-arm-none-eabi-10-2020-q4-major-win32/gcc-arm-none-eabi-10-2020-q4-major/bin/../lib/gcc/arm-none-eabi/10.2.1/../../../../arm-none-eabi/lib/thumb/v7-m/nofp\libg.a(lib_a-mallocr.o)
                0x08008018                _malloc_r
 .text.memchr   0x08008570       0x90 d:/gcc-arm-none-eabi-10-2020-q4-major-win32/gcc-arm-none-eabi-10-2020-q4-major/bin/../lib/gcc/arm-none-eabi/10.2.1/../../../../arm-none-eabi/lib/thumb/v7-m/nofp\libg.a(lib_a-memchr-stub.o)
                0x08008570                memchr
 .text.__malloc_lock
                0x08008600        0xc d:/gcc-arm-none-eabi-10-2020-q4-major-win32/gcc-arm-none-eabi-10-2020-q4-major/bin/../lib/gcc/arm-none-eabi/10.2.1/../../../../arm-none-eabi/lib/thumb/v7-m/nofp\libg.a(lib_a-mlock.o)
                0x08008600                __malloc_lock
 .text.__malloc_unlock
                0x0800860c        0xc d:/gcc-arm-none-eabi-10-2020-q4-major-win32/gcc-arm-none-eabi-10-2020-q4-major/bin/../lib/gcc/arm-none-eabi/10.2.1/../../../../arm-none-eabi/lib/thumb/v7-m/nofp\libg.a(lib_a-mlock.o)
                0x0800860c                __malloc_unlock
 .text._Balloc  0x08008618       0x4c d:/gcc-arm-none-eabi-10-2020-q4-major-win32/gcc-arm-none-eabi-10-2020-q4-major/bin/../lib/gcc/arm-none-eabi/10.2.1/../../../../arm-none-eabi/lib/thumb/v7-m/nofp\libg.a(lib_a-mprec.o)
                0x08008618                _Balloc
 .text._Bfree   0x08008664       0x14 d:/gcc-arm-none-eabi-10-2020-q4-major-win32/gcc-arm-none-eabi-10-2020-q4-major/bin/../lib/gcc/arm-none-eabi/10.2.1/../../../../arm-none-eabi/lib/thumb/v7-m/nofp\libg.a(lib_a-mprec.o)
                0x08008664                _Bfree
 .text.__multadd
                0x08008678       0xa4 d:/gcc-arm-none-eabi-10-2020-q4-major-win32/gcc-arm-none-eabi-10-2020-q4-major/bin/../lib/gcc/arm-none-eabi/10.2.1/../../../../arm-none-eabi/lib/thumb/v7-m/nofp\libg.a(lib_a-mprec.o)
                0x08008678                __multadd
 .text.__hi0bits
                0x0800871c       0x40 d:/gcc-arm-none-eabi-10-2020-q4-major-win32/gcc-arm-none-eabi-10-2020-q4-major/bin/../lib/gcc/arm-none-eabi/10.2.1/../../../../arm-none-eabi/lib/thumb/v7-m/nofp\libg.a(lib_a-mprec.o)
                0x0800871c                __hi0bits
 .text.__lo0bits
                0x0800875c       0x58 d:/gcc-arm-none-eabi-10-2020-q4-major-win32/gcc-arm-none-eabi-10-2020-q4-major/bin/../lib/gcc/arm-none-eabi/10.2.1/../../../../arm-none-eabi/lib/thumb/v7-m/nofp\libg.a(lib_a-mprec.o)
                0x0800875c                __lo0bits
 .text.__i2b    0x080087b4       0x5c d:/gcc-arm-none-eabi-10-2020-q4-major-win32/gcc-arm-none-eabi-10-2020-q4-major/bin/../lib/gcc/arm-none-eabi/10.2.1/../../../../arm-none-eabi/lib/thumb/v7-m/nofp\libg.a(lib_a-mprec.o)
                0x080087b4                __i2b
 .text.__multiply
                0x08008810      0x15c d:/gcc-arm-none-eabi-10-2020-q4-major-win32/gcc-arm-none-eabi-10-2020-q4-major/bin/../lib/gcc/arm-none-eabi/10.2.1/../../../../arm-none-eabi/lib/thumb/v7-m/nofp\libg.a(lib_a-mprec.o)
                0x08008810                __multiply
 .text.__pow5mult
                0x0800896c       0xb8 d:/gcc-arm-none-eabi-10-2020-q4-major-win32/gcc-arm-none-eabi-10-2020-q4-major/bin/../lib/gcc/arm-none-eabi/10.2.1/../../../../arm-none-eabi/lib/thumb/v7-m/nofp\libg.a(lib_a-mprec.o)
                0x0800896c                __pow5mult
 .text.__lshift
                0x08008a24       0xec d:/gcc-arm-none-eabi-10-2020-q4-major-win32/gcc-arm-none-eabi-10-2020-q4-major/bin/../lib/gcc/arm-none-eabi/10.2.1/../../../../arm-none-eabi/lib/thumb/v7-m/nofp\libg.a(lib_a-mprec.o)
                0x08008a24                __lshift
 .text.__mcmp   0x08008b10       0x40 d:/gcc-arm-none-eabi-10-2020-q4-major-win32/gcc-arm-none-eabi-10-2020-q4-major/bin/../lib/gcc/arm-none-eabi/10.2.1/../../../../arm-none-eabi/lib/thumb/v7-m/nofp\libg.a(lib_a-mprec.o)
                0x08008b10                __mcmp
 .text.__mdiff  0x08008b50      0x14c d:/gcc-arm-none-eabi-10-2020-q4-major-win32/gcc-arm-none-eabi-10-2020-q4-major/bin/../lib/gcc/arm-none-eabi/10.2.1/../../../../arm-none-eabi/lib/thumb/v7-m/nofp\libg.a(lib_a-mprec.o)
                0x08008b50                __mdiff
 .text.__d2b    0x08008c9c       0xc4 d:/gcc-arm-none-eabi-10-2020-q4-major-win32/gcc-arm-none-eabi-10-2020-q4-major/bin/../lib/gcc/arm-none-eabi/10.2.1/../../../../arm-none-eabi/lib/thumb/v7-m/nofp\libg.a(lib_a-mprec.o)
                0x08008c9c                __d2b
 .text.frexp    0x08008d60       0x70 d:/gcc-arm-none-eabi-10-2020-q4-major-win32/gcc-arm-none-eabi-10-2020-q4-major/bin/../lib/gcc/arm-none-eabi/10.2.1/../../../../arm-none-eabi/lib/thumb/v7-m/nofp\libg.a(lib_a-s_frexp.o)
                0x08008d60                frexp
 .text._sbrk_r  0x08008dd0       0x24 d:/gcc-arm-none-eabi-10-2020-q4-major-win32/gcc-arm-none-eabi-10-2020-q4-major/bin/../lib/gcc/arm-none-eabi/10.2.1/../../../../arm-none-eabi/lib/thumb/v7-m/nofp\libg.a(lib_a-sbrkr.o)
                0x08008dd0                _sbrk_r
 .text.__sread  0x08008df4       0x24 d:/gcc-arm-none-eabi-10-2020-q4-major-win32/gcc-arm-none-eabi-10-2020-q4-major/bin/../lib/gcc/arm-none-eabi/10.2.1/../../../../arm-none-eabi/lib/thumb/v7-m/nofp\libg.a(lib_a-stdio.o)
                0x08008df4                __sread
 .text.__swrite
                0x08008e18       0x40 d:/gcc-arm-none-eabi-10-2020-q4-major-win32/gcc-arm-none-eabi-10-2020-q4-major/bin/../lib/gcc/arm-none-eabi/10.2.1/../../../../arm-none-eabi/lib/thumb/v7-m/nofp\libg.a(lib_a-stdio.o)
                0x08008e18                __swrite
 .text.__sseek  0x08008e58       0x20 d:/gcc-arm-none-eabi-10-2020-q4-major-win32/gcc-arm-none-eabi-10-2020-q4-major/bin/../lib/gcc/arm-none-eabi/10.2.1/../../../../arm-none-eabi/lib/thumb/v7-m/nofp\libg.a(lib_a-stdio.o)
                0x08008e58                __sseek
 .text.__sclose
                0x08008e78        0x8 d:/gcc-arm-none-eabi-10-2020-q4-major-win32/gcc-arm-none-eabi-10-2020-q4-major/bin/../lib/gcc/arm-none-eabi/10.2.1/../../../../arm-none-eabi/lib/thumb/v7-m/nofp\libg.a(lib_a-stdio.o)
                0x08008e78                __sclose
 .text.strlen   0x08008e80       0x5c d:/gcc-arm-none-eabi-10-2020-q4-major-win32/gcc-arm-none-eabi-10-2020-q4-major/bin/../lib/gcc/arm-none-eabi/10.2.1/../../../../arm-none-eabi/lib/thumb/v7-m/nofp\libg.a(lib_a-strlen-stub.o)
                0x08008e80                strlen
 .text.strncpy  0x08008edc       0x68 d:/gcc-arm-none-eabi-10-2020-q4-major-win32/gcc-arm-none-eabi-10-2020-q4-major/bin/../lib/gcc/arm-none-eabi/10.2.1/../../../../arm-none-eabi/lib/thumb/v7-m/nofp\libg.a(lib_a-strncpy.o)
                0x08008edc                strncpy
 .text.__sprint_r.part.0
                0x08008f44       0x78 d:/gcc-arm-none-eabi-10-2020-q4-major-win32/gcc-arm-none-eabi-10-2020-q4-major/bin/../lib/gcc/arm-none-eabi/10.2.1/../../../../arm-none-eabi/lib/thumb/v7-m/nofp\libg.a(lib_a-vfiprintf.o)
 .text.__sprint_r
                0x08008fbc       0x14 d:/gcc-arm-none-eabi-10-2020-q4-major-win32/gcc-arm-none-eabi-10-2020-q4-major/bin/../lib/gcc/arm-none-eabi/10.2.1/../../../../arm-none-eabi/lib/thumb/v7-m/nofp\libg.a(lib_a-vfiprintf.o)
                0x08008fbc                __sprint_r
 .text._vfiprintf_r
                0x08008fd0      0xd94 d:/gcc-arm-none-eabi-10-2020-q4-major-win32/gcc-arm-none-eabi-10-2020-q4-major/bin/../lib/gcc/arm-none-eabi/10.2.1/../../../../arm-none-eabi/lib/thumb/v7-m/nofp\libg.a(lib_a-vfiprintf.o)
                0x08008fd0                _vfiprintf_r
 .text.__sbprintf
                0x08009d64       0x84 d:/gcc-arm-none-eabi-10-2020-q4-major-win32/gcc-arm-none-eabi-10-2020-q4-major/bin/../lib/gcc/arm-none-eabi/10.2.1/../../../../arm-none-eabi/lib/thumb/v7-m/nofp\libg.a(lib_a-vfiprintf.o)
 .text._write_r
                0x08009de8       0x2c d:/gcc-arm-none-eabi-10-2020-q4-major-win32/gcc-arm-none-eabi-10-2020-q4-major/bin/../lib/gcc/arm-none-eabi/10.2.1/../../../../arm-none-eabi/lib/thumb/v7-m/nofp\libg.a(lib_a-writer.o)
                0x08009de8                _write_r
 .text.__register_exitproc
                0x08009e14       0x8c d:/gcc-arm-none-eabi-10-2020-q4-major-win32/gcc-arm-none-eabi-10-2020-q4-major/bin/../lib/gcc/arm-none-eabi/10.2.1/../../../../arm-none-eabi/lib/thumb/v7-m/nofp\libg.a(lib_a-__atexit.o)
                0x08009e14                __register_exitproc
 .text.__assert_func
                0x08009ea0       0x40 d:/gcc-arm-none-eabi-10-2020-q4-major-win32/gcc-arm-none-eabi-10-2020-q4-major/bin/../lib/gcc/arm-none-eabi/10.2.1/../../../../arm-none-eabi/lib/thumb/v7-m/nofp\libg.a(lib_a-assert.o)
                0x08009ea0                __assert_func
 .text._calloc_r
                0x08009ee0       0x60 d:/gcc-arm-none-eabi-10-2020-q4-major-win32/gcc-arm-none-eabi-10-2020-q4-major/bin/../lib/gcc/arm-none-eabi/10.2.1/../../../../arm-none-eabi/lib/thumb/v7-m/nofp\libg.a(lib_a-callocr.o)
                0x08009ee0                _calloc_r
 .text._close_r
                0x08009f40       0x24 d:/gcc-arm-none-eabi-10-2020-q4-major-win32/gcc-arm-none-eabi-10-2020-q4-major/bin/../lib/gcc/arm-none-eabi/10.2.1/../../../../arm-none-eabi/lib/thumb/v7-m/nofp\libg.a(lib_a-closer.o)
                0x08009f40                _close_r
 .text._fclose_r
                0x08009f64       0xcc d:/gcc-arm-none-eabi-10-2020-q4-major-win32/gcc-arm-none-eabi-10-2020-q4-major/bin/../lib/gcc/arm-none-eabi/10.2.1/../../../../arm-none-eabi/lib/thumb/v7-m/nofp\libg.a(lib_a-fclose.o)
                0x08009f64                _fclose_r
 .text.fiprintf
                0x0800a030       0x28 d:/gcc-arm-none-eabi-10-2020-q4-major-win32/gcc-arm-none-eabi-10-2020-q4-major/bin/../lib/gcc/arm-none-eabi/10.2.1/../../../../arm-none-eabi/lib/thumb/v7-m/nofp\libg.a(lib_a-fiprintf.o)
                0x0800a030                fiprintf
 .text.__fputwc
                0x0800a058       0xa0 d:/gcc-arm-none-eabi-10-2020-q4-major-win32/gcc-arm-none-eabi-10-2020-q4-major/bin/../lib/gcc/arm-none-eabi/10.2.1/../../../../arm-none-eabi/lib/thumb/v7-m/nofp\libg.a(lib_a-fputwc.o)
                0x0800a058                __fputwc
 .text._fputwc_r
                0x0800a0f8       0x68 d:/gcc-arm-none-eabi-10-2020-q4-major-win32/gcc-arm-none-eabi-10-2020-q4-major/bin/../lib/gcc/arm-none-eabi/10.2.1/../../../../arm-none-eabi/lib/thumb/v7-m/nofp\libg.a(lib_a-fputwc.o)
                0x0800a0f8                _fputwc_r
 .text._fstat_r
                0x0800a160       0x28 d:/gcc-arm-none-eabi-10-2020-q4-major-win32/gcc-arm-none-eabi-10-2020-q4-major/bin/../lib/gcc/arm-none-eabi/10.2.1/../../../../arm-none-eabi/lib/thumb/v7-m/nofp\libg.a(lib_a-fstatr.o)
                0x0800a160                _fstat_r
 .text.__sfvwrite_r
                0x0800a188      0x2f0 d:/gcc-arm-none-eabi-10-2020-q4-major-win32/gcc-arm-none-eabi-10-2020-q4-major/bin/../lib/gcc/arm-none-eabi/10.2.1/../../../../arm-none-eabi/lib/thumb/v7-m/nofp\libg.a(lib_a-fvwrite.o)
                0x0800a188                __sfvwrite_r
 .text._isatty_r
                0x0800a478       0x24 d:/gcc-arm-none-eabi-10-2020-q4-major-win32/gcc-arm-none-eabi-10-2020-q4-major/bin/../lib/gcc/arm-none-eabi/10.2.1/../../../../arm-none-eabi/lib/thumb/v7-m/nofp\libg.a(lib_a-isattyr.o)
                0x0800a478                _isatty_r
 .text.__locale_mb_cur_max
                0x0800a49c        0xc d:/gcc-arm-none-eabi-10-2020-q4-major-win32/gcc-arm-none-eabi-10-2020-q4-major/bin/../lib/gcc/arm-none-eabi/10.2.1/../../../../arm-none-eabi/lib/thumb/v7-m/nofp\libg.a(lib_a-locale.o)
                0x0800a49c                __locale_mb_cur_max
 .text._lseek_r
                0x0800a4a8       0x2c d:/gcc-arm-none-eabi-10-2020-q4-major-win32/gcc-arm-none-eabi-10-2020-q4-major/bin/../lib/gcc/arm-none-eabi/10.2.1/../../../../arm-none-eabi/lib/thumb/v7-m/nofp\libg.a(lib_a-lseekr.o)
                0x0800a4a8                _lseek_r
 .text.__ascii_mbtowc
                0x0800a4d4       0x2c d:/gcc-arm-none-eabi-10-2020-q4-major-win32/gcc-arm-none-eabi-10-2020-q4-major/bin/../lib/gcc/arm-none-eabi/10.2.1/../../../../arm-none-eabi/lib/thumb/v7-m/nofp\libg.a(lib_a-mbtowc_r.o)
                0x0800a4d4                __ascii_mbtowc
 .text.memmove  0x0800a500       0xf8 d:/gcc-arm-none-eabi-10-2020-q4-major-win32/gcc-arm-none-eabi-10-2020-q4-major/bin/../lib/gcc/arm-none-eabi/10.2.1/../../../../arm-none-eabi/lib/thumb/v7-m/nofp\libg.a(lib_a-memmove.o)
                0x0800a500                memmove
 .text._read_r  0x0800a5f8       0x2c d:/gcc-arm-none-eabi-10-2020-q4-major-win32/gcc-arm-none-eabi-10-2020-q4-major/bin/../lib/gcc/arm-none-eabi/10.2.1/../../../../arm-none-eabi/lib/thumb/v7-m/nofp\libg.a(lib_a-readr.o)
                0x0800a5f8                _read_r
 .text._realloc_r
                0x0800a624      0x3dc d:/gcc-arm-none-eabi-10-2020-q4-major-win32/gcc-arm-none-eabi-10-2020-q4-major/bin/../lib/gcc/arm-none-eabi/10.2.1/../../../../arm-none-eabi/lib/thumb/v7-m/nofp\libg.a(lib_a-reallocr.o)
                0x0800a624                _realloc_r
 .text.__swbuf_r
                0x0800aa00       0xb0 d:/gcc-arm-none-eabi-10-2020-q4-major-win32/gcc-arm-none-eabi-10-2020-q4-major/bin/../lib/gcc/arm-none-eabi/10.2.1/../../../../arm-none-eabi/lib/thumb/v7-m/nofp\libg.a(lib_a-wbuf.o)
                0x0800aa00                __swbuf_r
 .text._wcrtomb_r
                0x0800aab0       0x3c d:/gcc-arm-none-eabi-10-2020-q4-major-win32/gcc-arm-none-eabi-10-2020-q4-major/bin/../lib/gcc/arm-none-eabi/10.2.1/../../../../arm-none-eabi/lib/thumb/v7-m/nofp\libg.a(lib_a-wcrtomb.o)
                0x0800aab0                _wcrtomb_r
 .text.__ascii_wctomb
                0x0800aaec       0x1c d:/gcc-arm-none-eabi-10-2020-q4-major-win32/gcc-arm-none-eabi-10-2020-q4-major/bin/../lib/gcc/arm-none-eabi/10.2.1/../../../../arm-none-eabi/lib/thumb/v7-m/nofp\libg.a(lib_a-wctomb_r.o)
                0x0800aaec                __ascii_wctomb
 .text.abort    0x0800ab08       0x10 d:/gcc-arm-none-eabi-10-2020-q4-major-win32/gcc-arm-none-eabi-10-2020-q4-major/bin/../lib/gcc/arm-none-eabi/10.2.1/../../../../arm-none-eabi/lib/thumb/v7-m/nofp\libg.a(lib_a-abort.o)
                0x0800ab08                abort
 .text.raise    0x0800ab18       0x5c d:/gcc-arm-none-eabi-10-2020-q4-major-win32/gcc-arm-none-eabi-10-2020-q4-major/bin/../lib/gcc/arm-none-eabi/10.2.1/../../../../arm-none-eabi/lib/thumb/v7-m/nofp\libg.a(lib_a-signal.o)
                0x0800ab18                raise
 .text._kill_r  0x0800ab74       0x28 d:/gcc-arm-none-eabi-10-2020-q4-major-win32/gcc-arm-none-eabi-10-2020-q4-major/bin/../lib/gcc/arm-none-eabi/10.2.1/../../../../arm-none-eabi/lib/thumb/v7-m/nofp\libg.a(lib_a-signalr.o)
                0x0800ab74                _kill_r
 .text._getpid_r
                0x0800ab9c        0x4 d:/gcc-arm-none-eabi-10-2020-q4-major-win32/gcc-arm-none-eabi-10-2020-q4-major/bin/../lib/gcc/arm-none-eabi/10.2.1/../../../../arm-none-eabi/lib/thumb/v7-m/nofp\libg.a(lib_a-signalr.o)
                0x0800ab9c                _getpid_r
 *(.glue_7)
 .glue_7        0x0800aba0        0x0 linker stubs
 *(.glue_7t)
 .glue_7t       0x0800aba0        0x0 linker stubs
 *(.eh_frame)
 .eh_frame      0x0800aba0        0x0 d:/gcc-arm-none-eabi-10-2020-q4-major-win32/gcc-arm-none-eabi-10-2020-q4-major/bin/../lib/gcc/arm-none-eabi/10.2.1/thumb/v7-m/nofp/crtbegin.o
 *(.init)
 .init          0x0800aba0        0x4 d:/gcc-arm-none-eabi-10-2020-q4-major-win32/gcc-arm-none-eabi-10-2020-q4-major/bin/../lib/gcc/arm-none-eabi/10.2.1/thumb/v7-m/nofp/crti.o
                0x0800aba0                _init
 .init          0x0800aba4        0x8 d:/gcc-arm-none-eabi-10-2020-q4-major-win32/gcc-arm-none-eabi-10-2020-q4-major/bin/../lib/gcc/arm-none-eabi/10.2.1/thumb/v7-m/nofp/crtn.o
 *(.fini)
 .fini          0x0800abac        0x4 d:/gcc-arm-none-eabi-10-2020-q4-major-win32/gcc-arm-none-eabi-10-2020-q4-major/bin/../lib/gcc/arm-none-eabi/10.2.1/thumb/v7-m/nofp/crti.o
                0x0800abac                _fini
 .fini          0x0800abb0        0x8 d:/gcc-arm-none-eabi-10-2020-q4-major-win32/gcc-arm-none-eabi-10-2020-q4-major/bin/../lib/gcc/arm-none-eabi/10.2.1/thumb/v7-m/nofp/crtn.o
                0x0800abb8                . = ALIGN (0x4)
                0x0800abb8                _etext = .

.vfp11_veneer   0x0800abb8        0x0
 .vfp11_veneer  0x0800abb8        0x0 linker stubs

.v4_bx          0x0800abb8        0x0
 .v4_bx         0x0800abb8        0x0 linker stubs

.iplt           0x0800abb8        0x0
 .iplt          0x0800abb8        0x0 d:/gcc-arm-none-eabi-10-2020-q4-major-win32/gcc-arm-none-eabi-10-2020-q4-major/bin/../lib/gcc/arm-none-eabi/10.2.1/thumb/v7-m/nofp/crtbegin.o

.rodata         0x0800abb8      0x458
                0x0800abb8                . = ALIGN (0x4)
 *(.rodata)
 *(.rodata*)
 .rodata.HAL_RCC_GetSysClockFreq.str1.4
                0x0800abb8       0x11 CMakeFiles/holtek.elf.dir/Drivers/STM32F1xx_HAL_Driver/Src/stm32f1xx_hal_rcc.c.obj
 *fill*         0x0800abc9        0x3 
 .rodata.AHBPrescTable
                0x0800abcc       0x10 CMakeFiles/holtek.elf.dir/Src/system_stm32f1xx.c.obj
                0x0800abcc                AHBPrescTable
 .rodata.APBPrescTable
                0x0800abdc        0x8 CMakeFiles/holtek.elf.dir/Src/system_stm32f1xx.c.obj
                0x0800abdc                APBPrescTable
 .rodata.UART_transmit.str1.4
                0x0800abe4        0x3 CMakeFiles/holtek.elf.dir/bsp/bsp_uart.c.obj
 *fill*         0x0800abe7        0x1 
 .rodata.UART_global_handler.str1.4
                0x0800abe8        0xe CMakeFiles/holtek.elf.dir/bsp/bsp_uart.c.obj
 *fill*         0x0800abf6        0x2 
 .rodata.Motor_PID.1
                0x0800abf8        0xc CMakeFiles/holtek.elf.dir/bsp/pid_.c.obj
 .rodata.Tracker_PID.0
                0x0800ac04        0xc CMakeFiles/holtek.elf.dir/bsp/pid_.c.obj
 .rodata._global_impure_ptr
                0x0800ac10        0x4 d:/gcc-arm-none-eabi-10-2020-q4-major-win32/gcc-arm-none-eabi-10-2020-q4-major/bin/../lib/gcc/arm-none-eabi/10.2.1/../../../../arm-none-eabi/lib/thumb/v7-m/nofp\libg.a(lib_a-impure.o)
                0x0800ac10                _global_impure_ptr
 .rodata._vfprintf_r.str1.4
                0x0800ac14       0x42 d:/gcc-arm-none-eabi-10-2020-q4-major-win32/gcc-arm-none-eabi-10-2020-q4-major/bin/../lib/gcc/arm-none-eabi/10.2.1/../../../../arm-none-eabi/lib/thumb/v7-m/nofp\libg.a(lib_a-vfprintf.o)
 *fill*         0x0800ac56        0x2 
 .rodata.blanks.1
                0x0800ac58       0x10 d:/gcc-arm-none-eabi-10-2020-q4-major-win32/gcc-arm-none-eabi-10-2020-q4-major/bin/../lib/gcc/arm-none-eabi/10.2.1/../../../../arm-none-eabi/lib/thumb/v7-m/nofp\libg.a(lib_a-vfprintf.o)
 .rodata.zeroes.0
                0x0800ac68       0x10 d:/gcc-arm-none-eabi-10-2020-q4-major-win32/gcc-arm-none-eabi-10-2020-q4-major/bin/../lib/gcc/arm-none-eabi/10.2.1/../../../../arm-none-eabi/lib/thumb/v7-m/nofp\libg.a(lib_a-vfprintf.o)
 .rodata._dtoa_r.str1.4
                0x0800ac78       0xa1 d:/gcc-arm-none-eabi-10-2020-q4-major-win32/gcc-arm-none-eabi-10-2020-q4-major/bin/../lib/gcc/arm-none-eabi/10.2.1/../../../../arm-none-eabi/lib/thumb/v7-m/nofp\libg.a(lib_a-dtoa.o)
                                 0xa5 (size before relaxing)
 *fill*         0x0800ad19        0x3 
 .rodata.__multadd.str1.4
                0x0800ad1c       0x7e d:/gcc-arm-none-eabi-10-2020-q4-major-win32/gcc-arm-none-eabi-10-2020-q4-major/bin/../lib/gcc/arm-none-eabi/10.2.1/../../../../arm-none-eabi/lib/thumb/v7-m/nofp\libg.a(lib_a-mprec.o)
                                 0x92 (size before relaxing)
 *fill*         0x0800ad9a        0x6 
 .rodata.__mprec_bigtens
                0x0800ada0       0x28 d:/gcc-arm-none-eabi-10-2020-q4-major-win32/gcc-arm-none-eabi-10-2020-q4-major/bin/../lib/gcc/arm-none-eabi/10.2.1/../../../../arm-none-eabi/lib/thumb/v7-m/nofp\libg.a(lib_a-mprec.o)
                0x0800ada0                __mprec_bigtens
 .rodata.__mprec_tens
                0x0800adc8       0xc8 d:/gcc-arm-none-eabi-10-2020-q4-major-win32/gcc-arm-none-eabi-10-2020-q4-major/bin/../lib/gcc/arm-none-eabi/10.2.1/../../../../arm-none-eabi/lib/thumb/v7-m/nofp\libg.a(lib_a-mprec.o)
                0x0800adc8                __mprec_tens
 .rodata.p05.0  0x0800ae90        0xc d:/gcc-arm-none-eabi-10-2020-q4-major-win32/gcc-arm-none-eabi-10-2020-q4-major/bin/../lib/gcc/arm-none-eabi/10.2.1/../../../../arm-none-eabi/lib/thumb/v7-m/nofp\libg.a(lib_a-mprec.o)
 .rodata._vfiprintf_r.str1.4
                0x0800ae9c       0x2f d:/gcc-arm-none-eabi-10-2020-q4-major-win32/gcc-arm-none-eabi-10-2020-q4-major/bin/../lib/gcc/arm-none-eabi/10.2.1/../../../../arm-none-eabi/lib/thumb/v7-m/nofp\libg.a(lib_a-vfiprintf.o)
 .rodata.blanks.1
                0x0800ae9c       0x10 d:/gcc-arm-none-eabi-10-2020-q4-major-win32/gcc-arm-none-eabi-10-2020-q4-major/bin/../lib/gcc/arm-none-eabi/10.2.1/../../../../arm-none-eabi/lib/thumb/v7-m/nofp\libg.a(lib_a-vfiprintf.o)
 .rodata.zeroes.0
                0x0800aeac       0x10 d:/gcc-arm-none-eabi-10-2020-q4-major-win32/gcc-arm-none-eabi-10-2020-q4-major/bin/../lib/gcc/arm-none-eabi/10.2.1/../../../../arm-none-eabi/lib/thumb/v7-m/nofp\libg.a(lib_a-vfiprintf.o)
 .rodata.__assert_func.str1.4
                0x0800aebc       0x3f d:/gcc-arm-none-eabi-10-2020-q4-major-win32/gcc-arm-none-eabi-10-2020-q4-major/bin/../lib/gcc/arm-none-eabi/10.2.1/../../../../arm-none-eabi/lib/thumb/v7-m/nofp\libg.a(lib_a-assert.o)
                                 0x43 (size before relaxing)
 *fill*         0x0800aefb        0x1 
 .rodata._setlocale_r.str1.4
                0x0800aefc        0xa d:/gcc-arm-none-eabi-10-2020-q4-major-win32/gcc-arm-none-eabi-10-2020-q4-major/bin/../lib/gcc/arm-none-eabi/10.2.1/../../../../arm-none-eabi/lib/thumb/v7-m/nofp\libg.a(lib_a-locale.o)
                                  0xd (size before relaxing)
 *fill*         0x0800af06        0x2 
 .rodata.str1.4
                0x0800af08        0x2 d:/gcc-arm-none-eabi-10-2020-q4-major-win32/gcc-arm-none-eabi-10-2020-q4-major/bin/../lib/gcc/arm-none-eabi/10.2.1/../../../../arm-none-eabi/lib/thumb/v7-m/nofp\libg.a(lib_a-locale.o)
 *fill*         0x0800af0a        0x2 
 .rodata._ctype_
                0x0800af0c      0x101 d:/gcc-arm-none-eabi-10-2020-q4-major-win32/gcc-arm-none-eabi-10-2020-q4-major/bin/../lib/gcc/arm-none-eabi/10.2.1/../../../../arm-none-eabi/lib/thumb/v7-m/nofp\libg.a(lib_a-ctype_.o)
                0x0800af0c                _ctype_
                0x0800b010                . = ALIGN (0x4)
 *fill*         0x0800b00d        0x3 

.ARM.extab
 *(.ARM.extab* .gnu.linkonce.armextab.*)

.ARM            0x0800b010        0x8
                0x0800b010                __exidx_start = .
 *(.ARM.exidx*)
 .ARM.exidx     0x0800b010        0x8 d:/gcc-arm-none-eabi-10-2020-q4-major-win32/gcc-arm-none-eabi-10-2020-q4-major/bin/../lib/gcc/arm-none-eabi/10.2.1/thumb/v7-m/nofp\libgcc.a(_udivmoddi4.o)
                0x0800b018                __exidx_end = .

.rel.dyn        0x0800b018        0x0
 .rel.iplt      0x0800b018        0x0 d:/gcc-arm-none-eabi-10-2020-q4-major-win32/gcc-arm-none-eabi-10-2020-q4-major/bin/../lib/gcc/arm-none-eabi/10.2.1/thumb/v7-m/nofp/crtbegin.o

.preinit_array  0x0800b018        0x0
                0x0800b018                PROVIDE (__preinit_array_start = .)
 *(.preinit_array*)
                0x0800b018                PROVIDE (__preinit_array_end = .)

.init_array     0x0800b018        0x8
                0x0800b018                PROVIDE (__init_array_start = .)
 *(SORT_BY_NAME(.init_array.*))
 .init_array.00000
                0x0800b018        0x4 d:/gcc-arm-none-eabi-10-2020-q4-major-win32/gcc-arm-none-eabi-10-2020-q4-major/bin/../lib/gcc/arm-none-eabi/10.2.1/../../../../arm-none-eabi/lib/thumb/v7-m/nofp\libg.a(lib_a-__call_atexit.o)
 *(.init_array*)
 .init_array    0x0800b01c        0x4 d:/gcc-arm-none-eabi-10-2020-q4-major-win32/gcc-arm-none-eabi-10-2020-q4-major/bin/../lib/gcc/arm-none-eabi/10.2.1/thumb/v7-m/nofp/crtbegin.o
                0x0800b020                PROVIDE (__init_array_end = .)

.fini_array     0x0800b020        0x4
                0x0800b020                PROVIDE (__fini_array_start = .)
 *(SORT_BY_NAME(.fini_array.*))
 *(.fini_array*)
 .fini_array    0x0800b020        0x4 d:/gcc-arm-none-eabi-10-2020-q4-major-win32/gcc-arm-none-eabi-10-2020-q4-major/bin/../lib/gcc/arm-none-eabi/10.2.1/thumb/v7-m/nofp/crtbegin.o
                0x0800b024                PROVIDE (__fini_array_end = .)
                0x0800b024                _sidata = LOADADDR (.data)

.data           0x20000000      0x9b8 load address 0x0800b024
                0x20000000                . = ALIGN (0x4)
                0x20000000                _sdata = .
 *(.data)
 *(.data*)
 .data.uwTickFreq
                0x20000000        0x1 CMakeFiles/holtek.elf.dir/Drivers/STM32F1xx_HAL_Driver/Src/stm32f1xx_hal.c.obj
                0x20000000                uwTickFreq
 *fill*         0x20000001        0x3 
 .data.uwTickPrio
                0x20000004        0x4 CMakeFiles/holtek.elf.dir/Drivers/STM32F1xx_HAL_Driver/Src/stm32f1xx_hal.c.obj
                0x20000004                uwTickPrio
 .data.SystemCoreClock
                0x20000008        0x4 CMakeFiles/holtek.elf.dir/Src/system_stm32f1xx.c.obj
                0x20000008                SystemCoreClock
 .data._impure_ptr
                0x2000000c        0x4 d:/gcc-arm-none-eabi-10-2020-q4-major-win32/gcc-arm-none-eabi-10-2020-q4-major/bin/../lib/gcc/arm-none-eabi/10.2.1/../../../../arm-none-eabi/lib/thumb/v7-m/nofp\libg.a(lib_a-impure.o)
                0x2000000c                _impure_ptr
 .data.impure_data
                0x20000010      0x428 d:/gcc-arm-none-eabi-10-2020-q4-major-win32/gcc-arm-none-eabi-10-2020-q4-major/bin/../lib/gcc/arm-none-eabi/10.2.1/../../../../arm-none-eabi/lib/thumb/v7-m/nofp\libg.a(lib_a-impure.o)
 .data.__atexit_recursive_mutex
                0x20000438        0x4 d:/gcc-arm-none-eabi-10-2020-q4-major-win32/gcc-arm-none-eabi-10-2020-q4-major/bin/../lib/gcc/arm-none-eabi/10.2.1/../../../../arm-none-eabi/lib/thumb/v7-m/nofp\libg.a(lib_a-__call_atexit.o)
                0x20000438                __atexit_recursive_mutex
 .data.__malloc_av_
                0x2000043c      0x408 d:/gcc-arm-none-eabi-10-2020-q4-major-win32/gcc-arm-none-eabi-10-2020-q4-major/bin/../lib/gcc/arm-none-eabi/10.2.1/../../../../arm-none-eabi/lib/thumb/v7-m/nofp\libg.a(lib_a-mallocr.o)
                0x2000043c                __malloc_av_
 .data.__malloc_sbrk_base
                0x20000844        0x4 d:/gcc-arm-none-eabi-10-2020-q4-major-win32/gcc-arm-none-eabi-10-2020-q4-major/bin/../lib/gcc/arm-none-eabi/10.2.1/../../../../arm-none-eabi/lib/thumb/v7-m/nofp\libg.a(lib_a-mallocr.o)
                0x20000844                __malloc_sbrk_base
 .data.__malloc_trim_threshold
                0x20000848        0x4 d:/gcc-arm-none-eabi-10-2020-q4-major-win32/gcc-arm-none-eabi-10-2020-q4-major/bin/../lib/gcc/arm-none-eabi/10.2.1/../../../../arm-none-eabi/lib/thumb/v7-m/nofp\libg.a(lib_a-mallocr.o)
                0x20000848                __malloc_trim_threshold
 .data.__global_locale
                0x2000084c      0x16c d:/gcc-arm-none-eabi-10-2020-q4-major-win32/gcc-arm-none-eabi-10-2020-q4-major/bin/../lib/gcc/arm-none-eabi/10.2.1/../../../../arm-none-eabi/lib/thumb/v7-m/nofp\libg.a(lib_a-locale.o)
                0x2000084c                __global_locale
                0x200009b8                . = ALIGN (0x4)
                0x200009b8                _edata = .

.igot.plt       0x200009b8        0x0 load address 0x0800b9dc
 .igot.plt      0x200009b8        0x0 d:/gcc-arm-none-eabi-10-2020-q4-major-win32/gcc-arm-none-eabi-10-2020-q4-major/bin/../lib/gcc/arm-none-eabi/10.2.1/thumb/v7-m/nofp/crtbegin.o
                0x200009b8                . = ALIGN (0x4)

.bss            0x200009b8      0x6d0 load address 0x0800b9dc
                0x200009b8                _sbss = .
                0x200009b8                __bss_start__ = _sbss
 *(.bss)
 .bss           0x200009b8       0x1c d:/gcc-arm-none-eabi-10-2020-q4-major-win32/gcc-arm-none-eabi-10-2020-q4-major/bin/../lib/gcc/arm-none-eabi/10.2.1/thumb/v7-m/nofp/crtbegin.o
 *(.bss*)
 .bss.uwTick    0x200009d4        0x4 CMakeFiles/holtek.elf.dir/Drivers/STM32F1xx_HAL_Driver/Src/stm32f1xx_hal.c.obj
                0x200009d4                uwTick
 .bss.hadc1     0x200009d8       0x30 CMakeFiles/holtek.elf.dir/Src/adc.c.obj
                0x200009d8                hadc1
 .bss.heap_end.0
                0x20000a08        0x4 CMakeFiles/holtek.elf.dir/Src/syscalls.c.obj
 .bss.htim1     0x20000a0c       0x48 CMakeFiles/holtek.elf.dir/Src/tim.c.obj
                0x20000a0c                htim1
 .bss.htim2     0x20000a54       0x48 CMakeFiles/holtek.elf.dir/Src/tim.c.obj
                0x20000a54                htim2
 .bss.htim3     0x20000a9c       0x48 CMakeFiles/holtek.elf.dir/Src/tim.c.obj
                0x20000a9c                htim3
 .bss.htim6     0x20000ae4       0x48 CMakeFiles/holtek.elf.dir/Src/tim.c.obj
                0x20000ae4                htim6
 .bss.huart2    0x20000b2c       0x40 CMakeFiles/holtek.elf.dir/Src/usart.c.obj
                0x20000b2c                huart2
 .bss.huart3    0x20000b6c       0x40 CMakeFiles/holtek.elf.dir/Src/usart.c.obj
                0x20000b6c                huart3
 .bss.huart4    0x20000bac       0x40 CMakeFiles/holtek.elf.dir/Src/usart.c.obj
                0x20000bac                huart4
 .bss.fac_ms    0x20000bec        0x4 CMakeFiles/holtek.elf.dir/bsp/bsp_delay.c.obj
 .bss.fac_us    0x20000bf0        0x1 CMakeFiles/holtek.elf.dir/bsp/bsp_delay.c.obj
 *fill*         0x20000bf1        0x3 
 .bss.temp_flag_2
                0x20000bf4        0x4 CMakeFiles/holtek.elf.dir/bsp/bsp_uart.c.obj
 .bss.temp_flag_3
                0x20000bf8        0x4 CMakeFiles/holtek.elf.dir/bsp/bsp_uart.c.obj
 .bss.temp_flag_4
                0x20000bfc        0x4 CMakeFiles/holtek.elf.dir/bsp/bsp_uart.c.obj
 .bss.temp_flag_5
                0x20000c00        0x4 CMakeFiles/holtek.elf.dir/bsp/bsp_uart.c.obj
 .bss.uart2_    0x20000c04       0xc7 CMakeFiles/holtek.elf.dir/bsp/bsp_uart.c.obj
                0x20000c04                uart2_
 *fill*         0x20000ccb        0x1 
 .bss.uart2_index
                0x20000ccc        0x4 CMakeFiles/holtek.elf.dir/bsp/bsp_uart.c.obj
                0x20000ccc                uart2_index
 .bss.uart2_receive_flag
                0x20000cd0        0x4 CMakeFiles/holtek.elf.dir/bsp/bsp_uart.c.obj
                0x20000cd0                uart2_receive_flag
 .bss.uart3_    0x20000cd4       0xc7 CMakeFiles/holtek.elf.dir/bsp/bsp_uart.c.obj
                0x20000cd4                uart3_
 *fill*         0x20000d9b        0x1 
 .bss.uart3_index
                0x20000d9c        0x4 CMakeFiles/holtek.elf.dir/bsp/bsp_uart.c.obj
                0x20000d9c                uart3_index
 .bss.uart3_receive_flag
                0x20000da0        0x4 CMakeFiles/holtek.elf.dir/bsp/bsp_uart.c.obj
                0x20000da0                uart3_receive_flag
 .bss.uart4_    0x20000da4       0xc7 CMakeFiles/holtek.elf.dir/bsp/bsp_uart.c.obj
                0x20000da4                uart4_
 *fill*         0x20000e6b        0x1 
 .bss.uart4_index
                0x20000e6c        0x4 CMakeFiles/holtek.elf.dir/bsp/bsp_uart.c.obj
                0x20000e6c                uart4_index
 .bss.uart4_receive_flag
                0x20000e70        0x4 CMakeFiles/holtek.elf.dir/bsp/bsp_uart.c.obj
                0x20000e70                uart4_receive_flag
 .bss.uart5_    0x20000e74       0xc7 CMakeFiles/holtek.elf.dir/bsp/bsp_uart.c.obj
                0x20000e74                uart5_
 *fill*         0x20000f3b        0x1 
 .bss.uart5_index
                0x20000f3c        0x4 CMakeFiles/holtek.elf.dir/bsp/bsp_uart.c.obj
                0x20000f3c                uart5_index
 .bss.uart5_receive_flag
                0x20000f40        0x4 CMakeFiles/holtek.elf.dir/bsp/bsp_uart.c.obj
                0x20000f40                uart5_receive_flag
 .bss.avd_on    0x20000f44        0x1 CMakeFiles/holtek.elf.dir/bsp/motor_control.c.obj
                0x20000f44                avd_on
 *fill*         0x20000f45        0x3 
 .bss.motor     0x20000f48       0x18 CMakeFiles/holtek.elf.dir/bsp/motor_control.c.obj
                0x20000f48                motor
 .bss.motor_    0x20000f60       0x90 CMakeFiles/holtek.elf.dir/bsp/pid_.c.obj
                0x20000f60                motor_
 .bss.tracker_  0x20000ff0       0x48 CMakeFiles/holtek.elf.dir/bsp/pid_.c.obj
                0x20000ff0                tracker_
 .bss.gHuart    0x20001038        0x4 CMakeFiles/holtek.elf.dir/bsp/retarget.c.obj
                0x20001038                gHuart
 .bss.sys_time  0x2000103c        0x4 CMakeFiles/holtek.elf.dir/bsp/timer_it.c.obj
                0x2000103c                sys_time
 .bss.__lock___atexit_recursive_mutex
                0x20001040        0x1 d:/gcc-arm-none-eabi-10-2020-q4-major-win32/gcc-arm-none-eabi-10-2020-q4-major/bin/../lib/gcc/arm-none-eabi/10.2.1/../../../../arm-none-eabi/lib/thumb/v7-m/nofp\libg.a(lib_a-lock.o)
                0x20001040                __lock___atexit_recursive_mutex
 *fill*         0x20001041        0x3 
 .bss.__lock___malloc_recursive_mutex
                0x20001044        0x1 d:/gcc-arm-none-eabi-10-2020-q4-major-win32/gcc-arm-none-eabi-10-2020-q4-major/bin/../lib/gcc/arm-none-eabi/10.2.1/../../../../arm-none-eabi/lib/thumb/v7-m/nofp\libg.a(lib_a-lock.o)
                0x20001044                __lock___malloc_recursive_mutex
 *fill*         0x20001045        0x3 
 .bss.__lock___sfp_recursive_mutex
                0x20001048        0x1 d:/gcc-arm-none-eabi-10-2020-q4-major-win32/gcc-arm-none-eabi-10-2020-q4-major/bin/../lib/gcc/arm-none-eabi/10.2.1/../../../../arm-none-eabi/lib/thumb/v7-m/nofp\libg.a(lib_a-lock.o)
                0x20001048                __lock___sfp_recursive_mutex
 *fill*         0x20001049        0x3 
 .bss.__lock___sinit_recursive_mutex
                0x2000104c        0x1 d:/gcc-arm-none-eabi-10-2020-q4-major-win32/gcc-arm-none-eabi-10-2020-q4-major/bin/../lib/gcc/arm-none-eabi/10.2.1/../../../../arm-none-eabi/lib/thumb/v7-m/nofp\libg.a(lib_a-lock.o)
                0x2000104c                __lock___sinit_recursive_mutex
 *fill*         0x2000104d        0x3 
 .bss.__malloc_current_mallinfo
                0x20001050       0x28 d:/gcc-arm-none-eabi-10-2020-q4-major-win32/gcc-arm-none-eabi-10-2020-q4-major/bin/../lib/gcc/arm-none-eabi/10.2.1/../../../../arm-none-eabi/lib/thumb/v7-m/nofp\libg.a(lib_a-mallocr.o)
                0x20001050                __malloc_current_mallinfo
 .bss.__malloc_max_sbrked_mem
                0x20001078        0x4 d:/gcc-arm-none-eabi-10-2020-q4-major-win32/gcc-arm-none-eabi-10-2020-q4-major/bin/../lib/gcc/arm-none-eabi/10.2.1/../../../../arm-none-eabi/lib/thumb/v7-m/nofp\libg.a(lib_a-mallocr.o)
                0x20001078                __malloc_max_sbrked_mem
 .bss.__malloc_max_total_mem
                0x2000107c        0x4 d:/gcc-arm-none-eabi-10-2020-q4-major-win32/gcc-arm-none-eabi-10-2020-q4-major/bin/../lib/gcc/arm-none-eabi/10.2.1/../../../../arm-none-eabi/lib/thumb/v7-m/nofp\libg.a(lib_a-mallocr.o)
                0x2000107c                __malloc_max_total_mem
 .bss.__malloc_top_pad
                0x20001080        0x4 d:/gcc-arm-none-eabi-10-2020-q4-major-win32/gcc-arm-none-eabi-10-2020-q4-major/bin/../lib/gcc/arm-none-eabi/10.2.1/../../../../arm-none-eabi/lib/thumb/v7-m/nofp\libg.a(lib_a-mallocr.o)
                0x20001080                __malloc_top_pad
 .bss.errno     0x20001084        0x4 d:/gcc-arm-none-eabi-10-2020-q4-major-win32/gcc-arm-none-eabi-10-2020-q4-major/bin/../lib/gcc/arm-none-eabi/10.2.1/../../../../arm-none-eabi/lib/thumb/v7-m/nofp\libg.a(lib_a-reent.o)
                0x20001084                errno
 *(COMMON)
                0x20001088                . = ALIGN (0x4)
                0x20001088                _ebss = .
                0x20001088                __bss_end__ = _ebss

._user_heap_stack
                0x20001088      0x600 load address 0x0800b9dc
                0x20001088                . = ALIGN (0x8)
                0x20001088                PROVIDE (end = .)
                [!provide]                PROVIDE (_end = .)
                0x20001288                . = (. + _Min_Heap_Size)
 *fill*         0x20001088      0x200 
                0x20001688                . = (. + _Min_Stack_Size)
 *fill*         0x20001288      0x400 
                0x20001688                . = ALIGN (0x8)

/DISCARD/
 libc.a(*)
 libm.a(*)
 libgcc.a(*)

.ARM.attributes
                0x00000000       0x29
 *(.ARM.attributes)
 .ARM.attributes
                0x00000000       0x1d d:/gcc-arm-none-eabi-10-2020-q4-major-win32/gcc-arm-none-eabi-10-2020-q4-major/bin/../lib/gcc/arm-none-eabi/10.2.1/thumb/v7-m/nofp/crti.o
 .ARM.attributes
                0x0000001d       0x2d d:/gcc-arm-none-eabi-10-2020-q4-major-win32/gcc-arm-none-eabi-10-2020-q4-major/bin/../lib/gcc/arm-none-eabi/10.2.1/thumb/v7-m/nofp/crtbegin.o
 .ARM.attributes
                0x0000004a       0x2d CMakeFiles/holtek.elf.dir/Drivers/STM32F1xx_HAL_Driver/Src/stm32f1xx_hal.c.obj
 .ARM.attributes
                0x00000077       0x2d CMakeFiles/holtek.elf.dir/Drivers/STM32F1xx_HAL_Driver/Src/stm32f1xx_hal_adc.c.obj
 .ARM.attributes
                0x000000a4       0x2d CMakeFiles/holtek.elf.dir/Drivers/STM32F1xx_HAL_Driver/Src/stm32f1xx_hal_adc_ex.c.obj
 .ARM.attributes
                0x000000d1       0x2d CMakeFiles/holtek.elf.dir/Drivers/STM32F1xx_HAL_Driver/Src/stm32f1xx_hal_cortex.c.obj
 .ARM.attributes
                0x000000fe       0x2d CMakeFiles/holtek.elf.dir/Drivers/STM32F1xx_HAL_Driver/Src/stm32f1xx_hal_gpio.c.obj
 .ARM.attributes
                0x0000012b       0x2d CMakeFiles/holtek.elf.dir/Drivers/STM32F1xx_HAL_Driver/Src/stm32f1xx_hal_rcc.c.obj
 .ARM.attributes
                0x00000158       0x2d CMakeFiles/holtek.elf.dir/Drivers/STM32F1xx_HAL_Driver/Src/stm32f1xx_hal_rcc_ex.c.obj
 .ARM.attributes
                0x00000185       0x2d CMakeFiles/holtek.elf.dir/Drivers/STM32F1xx_HAL_Driver/Src/stm32f1xx_hal_tim.c.obj
 .ARM.attributes
                0x000001b2       0x2d CMakeFiles/holtek.elf.dir/Drivers/STM32F1xx_HAL_Driver/Src/stm32f1xx_hal_tim_ex.c.obj
 .ARM.attributes
                0x000001df       0x2d CMakeFiles/holtek.elf.dir/Drivers/STM32F1xx_HAL_Driver/Src/stm32f1xx_hal_uart.c.obj
 .ARM.attributes
                0x0000020c       0x2d CMakeFiles/holtek.elf.dir/Src/adc.c.obj
 .ARM.attributes
                0x00000239       0x2d CMakeFiles/holtek.elf.dir/Src/gpio.c.obj
 .ARM.attributes
                0x00000266       0x2d CMakeFiles/holtek.elf.dir/Src/main.c.obj
 .ARM.attributes
                0x00000293       0x2d CMakeFiles/holtek.elf.dir/Src/stm32f1xx_hal_msp.c.obj
 .ARM.attributes
                0x000002c0       0x2d CMakeFiles/holtek.elf.dir/Src/stm32f1xx_it.c.obj
 .ARM.attributes
                0x000002ed       0x2d CMakeFiles/holtek.elf.dir/Src/syscalls.c.obj
 .ARM.attributes
                0x0000031a       0x2d CMakeFiles/holtek.elf.dir/Src/system_stm32f1xx.c.obj
 .ARM.attributes
                0x00000347       0x2d CMakeFiles/holtek.elf.dir/Src/tim.c.obj
 .ARM.attributes
                0x00000374       0x2d CMakeFiles/holtek.elf.dir/Src/usart.c.obj
 .ARM.attributes
                0x000003a1       0x2d CMakeFiles/holtek.elf.dir/bsp/bsp_delay.c.obj
 .ARM.attributes
                0x000003ce       0x2d CMakeFiles/holtek.elf.dir/bsp/bsp_uart.c.obj
 .ARM.attributes
                0x000003fb       0x2d CMakeFiles/holtek.elf.dir/bsp/led.c.obj
 .ARM.attributes
                0x00000428       0x2d CMakeFiles/holtek.elf.dir/bsp/motor_control.c.obj
 .ARM.attributes
                0x00000455       0x2d CMakeFiles/holtek.elf.dir/bsp/my_led.c.obj
 .ARM.attributes
                0x00000482       0x2d CMakeFiles/holtek.elf.dir/bsp/pid_.c.obj
 .ARM.attributes
                0x000004af       0x2d CMakeFiles/holtek.elf.dir/bsp/retarget.c.obj
 .ARM.attributes
                0x000004dc       0x2d CMakeFiles/holtek.elf.dir/bsp/timer_it.c.obj
 .ARM.attributes
                0x00000509       0x21 CMakeFiles/holtek.elf.dir/startup/startup_stm32f103xe.s.obj
 .ARM.attributes
                0x0000052a       0x1d d:/gcc-arm-none-eabi-10-2020-q4-major-win32/gcc-arm-none-eabi-10-2020-q4-major/bin/../lib/gcc/arm-none-eabi/10.2.1/thumb/v7-m/nofp\libgcc.a(_arm_mulsf3.o)
 .ARM.attributes
                0x00000547       0x1d d:/gcc-arm-none-eabi-10-2020-q4-major-win32/gcc-arm-none-eabi-10-2020-q4-major/bin/../lib/gcc/arm-none-eabi/10.2.1/thumb/v7-m/nofp\libgcc.a(_arm_addsubdf3.o)
 .ARM.attributes
                0x00000564       0x1d d:/gcc-arm-none-eabi-10-2020-q4-major-win32/gcc-arm-none-eabi-10-2020-q4-major/bin/../lib/gcc/arm-none-eabi/10.2.1/thumb/v7-m/nofp\libgcc.a(_arm_addsubsf3.o)
 .ARM.attributes
                0x00000581       0x1d d:/gcc-arm-none-eabi-10-2020-q4-major-win32/gcc-arm-none-eabi-10-2020-q4-major/bin/../lib/gcc/arm-none-eabi/10.2.1/thumb/v7-m/nofp\libgcc.a(_arm_cmpsf2.o)
 .ARM.attributes
                0x0000059e       0x1d d:/gcc-arm-none-eabi-10-2020-q4-major-win32/gcc-arm-none-eabi-10-2020-q4-major/bin/../lib/gcc/arm-none-eabi/10.2.1/thumb/v7-m/nofp\libgcc.a(_arm_fixsfsi.o)
 .ARM.attributes
                0x000005bb       0x2d d:/gcc-arm-none-eabi-10-2020-q4-major-win32/gcc-arm-none-eabi-10-2020-q4-major/bin/../lib/gcc/arm-none-eabi/10.2.1/../../../../arm-none-eabi/lib/thumb/v7-m/nofp\libg.a(lib_a-errno.o)
 .ARM.attributes
                0x000005e8       0x2d d:/gcc-arm-none-eabi-10-2020-q4-major-win32/gcc-arm-none-eabi-10-2020-q4-major/bin/../lib/gcc/arm-none-eabi/10.2.1/../../../../arm-none-eabi/lib/thumb/v7-m/nofp\libg.a(lib_a-impure.o)
 .ARM.attributes
                0x00000615       0x2d d:/gcc-arm-none-eabi-10-2020-q4-major-win32/gcc-arm-none-eabi-10-2020-q4-major/bin/../lib/gcc/arm-none-eabi/10.2.1/../../../../arm-none-eabi/lib/thumb/v7-m/nofp\libg.a(lib_a-init.o)
 .ARM.attributes
                0x00000642       0x2d d:/gcc-arm-none-eabi-10-2020-q4-major-win32/gcc-arm-none-eabi-10-2020-q4-major/bin/../lib/gcc/arm-none-eabi/10.2.1/../../../../arm-none-eabi/lib/thumb/v7-m/nofp\libg.a(lib_a-memset.o)
 .ARM.attributes
                0x0000066f       0x2d d:/gcc-arm-none-eabi-10-2020-q4-major-win32/gcc-arm-none-eabi-10-2020-q4-major/bin/../lib/gcc/arm-none-eabi/10.2.1/../../../../arm-none-eabi/lib/thumb/v7-m/nofp\libg.a(lib_a-printf.o)
 .ARM.attributes
                0x0000069c       0x2d d:/gcc-arm-none-eabi-10-2020-q4-major-win32/gcc-arm-none-eabi-10-2020-q4-major/bin/../lib/gcc/arm-none-eabi/10.2.1/../../../../arm-none-eabi/lib/thumb/v7-m/nofp\libg.a(lib_a-setvbuf.o)
 .ARM.attributes
                0x000006c9       0x2d d:/gcc-arm-none-eabi-10-2020-q4-major-win32/gcc-arm-none-eabi-10-2020-q4-major/bin/../lib/gcc/arm-none-eabi/10.2.1/../../../../arm-none-eabi/lib/thumb/v7-m/nofp\libg.a(lib_a-vfprintf.o)
 .ARM.attributes
                0x000006f6       0x2d d:/gcc-arm-none-eabi-10-2020-q4-major-win32/gcc-arm-none-eabi-10-2020-q4-major/bin/../lib/gcc/arm-none-eabi/10.2.1/../../../../arm-none-eabi/lib/thumb/v7-m/nofp\libg.a(lib_a-wsetup.o)
 .ARM.attributes
                0x00000723       0x2d d:/gcc-arm-none-eabi-10-2020-q4-major-win32/gcc-arm-none-eabi-10-2020-q4-major/bin/../lib/gcc/arm-none-eabi/10.2.1/../../../../arm-none-eabi/lib/thumb/v7-m/nofp\libg.a(lib_a-__call_atexit.o)
 .ARM.attributes
                0x00000750       0x2d d:/gcc-arm-none-eabi-10-2020-q4-major-win32/gcc-arm-none-eabi-10-2020-q4-major/bin/../lib/gcc/arm-none-eabi/10.2.1/../../../../arm-none-eabi/lib/thumb/v7-m/nofp\libg.a(lib_a-atexit.o)
 .ARM.attributes
                0x0000077d       0x2d d:/gcc-arm-none-eabi-10-2020-q4-major-win32/gcc-arm-none-eabi-10-2020-q4-major/bin/../lib/gcc/arm-none-eabi/10.2.1/../../../../arm-none-eabi/lib/thumb/v7-m/nofp\libg.a(lib_a-dtoa.o)
 .ARM.attributes
                0x000007aa       0x2d d:/gcc-arm-none-eabi-10-2020-q4-major-win32/gcc-arm-none-eabi-10-2020-q4-major/bin/../lib/gcc/arm-none-eabi/10.2.1/../../../../arm-none-eabi/lib/thumb/v7-m/nofp\libg.a(lib_a-fflush.o)
 .ARM.attributes
                0x000007d7       0x2d d:/gcc-arm-none-eabi-10-2020-q4-major-win32/gcc-arm-none-eabi-10-2020-q4-major/bin/../lib/gcc/arm-none-eabi/10.2.1/../../../../arm-none-eabi/lib/thumb/v7-m/nofp\libg.a(lib_a-findfp.o)
 .ARM.attributes
                0x00000804       0x2d d:/gcc-arm-none-eabi-10-2020-q4-major-win32/gcc-arm-none-eabi-10-2020-q4-major/bin/../lib/gcc/arm-none-eabi/10.2.1/../../../../arm-none-eabi/lib/thumb/v7-m/nofp\libg.a(lib_a-fini.o)
 .ARM.attributes
                0x00000831       0x2d d:/gcc-arm-none-eabi-10-2020-q4-major-win32/gcc-arm-none-eabi-10-2020-q4-major/bin/../lib/gcc/arm-none-eabi/10.2.1/../../../../arm-none-eabi/lib/thumb/v7-m/nofp\libg.a(lib_a-freer.o)
 .ARM.attributes
                0x0000085e       0x2d d:/gcc-arm-none-eabi-10-2020-q4-major-win32/gcc-arm-none-eabi-10-2020-q4-major/bin/../lib/gcc/arm-none-eabi/10.2.1/../../../../arm-none-eabi/lib/thumb/v7-m/nofp\libg.a(lib_a-fwalk.o)
 .ARM.attributes
                0x0000088b       0x2d d:/gcc-arm-none-eabi-10-2020-q4-major-win32/gcc-arm-none-eabi-10-2020-q4-major/bin/../lib/gcc/arm-none-eabi/10.2.1/../../../../arm-none-eabi/lib/thumb/v7-m/nofp\libg.a(lib_a-localeconv.o)
 .ARM.attributes
                0x000008b8       0x2d d:/gcc-arm-none-eabi-10-2020-q4-major-win32/gcc-arm-none-eabi-10-2020-q4-major/bin/../lib/gcc/arm-none-eabi/10.2.1/../../../../arm-none-eabi/lib/thumb/v7-m/nofp\libg.a(lib_a-lock.o)
 .ARM.attributes
                0x000008e5       0x2d d:/gcc-arm-none-eabi-10-2020-q4-major-win32/gcc-arm-none-eabi-10-2020-q4-major/bin/../lib/gcc/arm-none-eabi/10.2.1/../../../../arm-none-eabi/lib/thumb/v7-m/nofp\libg.a(lib_a-makebuf.o)
 .ARM.attributes
                0x00000912       0x2d d:/gcc-arm-none-eabi-10-2020-q4-major-win32/gcc-arm-none-eabi-10-2020-q4-major/bin/../lib/gcc/arm-none-eabi/10.2.1/../../../../arm-none-eabi/lib/thumb/v7-m/nofp\libg.a(lib_a-malloc.o)
 .ARM.attributes
                0x0000093f       0x2d d:/gcc-arm-none-eabi-10-2020-q4-major-win32/gcc-arm-none-eabi-10-2020-q4-major/bin/../lib/gcc/arm-none-eabi/10.2.1/../../../../arm-none-eabi/lib/thumb/v7-m/nofp\libg.a(lib_a-mallocr.o)
 .ARM.attributes
                0x0000096c       0x2d d:/gcc-arm-none-eabi-10-2020-q4-major-win32/gcc-arm-none-eabi-10-2020-q4-major/bin/../lib/gcc/arm-none-eabi/10.2.1/../../../../arm-none-eabi/lib/thumb/v7-m/nofp\libg.a(lib_a-memchr-stub.o)
 .ARM.attributes
                0x00000999       0x1b d:/gcc-arm-none-eabi-10-2020-q4-major-win32/gcc-arm-none-eabi-10-2020-q4-major/bin/../lib/gcc/arm-none-eabi/10.2.1/../../../../arm-none-eabi/lib/thumb/v7-m/nofp\libg.a(lib_a-memcpy.o)
 .ARM.attributes
                0x000009b4       0x2d d:/gcc-arm-none-eabi-10-2020-q4-major-win32/gcc-arm-none-eabi-10-2020-q4-major/bin/../lib/gcc/arm-none-eabi/10.2.1/../../../../arm-none-eabi/lib/thumb/v7-m/nofp\libg.a(lib_a-mlock.o)
 .ARM.attributes